Component: ARM Compiler 5.06 update 5 (build 528) Tool: armlink [4d35e2]

==============================================================================

Section Cross References

    glist.o(i.gIsNodeInList) refers to glist.o(i.gListCount) for gListCount
    glist.o(i.gListNodeRemove) refers to glist.o(i.gNodeInit) for gNodeInit
    glist.o(i.gListRemoveAll) refers to glist.o(i.gNodeInit) for gNodeInit
    glist.o(i.gListRemoveAll) refers to glist.o(i.gListInit) for gListInit
    gtimer.o(i.GTimerLoop) refers to gtimer.o(i.gentercritical) for gentercritical
    gtimer.o(i.GTimerLoop) refers to gtimer.o(i.gleavecritical) for gleavecritical
    gtimer.o(i.GTimerLoop) refers to gtimer.o(i.GTimerStop) for GTimerStop
    gtimer.o(i.GTimerLoop) refers to gtimer.o(.bss) for timerlist
    gtimer.o(i.GTimerLoop) refers to gtimer.o(.data) for timerticks
    gtimer.o(i.GTimerNodeCreate) refers to h1_alloc.o(.text) for malloc
    gtimer.o(i.GTimerNodeCreate) refers to glist.o(i.gNodeInit) for gNodeInit
    gtimer.o(i.GTimerNodeCreate) refers to gtimer.o(i.gentercritical) for gentercritical
    gtimer.o(i.GTimerNodeCreate) refers to gtimer.o(i.gleavecritical) for gleavecritical
    gtimer.o(i.GTimerNodeCreate) refers to gtimer.o(.data) for timerticks
    gtimer.o(i.GTimerNodeDestroy) refers to glist.o(i.gIsNodeInList) for gIsNodeInList
    gtimer.o(i.GTimerNodeDestroy) refers to gtimer.o(i.GTimerStop) for GTimerStop
    gtimer.o(i.GTimerNodeDestroy) refers to h1_free.o(.text) for free
    gtimer.o(i.GTimerNodeDestroy) refers to gtimer.o(.bss) for timerlist
    gtimer.o(i.GTimerNodeInit) refers to glist.o(i.gNodeInit) for gNodeInit
    gtimer.o(i.GTimerNodeInit) refers to gtimer.o(i.GTimerStop) for GTimerStop
    gtimer.o(i.GTimerNodeInit) refers to gtimer.o(i.gentercritical) for gentercritical
    gtimer.o(i.GTimerNodeInit) refers to gtimer.o(i.gleavecritical) for gleavecritical
    gtimer.o(i.GTimerNodeInit) refers to gtimer.o(.data) for timerticks
    gtimer.o(i.GTimerStart) refers to glist.o(i.gIsNodeInList) for gIsNodeInList
    gtimer.o(i.GTimerStart) refers to glist.o(i.gListAddLast) for gListAddLast
    gtimer.o(i.GTimerStart) refers to gtimer.o(.bss) for timerlist
    gtimer.o(i.GTimerStop) refers to glist.o(i.gIsNodeInList) for gIsNodeInList
    gtimer.o(i.GTimerStop) refers to glist.o(i.gListNodeRemove) for gListNodeRemove
    gtimer.o(i.GTimerStop) refers to gtimer.o(.bss) for timerlist
    gtimer.o(i.InitTimerlist) refers to glist.o(i.gListInit) for gListInit
    gtimer.o(i.InitTimerlist) refers to gtimer.o(.bss) for timerlist
    gtimer.o(i.delay_nms) refers to gtimer.o(i.gentercritical) for gentercritical
    gtimer.o(i.delay_nms) refers to gtimer.o(i.gleavecritical) for gleavecritical
    gtimer.o(i.delay_nms) refers to gtimer.o(.data) for timerticks
    gpipe.o(i.GFIFOCreate) refers to h1_alloc.o(.text) for malloc
    gpipe.o(i.GFIFOCreate) refers to h1_free.o(.text) for free
    gpipe.o(i.GFIFODestroy) refers to h1_free.o(.text) for free
    gpipe.o(i.GFIFOPopCnt) refers to gpipe.o(i.GFIFOGetUsed) for GFIFOGetUsed
    gpipe.o(i.GFIFOPopCnt) refers to gpipe.o(i.GFIFOPop) for GFIFOPop
    gpipe.o(i.gfifostrncmp) refers to gpipe.o(i.GFIFOPush) for GFIFOPush
    gpipe.o(i.gfifostrncmp) refers to gpipe.o(i.glstrncmp) for glstrncmp
    gpipe.o(i.gfifostrncmp) refers to gpipe.o(i.GFIFOIsFull) for GFIFOIsFull
    gpipe.o(i.gfifostrncmp) refers to gpipe.o(i.GFIFOPop) for GFIFOPop
    retarget.o(.rev16_text) refers (Special) to use_no_semi.o(.text) for __use_no_semihosting_swi
    retarget.o(.revsh_text) refers (Special) to use_no_semi.o(.text) for __use_no_semihosting_swi
    retarget.o(.rrx_text) refers (Special) to use_no_semi.o(.text) for __use_no_semihosting_swi
    retarget.o(i._sys_exit) refers (Special) to use_no_semi.o(.text) for __use_no_semihosting_swi
    retarget.o(i._ttywrch) refers (Special) to use_no_semi.o(.text) for __use_no_semihosting_swi
    retarget.o(i._ttywrch) refers to gusart.o(i.sendchar) for sendchar
    retarget.o(i.ferror) refers (Special) to use_no_semi.o(.text) for __use_no_semihosting_swi
    retarget.o(i.fgetc) refers (Special) to use_no_semi.o(.text) for __use_no_semihosting_swi
    retarget.o(i.fgetc) refers to gusart.o(i.getkey) for getkey
    retarget.o(i.fgetc) refers to gusart.o(i.sendchar) for sendchar
    retarget.o(i.fputc) refers (Special) to use_no_semi.o(.text) for __use_no_semihosting_swi
    retarget.o(i.fputc) refers to gusart.o(i.sendchar) for sendchar
    retarget.o(.data) refers (Special) to use_no_semi.o(.text) for __use_no_semihosting_swi
    gevent.o(i.ProcessManagerTask) refers to gevent.o(.data) for SysTaskFlag
    gevent.o(i.SysRun) refers to gevent.o(i.ProcessManagerTask) for ProcessManagerTask
    gevent.o(i.SysRun) refers to gevent.o(i.gidle) for gidle
    gevent.o(i.SysRun) refers to gevent.o(.data) for SysTaskFlag
    gevent.o(.data) refers to gfreezeusertask.o(i.HAL_GSMRX_EVENT) for HAL_GSMRX_EVENT
[...]
    ../clib/armsys.c                         0x00000000   Number         0  argv_veneer.o ABSOLUTE
    ../clib/armsys.c                         0x00000000   Number         0  no_argv.o ABSOLUTE
    ../clib/armsys.c                         0x00000000   Number         0  argv_veneer.o ABSOLUTE
    ../clib/armsys.c                         0x00000000   Number         0  _get_argv_nomalloc.o ABSOLUTE
    ../clib/armsys.c                         0x00000000   Number         0  _get_argv.o ABSOLUTE
    ../clib/bigflt.c                         0x00000000   Number         0  bigflt0.o ABSOLUTE
    ../clib/btod.s                           0x00000000   Number         0  btod.o ABSOLUTE
    ../clib/ctype.c                          0x00000000   Number         0  tolower.o ABSOLUTE
    ../clib/fenv.c                           0x00000000   Number         0  _rserrno.o ABSOLUTE
    ../clib/heap1.c                          0x00000000   Number         0  h1_final_mt.o ABSOLUTE
    ../clib/heap1.c                          0x00000000   Number         0  h1_init.o ABSOLUTE
    ../clib/heap1.c                          0x00000000   Number         0  h1_init_mt.o ABSOLUTE
    ../clib/heap1.c                          0x00000000   Number         0  h1_final.o ABSOLUTE
    ../clib/heap1.c                          0x00000000   Number         0  h1_extend.o ABSOLUTE
    ../clib/heap1.c                          0x00000000   Number         0  h1_extend_mt.o ABSOLUTE
    ../clib/heap1.c                          0x00000000   Number         0  h1_free_mt.o ABSOLUTE
    ../clib/heap1.c                          0x00000000   Number         0  h1_alloc_mt.o ABSOLUTE
    ../clib/heap1.c                          0x00000000   Number         0  h1_free.o ABSOLUTE
    ../clib/heap1.c                          0x00000000   Number         0  h1_alloc.o ABSOLUTE
    ../clib/heap2.c                          0x00000000   Number         0  heap2mt.o ABSOLUTE
    ../clib/heap2.c                          0x00000000   Number         0  heap2.o ABSOLUTE
    ../clib/heap2.c                          0x00000000   Number         0  fdtree.o ABSOLUTE
    ../clib/heapalloc.c                      0x00000000   Number         0  heapstubs.o ABSOLUTE
    ../clib/heapalloc.c                      0x00000000   Number         0  maybetermalloc2.o ABSOLUTE
    ../clib/heapalloc.c                      0x00000000   Number         0  term_alloc.o ABSOLUTE
    ../clib/heapalloc.c                      0x00000000   Number         0  init_alloc.o ABSOLUTE
    ../clib/heapalloc.c                      0x00000000   Number         0  hguard.o ABSOLUTE
    ../clib/heapalloc.c                      0x00000000   Number         0  free.o ABSOLUTE
    ../clib/heapalloc.c                      0x00000000   Number         0  malloc.o ABSOLUTE
    ../clib/heapalloc.c                      0x00000000   Number         0  maybetermalloc1.o ABSOLUTE
    ../clib/heapalloc.c                      0x00000000   Number         0  maybetermalloc1.o ABSOLUTE
    ../clib/heapalloc.c                      0x00000000   Number         0  hrguard.o ABSOLUTE
    ../clib/heapalloc.c                      0x00000000   Number         0  maybetermalloc2.o ABSOLUTE
    ../clib/heapaux.c                        0x00000000   Number         0  heapauxa.o ABSOLUTE
    ../clib/heapaux.c                        0x00000000   Number         0  heapauxi.o ABSOLUTE
    ../clib/libinit.s                        0x00000000   Number         0  libinit2.o ABSOLUTE
    ../clib/libinit.s                        0x00000000   Number         0  libshutdown.o ABSOLUTE
    ../clib/libinit.s                        0x00000000   Number         0  libshutdown2.o ABSOLUTE
    ../clib/libinit.s                        0x00000000   Number         0  libinit.o ABSOLUTE
    ../clib/locale.s                         0x00000000   Number         0  lc_numeric_c.o ABSOLUTE
    ../clib/locale.s                         0x00000000   Number         0  lc_ctype_c.o ABSOLUTE
    ../clib/longlong.s                       0x00000000   Number         0  lludiv10.o ABSOLUTE
    ../clib/memcpset.s                       0x00000000   Number         0  strcmpv7m.o ABSOLUTE
    ../clib/memcpset.s                       0x00000000   Number         0  rt_memcpy_w.o ABSOLUTE
    ../clib/memcpset.s                       0x00000000   Number         0  rt_memclr_w.o ABSOLUTE
    ../clib/memcpset.s                       0x00000000   Number         0  rt_memcpy_v6.o ABSOLUTE
    ../clib/misc.s                           0x00000000   Number         0  printf_stubs.o ABSOLUTE
    ../clib/printf.c                         0x00000000   Number         0  _printf_char_common.o ABSOLUTE
    ../clib/printf.c                         0x00000000   Number         0  _printf_fp_dec.o ABSOLUTE
    ../clib/printf.c                         0x00000000   Number         0  _printf_intcommon.o ABSOLUTE
    ../clib/printf.c                         0x00000000   Number         0  __printf_wp.o ABSOLUTE
    ../clib/printf.c                         0x00000000   Number         0  _printf_hex_ll.o ABSOLUTE
    ../clib/printf.c                         0x00000000   Number         0  __printf_flags_wp.o ABSOLUTE
    ../clib/printf.c                         0x00000000   Number         0  __printf_ss_wp.o ABSOLUTE
    ../clib/printf.c                         0x00000000   Number         0  __printf_flags_ss_wp.o ABSOLUTE
    ../clib/printf.c                         0x00000000   Number         0  __printf_nopercent.o ABSOLUTE
    ../clib/printf.c                         0x00000000   Number         0  _printf_fp_infnan.o ABSOLUTE
    ../clib/printf.c                         0x00000000   Number         0  _printf_hex_int_ll_ptr.o ABSOLUTE
    ../clib/printf.c                         0x00000000   Number         0  __2sprintf.o ABSOLUTE
    ../clib/printf.c                         0x00000000   Number         0  noretval__2sprintf.o ABSOLUTE
    ../clib/printf.c                         0x00000000   Number         0  __printf.o ABSOLUTE
    ../clib/printf.c                         0x00000000   Number         0  _printf_pad.o ABSOLUTE
    ../clib/printf.c                         0x00000000   Number         0  _printf_dec.o ABSOLUTE
    ../clib/printf.c                         0x00000000   Number         0  _printf_hex_int.o ABSOLUTE
    ../clib/printf.c                         0x00000000   Number         0  _printf_hex_int_ll.o ABSOLUTE
    ../clib/printf.c                         0x00000000   Number         0  _printf_hex_ptr.o ABSOLUTE
    ../clib/printf.c                         0x00000000   Number         0  _printf_hex_int_ptr.o ABSOLUTE
    ../clib/printf.c                         0x00000000   Number         0  _printf_hex_ll_ptr.o ABSOLUTE
    ../clib/printf.c                         0x00000000   Number         0  __printf_flags.o ABSOLUTE
    ../clib/printf.c                         0x00000000   Number         0  __printf_ss.o ABSOLUTE
    ../clib/printf.c                         0x00000000   Number         0  __printf_flags_ss.o ABSOLUTE
    ../clib/printf.c                         0x00000000   Number         0  _sputc.o ABSOLUTE
    ../clib/printf_percent.s                 0x00000000   Number         0  _printf_percent_end.o ABSOLUTE
    ../clib/printf_percent.s                 0x00000000   Number         0  _printf_x.o ABSOLUTE
    ../clib/printf_percent.s                 0x00000000   Number         0  _printf_d.o ABSOLUTE
    ../clib/printf_percent.s                 0x00000000   Number         0  _printf_f.o ABSOLUTE
    ../clib/printf_percent.s                 0x00000000   Number         0  _printf_e.o ABSOLUTE
    ../clib/printf_percent.s                 0x00000000   Number         0  _printf_percent.o ABSOLUTE
    ../clib/signal.c                         0x00000000   Number         0  defsig_general.o ABSOLUTE
    ../clib/signal.c                         0x00000000   Number         0  defsig_fpe_inner.o ABSOLUTE
    ../clib/signal.c                         0x00000000   Number         0  defsig_rtmem_outer.o ABSOLUTE
    ../clib/signal.c                         0x00000000   Number         0  defsig_rtred_inner.o ABSOLUTE
    ../clib/signal.c                         0x00000000   Number         0  defsig_stak_inner.o ABSOLUTE
    ../clib/signal.c                         0x00000000   Number         0  defsig_cppl_inner.o ABSOLUTE
    ../clib/signal.c                         0x00000000   Number         0  defsig_rtmem_inner.o ABSOLUTE
    ../clib/signal.c                         0x00000000   Number         0  defsig_exit.o ABSOLUTE
    ../clib/signal.c                         0x00000000   Number         0  defsig_rtmem_formal.o ABSOLUTE
    ../clib/signal.c                         0x00000000   Number         0  defsig_pvfn_inner.o ABSOLUTE
    ../clib/signal.c                         0x00000000   Number         0  defsig_other.o ABSOLUTE
    ../clib/signal.c                         0x00000000   Number         0  defsig_abrt_inner.o ABSOLUTE
    ../clib/signal.c                         0x00000000   Number         0  defsig_segv_inner.o ABSOLUTE
    ../clib/signal.c                         0x00000000   Number         0  __raise.o ABSOLUTE
    ../clib/signal.s                         0x00000000   Number         0  defsig.o ABSOLUTE
    ../clib/stdlib.c                         0x00000000   Number         0  exit.o ABSOLUTE
    ../clib/string.c                         0x00000000   Number         0  strcpy.o ABSOLUTE
    ../clib/string.c                         0x00000000   Number         0  strchr.o ABSOLUTE
    ../clib/string.c                         0x00000000   Number         0  strncmp.o ABSOLUTE
    ../clib/string.c                         0x00000000   Number         0  strlen.o ABSOLUTE
    ../fplib/daddsub.s                       0x00000000   Number         0  daddsub_clz.o ABSOLUTE
    ../fplib/dcheck1.s                       0x00000000   Number         0  dcheck1.o ABSOLUTE
    ../fplib/dcmpi.s                         0x00000000   Number         0  dcmpi.o ABSOLUTE
    ../fplib/ddiv.s                          0x00000000   Number         0  ddiv.o ABSOLUTE
    ../fplib/deqf.s                          0x00000000   Number         0  deqf.o ABSOLUTE
    ../fplib/dfix.s                          0x00000000   Number         0  dfix.o ABSOLUTE
    ../fplib/dflt.s                          0x00000000   Number         0  dflt_clz.o ABSOLUTE
    ../fplib/dleqf.s                         0x00000000   Number         0  dleqf.o ABSOLUTE
    ../fplib/dmul.s                          0x00000000   Number         0  dmul.o ABSOLUTE
    ../fplib/dnaninf.s                       0x00000000   Number         0  dnaninf.o ABSOLUTE
    ../fplib/dretinf.s                       0x00000000   Number         0  dretinf.o ABSOLUTE
    ../fplib/drleqf.s                        0x00000000   Number         0  drleqf.o ABSOLUTE
    ../fplib/dsqrt.s                         0x00000000   Number         0  dsqrt_noumaal.o ABSOLUTE
    ../fplib/f2d.s                           0x00000000   Number         0  f2d.o ABSOLUTE
    ../fplib/fnaninf.s                       0x00000000   Number         0  fnaninf.o ABSOLUTE
    ../fplib/fpinit.s                        0x00000000   Number         0  fpinit.o ABSOLUTE
    ../fplib/istatus.s                       0x00000000   Number         0  istatus.o ABSOLUTE
    ../fplib/printf1.s                       0x00000000   Number         0  printf1.o ABSOLUTE
    ../fplib/retnan.s                        0x00000000   Number         0  retnan.o ABSOLUTE
    ../fplib/scalbn.s                        0x00000000   Number         0  scalbn.o ABSOLUTE
    ../fplib/trapv.s                         0x00000000   Number         0  trapv.o ABSOLUTE
    ../fplib/usenofp.s                       0x00000000   Number         0  usenofp.o ABSOLUTE
    ../mathlib/dunder.c                      0x00000000   Number         0  dunder.o ABSOLUTE
    ../mathlib/floor.c                       0x00000000   Number         0  floor.o ABSOLUTE
    ../mathlib/fpclassify.c                  0x00000000   Number         0  fpclassify.o ABSOLUTE
    ../mathlib/poly.c                        0x00000000   Number         0  poly.o ABSOLUTE
    ../mathlib/pow.c                         0x00000000   Number         0  pow_x.o ABSOLUTE
    ../mathlib/pow.c                         0x00000000   Number         0  pow.o ABSOLUTE
    ../mathlib/qnan.c                        0x00000000   Number         0  qnan.o ABSOLUTE
    ../mathlib/sqrt.c                        0x00000000   Number         0  sqrt.o ABSOLUTE
    ../mathlib/sqrt.c                        0x00000000   Number         0  sqrt_x.o ABSOLUTE
    ..\\procode\\bsp\\gadc.c                 0x00000000   Number         0  gadc.o ABSOLUTE
    ..\\procode\\bsp\\gbsp.c                 0x00000000   Number         0  gbsp.o ABSOLUTE
    ..\\procode\\bsp\\gtimer.c               0x00000000   Number         0  gtimer_1.o ABSOLUTE
    ..\\procode\\bsp\\gusart.c               0x00000000   Number         0  gusart.o ABSOLUTE
    ..\\procode\\gos\\gevent.c               0x00000000   Number         0  gevent.o ABSOLUTE
    ..\\procode\\gos\\glist.c                0x00000000   Number         0  glist.o ABSOLUTE
    ..\\procode\\gos\\gpipe.c                0x00000000   Number         0  gpipe.o ABSOLUTE
    ..\\procode\\gos\\gtimer.c               0x00000000   Number         0  gtimer.o ABSOLUTE
    ..\\procode\\gos\\gutility.c             0x00000000   Number         0  gutility.o ABSOLUTE
    ..\\procode\\gos\\retarget.c             0x00000000   Number         0  retarget.o ABSOLUTE
    ..\\procode\\mid\\glcd.c                 0x00000000   Number         0  glcd.o ABSOLUTE
    ..\\procode\\user\\gFreezeUsertask.c     0x00000000   Number         0  gfreezeusertask.o ABSOLUTE
    ..\\procode\\user\\gboot.c               0x00000000   Number         0  gboot.o ABSOLUTE
    ..\\procode\\user\\gmain.c               0x00000000   Number         0  gmain.o ABSOLUTE
    ..\\procode\\user\\stm32f10x_it.c        0x00000000   Number         0  stm32f10x_it.o ABSOLUTE
    ..\\procode\\user\\system_stm32f10x.c    0x00000000   Number         0  system_stm32f10x.o ABSOLUTE
    ..\procode\bsp\gadc.c                    0x00000000   Number         0  gadc.o ABSOLUTE
    ..\procode\bsp\gbsp.c                    0x00000000   Number         0  gbsp.o ABSOLUTE
    ..\procode\bsp\gtimer.c                  0x00000000   Number         0  gtimer_1.o ABSOLUTE
    ..\procode\bsp\gusart.c                  0x00000000   Number         0  gusart.o ABSOLUTE
    ..\procode\gos\gevent.c                  0x00000000   Number         0  gevent.o ABSOLUTE
    ..\procode\gos\glist.c                   0x00000000   Number         0  glist.o ABSOLUTE
    ..\procode\gos\gpipe.c                   0x00000000   Number         0  gpipe.o ABSOLUTE
    ..\procode\gos\gtimer.c                  0x00000000   Number         0  gtimer.o ABSOLUTE
    ..\procode\gos\gutility.c                0x00000000   Number         0  gutility.o ABSOLUTE
    ..\procode\gos\retarget.c                0x00000000   Number         0  retarget.o ABSOLUTE
    ..\procode\mid\cJSON.c                   0x00000000   Number         0  cjson.o ABSOLUTE
    ..\procode\mid\glcd.c                    0x00000000   Number         0  glcd.o ABSOLUTE
    ..\procode\user\gFreezeUsertask.c        0x00000000   Number         0  gfreezeusertask.o ABSOLUTE
    ..\procode\user\gboot.c                  0x00000000   Number         0  gboot.o ABSOLUTE
    ..\procode\user\girq.s                   0x00000000   Number         0  girq.o ABSOLUTE
    ..\procode\user\gmain.c                  0x00000000   Number         0  gmain.o ABSOLUTE
    ..\procode\user\stm32f10x_it.c           0x00000000   Number         0  stm32f10x_it.o ABSOLUTE
    ..\procode\user\system_stm32f10x.c       0x00000000   Number         0  system_stm32f10x.o ABSOLUTE
    D:\Program Files (x86)\Keil_v5\ARM\PACK\Keil\STM32F1xx_DFP\2.3.0\Device\StdPeriph_Driver\src\misc.c 0x00000000   Number         0  misc.o ABSOLUTE
    D:\Program Files (x86)\Keil_v5\ARM\PACK\Keil\STM32F1xx_DFP\2.3.0\Device\StdPeriph_Driver\src\stm32f10x_adc.c 0x00000000   Number         0  stm32f10x_adc.o ABSOLUTE
    D:\Program Files (x86)\Keil_v5\ARM\PACK\Keil\STM32F1xx_DFP\2.3.0\Device\StdPeriph_Driver\src\stm32f10x_dma.c 0x00000000   Number         0  stm32f10x_dma.o ABSOLUTE
    D:\Program Files (x86)\Keil_v5\ARM\PACK\Keil\STM32F1xx_DFP\2.3.0\Device\StdPeriph_Driver\src\stm32f10x_exti.c 0x00000000   Number         0  stm32f10x_exti.o ABSOLUTE
    D:\Program Files (x86)\Keil_v5\ARM\PACK\Keil\STM32F1xx_DFP\2.3.0\Device\StdPeriph_Driver\src\stm32f10x_flash.c 0x00000000   Number         0  stm32f10x_flash.o ABSOLUTE
    D:\Program Files (x86)\Keil_v5\ARM\PACK\Keil\STM32F1xx_DFP\2.3.0\Device\StdPeriph_Driver\src\stm32f10x_gpio.c 0x00000000   Number         0  stm32f10x_gpio.o ABSOLUTE
    D:\Program Files (x86)\Keil_v5\ARM\PACK\Keil\STM32F1xx_DFP\2.3.0\Device\StdPeriph_Driver\src\stm32f10x_rcc.c 0x00000000   Number         0  stm32f10x_rcc.o ABSOLUTE
    D:\Program Files (x86)\Keil_v5\ARM\PACK\Keil\STM32F1xx_DFP\2.3.0\Device\StdPeriph_Driver\src\stm32f10x_tim.c 0x00000000   Number         0  stm32f10x_tim.o ABSOLUTE
    D:\Program Files (x86)\Keil_v5\ARM\PACK\Keil\STM32F1xx_DFP\2.3.0\Device\StdPeriph_Driver\src\stm32f10x_usart.c 0x00000000   Number         0  stm32f10x_usart.o ABSOLUTE
    D:\\Program Files (x86)\\Keil_v5\\ARM\\PACK\\Keil\\STM32F1xx_DFP\\2.3.0\\Device\\StdPeriph_Driver\\src\\misc.c 0x00000000   Number         0  misc.o ABSOLUTE
    D:\\Program Files (x86)\\Keil_v5\\ARM\\PACK\\Keil\\STM32F1xx_DFP\\2.3.0\\Device\\StdPeriph_Driver\\src\\stm32f10x_adc.c 0x00000000   Number         0  stm32f10x_adc.o ABSOLUTE
    D:\\Program Files (x86)\\Keil_v5\\ARM\\PACK\\Keil\\STM32F1xx_DFP\\2.3.0\\Device\\StdPeriph_Driver\\src\\stm32f10x_dma.c 0x00000000   Number         0  stm32f10x_dma.o ABSOLUTE
    D:\\Program Files (x86)\\Keil_v5\\ARM\\PACK\\Keil\\STM32F1xx_DFP\\2.3.0\\Device\\StdPeriph_Driver\\src\\stm32f10x_exti.c 0x00000000   Number         0  stm32f10x_exti.o ABSOLUTE
    D:\\Program Files (x86)\\Keil_v5\\ARM\\PACK\\Keil\\STM32F1xx_DFP\\2.3.0\\Device\\StdPeriph_Driver\\src\\stm32f10x_flash.c 0x00000000   Number         0  stm32f10x_flash.o ABSOLUTE
    D:\\Program Files (x86)\\Keil_v5\\ARM\\PACK\\Keil\\STM32F1xx_DFP\\2.3.0\\Device\\StdPeriph_Driver\\src\\stm32f10x_gpio.c 0x00000000   Number         0  stm32f10x_gpio.o ABSOLUTE
    D:\\Program Files (x86)\\Keil_v5\\ARM\\PACK\\Keil\\STM32F1xx_DFP\\2.3.0\\Device\\StdPeriph_Driver\\src\\stm32f10x_rcc.c 0x00000000   Number         0  stm32f10x_rcc.o ABSOLUTE
    D:\\Program Files (x86)\\Keil_v5\\ARM\\PACK\\Keil\\STM32F1xx_DFP\\2.3.0\\Device\\StdPeriph_Driver\\src\\stm32f10x_tim.c 0x00000000   Number         0  stm32f10x_tim.o ABSOLUTE
    D:\\Program Files (x86)\\Keil_v5\\ARM\\PACK\\Keil\\STM32F1xx_DFP\\2.3.0\\Device\\StdPeriph_Driver\\src\\stm32f10x_usart.c 0x00000000   Number         0  stm32f10x_usart.o ABSOLUTE
    dc.s                                     0x00000000   Number         0  dc.o ABSOLUTE
    STARTVARA                                0x08000000   Section        8  gboot.o(STARTVARA)
    !!!main                                  0x08000008   Section        8  __main.o(!!!main)
    !!!scatter                               0x08000010   Section       52  __scatter.o(!!!scatter)
    !!handler_copy                           0x08000044   Section       26  __scatter_copy.o(!!handler_copy)
    !!handler_zi                             0x08000060   Section       28  __scatter_zi.o(!!handler_zi)
    .ARM.Collect$$libinit$$00000000          0x0800007c   Section        2  libinit.o(.ARM.Collect$$libinit$$00000000)
    .ARM.Collect$$libinit$$00000002          0x0800007e   Section        0  libinit2.o(.ARM.Collect$$libinit$$00000002)
    .ARM.Collect$$libinit$$00000004          0x0800007e   Section        0  libinit2.o(.ARM.Collect$$libinit$$00000004)
    .ARM.Collect$$libinit$$0000000A          0x0800007e   Section        0  libinit2.o(.ARM.Collect$$libinit$$0000000A)
    .ARM.Collect$$libinit$$0000000C          0x0800007e   Section        0  libinit2.o(.ARM.Collect$$libinit$$0000000C)
    .ARM.Collect$$libinit$$0000000E          0x0800007e   Section        0  libinit2.o(.ARM.Collect$$libinit$$0000000E)
    .ARM.Collect$$libinit$$00000011          0x0800007e   Section        0  libinit2.o(.ARM.Collect$$libinit$$00000011)
    .ARM.Collect$$libinit$$00000013          0x0800007e   Section        0  libinit2.o(.ARM.Collect$$libinit$$00000013)
    .ARM.Collect$$libinit$$00000015          0x0800007e   Section        0  libinit2.o(.ARM.Collect$$libinit$$00000015)
    .ARM.Collect$$libinit$$00000017          0x0800007e   Section        0  libinit2.o(.ARM.Collect$$libinit$$00000017)
    .ARM.Collect$$libinit$$00000019          0x0800007e   Section        0  libinit2.o(.ARM.Collect$$libinit$$00000019)
    .ARM.Collect$$libinit$$0000001B          0x0800007e   Section        0  libinit2.o(.ARM.Collect$$libinit$$0000001B)
    .ARM.Collect$$libinit$$0000001D          0x0800007e   Section        0  libinit2.o(.ARM.Collect$$libinit$$0000001D)
    .ARM.Collect$$libinit$$0000001F          0x0800007e   Section        0  libinit2.o(.ARM.Collect$$libinit$$0000001F)
    .ARM.Collect$$libinit$$00000021          0x0800007e   Section        0  libinit2.o(.ARM.Collect$$libinit$$00000021)
    .ARM.Collect$$libinit$$00000023          0x0800007e   Section        0  libinit2.o(.ARM.Collect$$libinit$$00000023)
    .ARM.Collect$$libinit$$00000025          0x0800007e   Section        0  libinit2.o(.ARM.Collect$$libinit$$00000025)
    .ARM.Collect$$libinit$$0000002C          0x0800007e   Section        0  libinit2.o(.ARM.Collect$$libinit$$0000002C)
    .ARM.Collect$$libinit$$0000002E          0x0800007e   Section        0  libinit2.o(.ARM.Collect$$libinit$$0000002E)
    .ARM.Collect$$libinit$$00000030          0x0800007e   Section        0  libinit2.o(.ARM.Collect$$libinit$$00000030)
    .ARM.Collect$$libinit$$00000032          0x0800007e   Section        0  libinit2.o(.ARM.Collect$$libinit$$00000032)
    .ARM.Collect$$libinit$$00000033          0x0800007e   Section        2  libinit2.o(.ARM.Collect$$libinit$$00000033)
    .ARM.Collect$$libshutdown$$00000000      0x08000080   Section        2  libshutdown.o(.ARM.Collect$$libshutdown$$00000000)
    .ARM.Collect$$libshutdown$$00000002      0x08000082   Section        0  libshutdown2.o(.ARM.Collect$$libshutdown$$00000002)
    .ARM.Collect$$libshutdown$$00000004      0x08000082   Section        0  libshutdown2.o(.ARM.Collect$$libshutdown$$00000004)
    .ARM.Collect$$libshutdown$$00000007      0x08000082   Section        0  libshutdown2.o(.ARM.Collect$$libshutdown$$00000007)
    .ARM.Collect$$libshutdown$$0000000A      0x08000082   Section        0  libshutdown2.o(.ARM.Collect$$libshutdown$$0000000A)
    .ARM.Collect$$libshutdown$$0000000C      0x08000082   Section        0  libshutdown2.o(.ARM.Collect$$libshutdown$$0000000C)
    .ARM.Collect$$libshutdown$$0000000F      0x08000082   Section        0  libshutdown2.o(.ARM.Collect$$libshutdown$$0000000F)
    .ARM.Collect$$libshutdown$$00000010      0x08000082   Section        2  libshutdown2.o(.ARM.Collect$$libshutdown$$00000010)
    .ARM.Collect$$rtentry$$00000000          0x08000084   Section        0  __rtentry.o(.ARM.Collect$$rtentry$$00000000)
    .ARM.Collect$$rtentry$$00000002          0x08000084   Section        0  __rtentry2.o(.ARM.Collect$$rtentry$$00000002)
    .ARM.Collect$$rtentry$$00000004          0x08000084   Section        6  __rtentry4.o(.ARM.Collect$$rtentry$$00000004)
    .ARM.Collect$$rtentry$$00000009          0x0800008a   Section        0  __rtentry2.o(.ARM.Collect$$rtentry$$00000009)
    .ARM.Collect$$rtentry$$0000000A          0x0800008a   Section        4  __rtentry2.o(.ARM.Collect$$rtentry$$0000000A)
    .ARM.Collect$$rtentry$$0000000C          0x0800008e   Section        0  __rtentry2.o(.ARM.Collect$$rtentry$$0000000C)
    .ARM.Collect$$rtentry$$0000000D          0x0800008e   Section        8  __rtentry2.o(.ARM.Collect$$rtentry$$0000000D)
    .ARM.Collect$$rtexit$$00000000           0x08000096   Section        2  rtexit.o(.ARM.Collect$$rtexit$$00000000)
    .ARM.Collect$$rtexit$$00000002           0x08000098   Section        0  rtexit2.o(.ARM.Collect$$rtexit$$00000002)
    .ARM.Collect$$rtexit$$00000003           0x08000098   Section        4  rtexit2.o(.ARM.Collect$$rtexit$$00000003)
    .ARM.Collect$$rtexit$$00000004           0x0800009c   Section        6  rtexit2.o(.ARM.Collect$$rtexit$$00000004)
    .text                                    0x080000a4   Section       64  girq.o(.text)
    .text                                    0x080000e4   Section        2  use_no_semi.o(.text)
    .text                                    0x080000e6   Section        0  heapauxi.o(.text)
    .text                                    0x080000ec   Section        8  libspace.o(.text)
    .text                                    0x080000f4   Section       74  sys_stackheap_outer.o(.text)
    .text                                    0x0800013e   Section        0  exit.o(.text)
    STARTUPFUNC                              0x08000150   Section        0  gboot.o(STARTUPFUNC)
    gboot                                    0x08000171   Thumb Code    46  gboot.o(STARTUPFUNC)
    i.ADC_Cmd                                0x080001c0   Section        0  stm32f10x_adc.o(i.ADC_Cmd)
    i.ADC_DMACmd                             0x080001d6   Section        0  stm32f10x_adc.o(i.ADC_DMACmd)
    i.ADC_DeInit                             0x080001ec   Section        0  stm32f10x_adc.o(i.ADC_DeInit)
    i.ADC_GetCalibrationStatus               0x08000248   Section        0  stm32f10x_adc.o(i.ADC_GetCalibrationStatus)
    i.ADC_GetResetCalibrationStatus          0x0800025c   Section        0  stm32f10x_adc.o(i.ADC_GetResetCalibrationStatus)
    i.ADC_Init                               0x08000270   Section        0  stm32f10x_adc.o(i.ADC_Init)
    i.ADC_RegularChannelConfig               0x080002c0   Section        0  stm32f10x_adc.o(i.ADC_RegularChannelConfig)
    i.ADC_ResetCalibration                   0x08000378   Section        0  stm32f10x_adc.o(i.ADC_ResetCalibration)
    i.ADC_SoftwareStartConvCmd               0x08000382   Section        0  stm32f10x_adc.o(i.ADC_SoftwareStartConvCmd)
    i.ADC_StartCalibration                   0x08000398   Section        0  stm32f10x_adc.o(i.ADC_StartCalibration)
    i.BspInit                                0x080003a2   Section        0  gbsp.o(i.BspInit)
    i.BusFault_Handler                       0x080003b2   Section        0  stm32f10x_it.o(i.BusFault_Handler)
    i.DMA1_Channel1_IRQHandler               0x080003b8   Section        0  gadc.o(i.DMA1_Channel1_IRQHandler)
    i.DMA_ClearITPendingBit                  0x08000434   Section        0  stm32f10x_dma.o(i.DMA_ClearITPendingBit)
    i.DMA_Cmd                                0x08000450   Section        0  stm32f10x_dma.o(i.DMA_Cmd)
    i.DMA_DeInit                             0x08000468   Section        0  stm32f10x_dma.o(i.DMA_DeInit)
    i.DMA_GetITStatus                        0x080005b4   Section        0  stm32f10x_dma.o(i.DMA_GetITStatus)
    i.DMA_ITConfig                           0x080005e0   Section        0  stm32f10x_dma.o(i.DMA_ITConfig)
    i.DMA_Init                               0x080005f2   Section        0  stm32f10x_dma.o(i.DMA_Init)
    i.DebugMon_Handler                       0x0800062e   Section        0  stm32f10x_it.o(i.DebugMon_Handler)
    i.FLASH_PrefetchBufferCmd                0x08000630   Section        0  stm32f10x_flash.o(i.FLASH_PrefetchBufferCmd)
    i.FLASH_SetLatency                       0x0800064c   Section        0  stm32f10x_flash.o(i.FLASH_SetLatency)
    i.GFIFOInit                              0x08000664   Section        0  gpipe.o(i.GFIFOInit)
    i.GFIFOIsEmpty                           0x08000680   Section        0  gpipe.o(i.GFIFOIsEmpty)
    i.GFIFOIsFull                            0x08000694   Section        0  gpipe.o(i.GFIFOIsFull)
    i.GFIFOPop                               0x080006ac   Section        0  gpipe.o(i.GFIFOPop)
    i.GFIFOPush                              0x080006e4   Section        0  gpipe.o(i.GFIFOPush)
    i.GPIO_Init                              0x0800071e   Section        0  stm32f10x_gpio.o(i.GPIO_Init)
    i.GPIO_ReadInputDataBit                  0x08000834   Section        0  stm32f10x_gpio.o(i.GPIO_ReadInputDataBit)
    i.GPIO_ReadOutputDataBit                 0x08000846   Section        0  stm32f10x_gpio.o(i.GPIO_ReadOutputDataBit)
    i.GPIO_WriteBit                          0x08000858   Section        0  stm32f10x_gpio.o(i.GPIO_WriteBit)
    i.GTimerLoop                             0x08000864   Section        0  gtimer.o(i.GTimerLoop)
    i.GTimerNodeInit                         0x080008c0   Section        0  gtimer.o(i.GTimerNodeInit)
    i.GTimerStart                            0x08000908   Section        0  gtimer.o(i.GTimerStart)
    i.GTimerStop                             0x08000934   Section        0  gtimer.o(i.GTimerStop)
    i.GenericGpioInit                        0x0800095c   Section        0  gbsp.o(i.GenericGpioInit)
    GenericGpioInit                          0x0800095d   Thumb Code   108  gbsp.o(i.GenericGpioInit)
    i.GosInit                                0x080009cc   Section        0  gfreezeusertask.o(i.GosInit)
    i.HAL_EXIT_EVENT                         0x08000a60   Section        0  gfreezeusertask.o(i.HAL_EXIT_EVENT)
    i.HAL_FAULT_EVENT                        0x08000a64   Section        0  gfreezeusertask.o(i.HAL_FAULT_EVENT)
    i.HAL_GSMRX_EVENT                        0x08000a94   Section        0  gfreezeusertask.o(i.HAL_GSMRX_EVENT)
    i.HAL_GSMTX_EVENT                        0x08000aac   Section        0  gfreezeusertask.o(i.HAL_GSMTX_EVENT)
    i.HAL_TIMER_EVENT                        0x08000acc   Section        0  gfreezeusertask.o(i.HAL_TIMER_EVENT)
    i.HardFault_Handler                      0x08000ad6   Section        0  stm32f10x_it.o(i.HardFault_Handler)
    i.InitTimerlist                          0x08000adc   Section        0  gtimer.o(i.InitTimerlist)
    i.MemManage_Handler                      0x08000aec   Section        0  stm32f10x_it.o(i.MemManage_Handler)
    i.NMI_Handler                            0x08000af0   Section        0  stm32f10x_it.o(i.NMI_Handler)
    i.NVIC_Init                              0x08000af4   Section        0  misc.o(i.NVIC_Init)
    i.NVIC_PriorityGroupConfig               0x08000b64   Section        0  misc.o(i.NVIC_PriorityGroupConfig)
    i.NVIC_SetVectorTable                    0x08000b78   Section        0  misc.o(i.NVIC_SetVectorTable)
    i.PendSV_Handler                         0x08000b8c   Section        0  stm32f10x_it.o(i.PendSV_Handler)
    i.ProcessManagerTask                     0x08000b90   Section        0  gevent.o(i.ProcessManagerTask)
    ProcessManagerTask                       0x08000b91   Thumb Code    86  gevent.o(i.ProcessManagerTask)
    i.RCC_AHBPeriphClockCmd                  0x08000bf4   Section        0  stm32f10x_rcc.o(i.RCC_AHBPeriphClockCmd)
    i.RCC_APB2PeriphClockCmd                 0x08000c14   Section        0  stm32f10x_rcc.o(i.RCC_APB2PeriphClockCmd)
    i.RCC_APB2PeriphResetCmd                 0x08000c34   Section        0  stm32f10x_rcc.o(i.RCC_APB2PeriphResetCmd)
    i.RCC_DeInit                             0x08000c54   Section        0  stm32f10x_rcc.o(i.RCC_DeInit)
    i.RCC_GetClocksFreq                      0x08000ca0   Section        0  stm32f10x_rcc.o(i.RCC_GetClocksFreq)
    i.RCC_GetFlagStatus                      0x08000d74   Section        0  stm32f10x_rcc.o(i.RCC_GetFlagStatus)
    i.RCC_GetSYSCLKSource                    0x08000db0   Section        0  stm32f10x_rcc.o(i.RCC_GetSYSCLKSource)
    i.RCC_HCLKConfig                         0x08000dc0   Section        0  stm32f10x_rcc.o(i.RCC_HCLKConfig)
    i.RCC_HSEConfig                          0x08000dd8   Section        0  stm32f10x_rcc.o(i.RCC_HSEConfig)
    i.RCC_HSICmd                             0x08000e24   Section        0  stm32f10x_rcc.o(i.RCC_HSICmd)
    i.RCC_LSICmd                             0x08000e30   Section        0  stm32f10x_rcc.o(i.RCC_LSICmd)
    i.RCC_PCLK1Config                        0x08000e3c   Section        0  stm32f10x_rcc.o(i.RCC_PCLK1Config)
    i.RCC_PCLK2Config                        0x08000e54   Section        0  stm32f10x_rcc.o(i.RCC_PCLK2Config)
    i.RCC_PLLCmd                             0x08000e6c   Section        0  stm32f10x_rcc.o(i.RCC_PLLCmd)
    i.RCC_SYSCLKConfig                       0x08000e78   Section        0  stm32f10x_rcc.o(i.RCC_SYSCLKConfig)
    i.SVC_Handler                            0x08000e90   Section        0  stm32f10x_it.o(i.SVC_Handler)
    i.SYS_APL_EVENT                          0x08000e94   Section        0  gfreezeusertask.o(i.SYS_APL_EVENT)
    i.SendUsartString                        0x08000ec8   Section        0  gusart.o(i.SendUsartString)
    i.SetSysClock                            0x08000f58   Section        0  system_stm32f10x.o(i.SetSysClock)
    SetSysClock                              0x08000f59   Thumb Code     8  system_stm32f10x.o(i.SetSysClock)
    i.SetSysClockTo72                        0x08000f60   Section        0  system_stm32f10x.o(i.SetSysClockTo72)
    SetSysClockTo72                          0x08000f61   Thumb Code   214  system_stm32f10x.o(i.SetSysClockTo72)
    i.SysRun                                 0x08001040   Section        0  gevent.o(i.SysRun)
    i.SysTick_CLKSourceConfig                0x08001064   Section        0  misc.o(i.SysTick_CLKSourceConfig)
    i.SysTick_Handler                        0x0800108c   Section        0  stm32f10x_it.o(i.SysTick_Handler)
    i.SystemInit                             0x080010b0   Section        0  system_stm32f10x.o(i.SystemInit)
    i.USART1_IRQHandler                      0x08001110   Section        0  gusart.o(i.USART1_IRQHandler)
    i.USART_ClearITPendingBit                0x080011e8   Section        0  stm32f10x_usart.o(i.USART_ClearITPendingBit)
    i.USART_Cmd                              0x08001206   Section        0  stm32f10x_usart.o(i.USART_Cmd)
    i.USART_GetFlagStatus                    0x0800121e   Section        0  stm32f10x_usart.o(i.USART_GetFlagStatus)
    i.USART_GetITStatus                      0x08001238   Section        0  stm32f10x_usart.o(i.USART_GetITStatus)
    i.USART_ITConfig                         0x0800128c   Section        0  stm32f10x_usart.o(i.USART_ITConfig)
    i.USART_Init                             0x080012d8   Section        0  stm32f10x_usart.o(i.USART_Init)
    i.USART_ReceiveData                      0x080013b0   Section        0  stm32f10x_usart.o(i.USART_ReceiveData)
    i.USART_SendData                         0x080013ba   Section        0  stm32f10x_usart.o(i.USART_SendData)
    i.UsageFault_Handler                     0x080013c2   Section        0  stm32f10x_it.o(i.UsageFault_Handler)
    i._sys_exit                              0x080013c6   Section        0  retarget.o(i._sys_exit)
    i.blockdelay_nus                         0x080013ca   Section        0  gtimer.o(i.blockdelay_nus)
    i.gInitAnalogADC                         0x08001454   Section        0  gadc.o(i.gInitAnalogADC)
    i.gIsNodeInList                          0x08001588   Section        0  glist.o(i.gIsNodeInList)
    i.gListAddLast                           0x080015b6   Section        0  glist.o(i.gListAddLast)
    i.gListCount                             0x080015d6   Section        0  glist.o(i.gListCount)
    i.gListInit                              0x080015e2   Section        0  glist.o(i.gListInit)
    i.gListNodeRemove                        0x080015f6   Section        0  glist.o(i.gListNodeRemove)
    i.gNodeInit                              0x08001620   Section        0  glist.o(i.gNodeInit)
    i.gSendDisplay                           0x08001630   Section        0  glcd.o(i.gSendDisplay)
    i.gentercritical                         0x08001710   Section        0  gtimer.o(i.gentercritical)
    gentercritical                           0x08001711   Thumb Code    12  gtimer.o(i.gentercritical)
    i.gfswitchdetect                         0x0800171c   Section        0  gfreezeusertask.o(i.gfswitchdetect)
    gfswitchdetect                           0x0800171d   Thumb Code   136  gfreezeusertask.o(i.gfswitchdetect)
    i.ghwcoreinit                            0x080017bc   Section        0  gboot.o(i.ghwcoreinit)
    ghwcoreinit                              0x080017bd   Thumb Code    12  gboot.o(i.ghwcoreinit)
    i.ghwrccset                              0x080017c8   Section        0  gbsp.o(i.ghwrccset)
    i.gidle                                  0x080018a4   Section        0  gevent.o(i.gidle)
    gidle                                    0x080018a5   Thumb Code     2  gevent.o(i.gidle)
    i.ginitusart                             0x080018a8   Section        0  gusart.o(i.ginitusart)
    i.glcdisptime                            0x0800191c   Section        0  gfreezeusertask.o(i.glcdisptime)
    glcdisptime                              0x0800191d   Thumb Code    26  gfreezeusertask.o(i.glcdisptime)
    i.gleavecritical                         0x0800193c   Section        0  gtimer.o(i.gleavecritical)
    gleavecritical                           0x0800193d   Thumb Code    10  gtimer.o(i.gleavecritical)
    i.gnvicset                               0x08001946   Section        0  gbsp.o(i.gnvicset)
    i.gsledtoggle                            0x08001994   Section        0  gfreezeusertask.o(i.gsledtoggle)
    gsledtoggle                              0x08001995   Thumb Code    34  gfreezeusertask.o(i.gsledtoggle)
    i.main                                   0x080019bc   Section        0  gmain.o(i.main)
    .constdata                               0x080019cc   Section       16  gusart.o(.constdata)
    RESET                                    0x20000000   Section      304  girq.o(RESET)
    .data                                    0x20000130   Section        4  gtimer.o(.data)
    .data                                    0x20000134   Section       36  gevent.o(.data)
    SysTaskHandler                           0x20000134   Data          24  gevent.o(.data)
    .data                                    0x20000158   Section       20  system_stm32f10x.o(.data)
    .data                                    0x2000016c   Section        7  gfreezeusertask.o(.data)
    disptime                                 0x2000016e   Data           2  gfreezeusertask.o(.data)
    pressedCnt                               0x20000170   Data           1  gfreezeusertask.o(.data)
    unpressedCnt                             0x20000171   Data           1  gfreezeusertask.o(.data)
    keymachine                               0x20000172   Data           1  gfreezeusertask.o(.data)
    .data                                    0x20000174   Section       20  gadc.o(.data)
    ADChannelOrginVal                        0x20000174   Data           6  gadc.o(.data)
    .data                                    0x20000188   Section       20  stm32f10x_rcc.o(.data)
    APBAHBPrescTable                         0x20000188   Data          16  stm32f10x_rcc.o(.data)
    ADCPrescTable                            0x20000198   Data           4  stm32f10x_rcc.o(.data)
    .bss                                     0x2000019c   Section       12  gtimer.o(.bss)
    timerlist                                0x2000019c   Data          12  gtimer.o(.bss)
    .bss                                     0x200001a8   Section      520  gfreezeusertask.o(.bss)
    LCDRxBuf                                 0x200001a8   Data         200  gfreezeusertask.o(.bss)
    LCDTxBuf                                 0x20000270   Data         200  gfreezeusertask.o(.bss)
    sledtimer                                0x20000360   Data          20  gfreezeusertask.o(.bss)
    lcdisptimer                              0x20000374   Data          20  gfreezeusertask.o(.bss)
    fswitchtimer                             0x20000388   Data          20  gfreezeusertask.o(.bss)
    AnalogAcqTimer                           0x2000039c   Data          20  gfreezeusertask.o(.bss)
    .bss                                     0x200003b0   Section       30  gadc.o(.bss)
    .bss                                     0x200003ce   Section       16  glcd.o(.bss)
    .bss                                     0x200003e0   Section       96  libspace.o(.bss)
    HEAP                                     0x20001800   Section     2048  girq.o(HEAP)
    Heap_Mem                                 0x20001800   Data        2048  girq.o(HEAP)
    STACK                                    0x20002000   Section     2048  girq.o(STACK)
    Stack_Mem                                0x20002000   Data        2048  girq.o(STACK)

    Global Symbols

    Symbol Name                              Value     Ov Type        Size  Object(Section)

    BuildAttributes$$THM_ISAv4$P$D$K$B$S$PE$A:L22UL41UL21$X:L11$S22US41US21$IEEE1$IW$USESV6$~STKCKD$USESV7$~SHL$OTIME$ROPI$IEEEX$EBA8$UX$STANDARDLIB$REQ8$PRES8$EABIv2 0x00000000   Number         0  anon$$obj.o ABSOLUTE
    __ARM_use_no_argv                        0x00000000   Number         0  gmain.o ABSOLUTE
    _printf_flags                            0x00000000   Number         0  printf_stubs.o ABSOLUTE
    _printf_return_value                     0x00000000   Number         0  printf_stubs.o ABSOLUTE
    _printf_sizespec                         0x00000000   Number         0  printf_stubs.o ABSOLUTE
    _printf_widthprec                        0x00000000   Number         0  printf_stubs.o ABSOLUTE
    __ARM_exceptions_init                     - Undefined Weak Reference
    __alloca_initialize                       - Undefined Weak Reference
    __arm_preinit_                            - Undefined Weak Reference
    __cpp_initialize__aeabi_                  - Undefined Weak Reference
    __cxa_finalize                            - Undefined Weak Reference
    __sigvec_lookup                           - Undefined Weak Reference
    __user_heap_extent                        - Undefined Weak Reference
    _atexit_init                              - Undefined Weak Reference
    _call_atexit_fns                          - Undefined Weak Reference
    _clock_init                               - Undefined Weak Reference
    _fp_trap_init                             - Undefined Weak Reference
    _fp_trap_shutdown                         - Undefined Weak Reference
    _get_lc_collate                           - Undefined Weak Reference
    _get_lc_monetary                          - Undefined Weak Reference
    _get_lc_time                              - Undefined Weak Reference
    _getenv_init                              - Undefined Weak Reference
    _handle_redirection                       - Undefined Weak Reference
    _initio                                   - Undefined Weak Reference
    _mutex_acquire                            - Undefined Weak Reference
    _mutex_free                               - Undefined Weak Reference
    _mutex_release                            - Undefined Weak Reference
    _printf_truncate_signed                   - Undefined Weak Reference
    _printf_truncate_unsigned                 - Undefined Weak Reference
    _rand_init                                - Undefined Weak Reference
    _signal_finish                            - Undefined Weak Reference
    _signal_init                              - Undefined Weak Reference
    _terminateio                              - Undefined Weak Reference
    Image$$ERAM_VECT$$RW$$Length             0x0000006c   Number         0  anon$$obj.o ABSOLUTE
    Image$$ERAM_VECT$$RO$$Length             0x00000130   Number         0  anon$$obj.o ABSOLUTE
    __Vectors_Size                           0x00000130   Number         0  girq.o ABSOLUTE
    Image$$ERAM_VECT$$ZI$$Length             0x000002a4   Number         0  anon$$obj.o ABSOLUTE
    vectable                                 0x08000000   Data           8  gboot.o(STARTVARA)
    __main                                   0x08000009   Thumb Code     8  __main.o(!!!main)
    __scatterload                            0x08000011   Thumb Code     0  __scatter.o(!!!scatter)
    __scatterload_rt2                        0x08000011   Thumb Code    44  __scatter.o(!!!scatter)
    __scatterload_rt2_thumb_only             0x08000011   Thumb Code     0  __scatter.o(!!!scatter)
    __scatterload_null                       0x0800001f   Thumb Code     0  __scatter.o(!!!scatter)
    __scatterload_copy                       0x08000045   Thumb Code    26  __scatter_copy.o(!!handler_copy)
    __scatterload_zeroinit                   0x08000061   Thumb Code    28  __scatter_zi.o(!!handler_zi)
    __rt_lib_init                            0x0800007d   Thumb Code     0  libinit.o(.ARM.Collect$$libinit$$00000000)
    __rt_lib_init_alloca_1                   0x0800007f   Thumb Code     0  libinit2.o(.ARM.Collect$$libinit$$0000002E)
    __rt_lib_init_argv_1                     0x0800007f   Thumb Code     0  libinit2.o(.ARM.Collect$$libinit$$0000002C)
    __rt_lib_init_atexit_1                   0x0800007f   Thumb Code     0  libinit2.o(.ARM.Collect$$libinit$$0000001B)
    __rt_lib_init_clock_1                    0x0800007f   Thumb Code     0  libinit2.o(.ARM.Collect$$libinit$$00000021)
    __rt_lib_init_cpp_1                      0x0800007f   Thumb Code     0  libinit2.o(.ARM.Collect$$libinit$$00000032)
    __rt_lib_init_exceptions_1               0x0800007f   Thumb Code     0  libinit2.o(.ARM.Collect$$libinit$$00000030)
    __rt_lib_init_fp_1                       0x0800007f   Thumb Code     0  libinit2.o(.ARM.Collect$$libinit$$00000002)
    __rt_lib_init_fp_trap_1                  0x0800007f   Thumb Code     0  libinit2.o(.ARM.Collect$$libinit$$0000001F)
    __rt_lib_init_getenv_1                   0x0800007f   Thumb Code     0  libinit2.o(.ARM.Collect$$libinit$$00000023)
    __rt_lib_init_heap_1                     0x0800007f   Thumb Code     0  libinit2.o(.ARM.Collect$$libinit$$0000000A)
    __rt_lib_init_lc_collate_1               0x0800007f   Thumb Code     0  libinit2.o(.ARM.Collect$$libinit$$00000011)
    __rt_lib_init_lc_ctype_1                 0x0800007f   Thumb Code     0  libinit2.o(.ARM.Collect$$libinit$$00000013)
    __rt_lib_init_lc_monetary_1              0x0800007f   Thumb Code     0  libinit2.o(.ARM.Collect$$libinit$$00000015)
    __rt_lib_init_lc_numeric_1               0x0800007f   Thumb Code     0  libinit2.o(.ARM.Collect$$libinit$$00000017)
    __rt_lib_init_lc_time_1                  0x0800007f   Thumb Code     0  libinit2.o(.ARM.Collect$$libinit$$00000019)
    __rt_lib_init_preinit_1                  0x0800007f   Thumb Code     0  libinit2.o(.ARM.Collect$$libinit$$00000004)
    __rt_lib_init_rand_1                     0x0800007f   Thumb Code     0  libinit2.o(.ARM.Collect$$libinit$$0000000E)
    __rt_lib_init_return                     0x0800007f   Thumb Code     0  libinit2.o(.ARM.Collect$$libinit$$00000033)
    __rt_lib_init_signal_1                   0x0800007f   Thumb Code     0  libinit2.o(.ARM.Collect$$libinit$$0000001D)
    __rt_lib_init_stdio_1                    0x0800007f   Thumb Code     0  libinit2.o(.ARM.Collect$$libinit$$00000025)
    __rt_lib_init_user_alloc_1               0x0800007f   Thumb Code     0  libinit2.o(.ARM.Collect$$libinit$$0000000C)
    __rt_lib_shutdown                        0x08000081   Thumb Code     0  libshutdown.o(.ARM.Collect$$libshutdown$$00000000)
    __rt_lib_shutdown_cpp_1                  0x08000083   Thumb Code     0  libshutdown2.o(.ARM.Collect$$libshutdown$$00000002)
    __rt_lib_shutdown_fp_trap_1              0x08000083   Thumb Code     0  libshutdown2.o(.ARM.Collect$$libshutdown$$00000007)
    __rt_lib_shutdown_heap_1                 0x08000083   Thumb Code     0  libshutdown2.o(.ARM.Collect$$libshutdown$$0000000F)
    __rt_lib_shutdown_return                 0x08000083   Thumb Code     0  libshutdown2.o(.ARM.Collect$$libshutdown$$00000010)
    __rt_lib_shutdown_signal_1               0x08000083   Thumb Code     0  libshutdown2.o(.ARM.Collect$$libshutdown$$0000000A)
    __rt_lib_shutdown_stdio_1                0x08000083   Thumb Code     0  libshutdown2.o(.ARM.Collect$$libshutdown$$00000004)
    __rt_lib_shutdown_user_alloc_1           0x08000083   Thumb Code     0  libshutdown2.o(.ARM.Collect$$libshutdown$$0000000C)
    __rt_entry                               0x08000085   Thumb Code     0  __rtentry.o(.ARM.Collect$$rtentry$$00000000)
    __rt_entry_presh_1                       0x08000085   Thumb Code     0  __rtentry2.o(.ARM.Collect$$rtentry$$00000002)
    __rt_entry_sh                            0x08000085   Thumb Code     0  __rtentry4.o(.ARM.Collect$$rtentry$$00000004)
    __rt_entry_li                            0x0800008b   Thumb Code     0  __rtentry2.o(.ARM.Collect$$rtentry$$0000000A)
    __rt_entry_postsh_1                      0x0800008b   Thumb Code     0  __rtentry2.o(.ARM.Collect$$rtentry$$00000009)
    __rt_entry_main                          0x0800008f   Thumb Code     0  __rtentry2.o(.ARM.Collect$$rtentry$$0000000D)
    __rt_entry_postli_1                      0x0800008f   Thumb Code     0  __rtentry2.o(.ARM.Collect$$rtentry$$0000000C)
    __rt_exit                                0x08000097   Thumb Code     0  rtexit.o(.ARM.Collect$$rtexit$$00000000)
    __rt_exit_ls                             0x08000099   Thumb Code     0  rtexit2.o(.ARM.Collect$$rtexit$$00000003)
    __rt_exit_prels_1                        0x08000099   Thumb Code     0  rtexit2.o(.ARM.Collect$$rtexit$$00000002)
    __rt_exit_exit                           0x0800009d   Thumb Code     0  rtexit2.o(.ARM.Collect$$rtexit$$00000004)
    Reset_Handler                            0x080000a5   Thumb Code     8  girq.o(.text)
    ADC1_2_IRQHandler                        0x080000bf   Thumb Code     0  girq.o(.text)
    ADC3_IRQHandler                          0x080000bf   Thumb Code     0  girq.o(.text)
    CAN1_RX1_IRQHandler                      0x080000bf   Thumb Code     0  girq.o(.text)
    CAN1_SCE_IRQHandler                      0x080000bf   Thumb Code     0  girq.o(.text)
    DMA1_Channel2_IRQHandler                 0x080000bf   Thumb Code     0  girq.o(.text)
    DMA1_Channel3_IRQHandler                 0x080000bf   Thumb Code     0  girq.o(.text)
    DMA1_Channel4_IRQHandler                 0x080000bf   Thumb Code     0  girq.o(.text)
    DMA1_Channel5_IRQHandler                 0x080000bf   Thumb Code     0  girq.o(.text)
    DMA1_Channel6_IRQHandler                 0x080000bf   Thumb Code     0  girq.o(.text)
    DMA1_Channel7_IRQHandler                 0x080000bf   Thumb Code     0  girq.o(.text)
    DMA2_Channel1_IRQHandler                 0x080000bf   Thumb Code     0  girq.o(.text)
    DMA2_Channel2_IRQHandler                 0x080000bf   Thumb Code     0  girq.o(.text)
    DMA2_Channel3_IRQHandler                 0x080000bf   Thumb Code     0  girq.o(.text)
    DMA2_Channel4_5_IRQHandler               0x080000bf   Thumb Code     0  girq.o(.text)
    EXTI0_IRQHandler                         0x080000bf   Thumb Code     0  girq.o(.text)
    EXTI15_10_IRQHandler                     0x080000bf   Thumb Code     0  girq.o(.text)
    EXTI1_IRQHandler                         0x080000bf   Thumb Code     0  girq.o(.text)
    EXTI2_IRQHandler                         0x080000bf   Thumb Code     0  girq.o(.text)
    EXTI3_IRQHandler                         0x080000bf   Thumb Code     0  girq.o(.text)
    EXTI4_IRQHandler                         0x080000bf   Thumb Code     0  girq.o(.text)
    EXTI9_5_IRQHandler                       0x080000bf   Thumb Code     0  girq.o(.text)
    FLASH_IRQHandler                         0x080000bf   Thumb Code     0  girq.o(.text)
    FSMC_IRQHandler                          0x080000bf   Thumb Code     0  girq.o(.text)
    I2C1_ER_IRQHandler                       0x080000bf   Thumb Code     0  girq.o(.text)
    I2C1_EV_IRQHandler                       0x080000bf   Thumb Code     0  girq.o(.text)
    I2C2_ER_IRQHandler                       0x080000bf   Thumb Code     0  girq.o(.text)
    I2C2_EV_IRQHandler                       0x080000bf   Thumb Code     0  girq.o(.text)
    PVD_IRQHandler                           0x080000bf   Thumb Code     0  girq.o(.text)
    RCC_IRQHandler                           0x080000bf   Thumb Code     0  girq.o(.text)
    RTCAlarm_IRQHandler                      0x080000bf   Thumb Code     0  girq.o(.text)
    RTC_IRQHandler                           0x080000bf   Thumb Code     0  girq.o(.text)
    SDIO_IRQHandler                          0x080000bf   Thumb Code     0  girq.o(.text)
    SPI1_IRQHandler                          0x080000bf   Thumb Code     0  girq.o(.text)
    SPI2_IRQHandler                          0x080000bf   Thumb Code     0  girq.o(.text)
    SPI3_IRQHandler                          0x080000bf   Thumb Code     0  girq.o(.text)
    TAMPER_IRQHandler                        0x080000bf   Thumb Code     0  girq.o(.text)
    TIM1_BRK_IRQHandler                      0x080000bf   Thumb Code     0  girq.o(.text)
    TIM1_CC_IRQHandler                       0x080000bf   Thumb Code     0  girq.o(.text)
    TIM1_TRG_COM_IRQHandler                  0x080000bf   Thumb Code     0  girq.o(.text)
    TIM1_UP_IRQHandler                       0x080000bf   Thumb Code     0  girq.o(.text)
    TIM2_IRQHandler                          0x080000bf   Thumb Code     0  girq.o(.text)
    TIM3_IRQHandler                          0x080000bf   Thumb Code     0  girq.o(.text)
    TIM4_IRQHandler                          0x080000bf   Thumb Code     0  girq.o(.text)
    TIM5_IRQHandler                          0x080000bf   Thumb Code     0  girq.o(.text)
    TIM6_IRQHandler                          0x080000bf   Thumb Code     0  girq.o(.text)
    TIM7_IRQHandler                          0x080000bf   Thumb Code     0  girq.o(.text)
    TIM8_BRK_IRQHandler                      0x080000bf   Thumb Code     0  girq.o(.text)
    TIM8_CC_IRQHandler                       0x080000bf   Thumb Code     0  girq.o(.text)
    TIM8_TRG_COM_IRQHandler                  0x080000bf   Thumb Code     0  girq.o(.text)
    TIM8_UP_IRQHandler                       0x080000bf   Thumb Code     0  girq.o(.text)
    UART4_IRQHandler                         0x080000bf   Thumb Code     0  girq.o(.text)
    UART5_IRQHandler                         0x080000bf   Thumb Code     0  girq.o(.text)
    USART2_IRQHandler                        0x080000bf   Thumb Code     0  girq.o(.text)
    USART3_IRQHandler                        0x080000bf   Thumb Code     0  girq.o(.text)
    USBWakeUp_IRQHandler                     0x080000bf   Thumb Code     0  girq.o(.text)
    USB_HP_CAN1_TX_IRQHandler                0x080000bf   Thumb Code     0  girq.o(.text)
    USB_LP_CAN1_RX0_IRQHandler               0x080000bf   Thumb Code     0  girq.o(.text)
    WWDG_IRQHandler                          0x080000bf   Thumb Code     0  girq.o(.text)
    __user_initial_stackheap                 0x080000c1   Thumb Code     0  girq.o(.text)
    __I$use$semihosting                      0x080000e5   Thumb Code     0  use_no_semi.o(.text)
    __use_no_semihosting_swi                 0x080000e5   Thumb Code     2  use_no_semi.o(.text)
    __use_two_region_memory                  0x080000e7   Thumb Code     2  heapauxi.o(.text)
    __rt_heap_escrow                         0x080000e9   Thumb Code     2  heapauxi.o(.text)
    __rt_heap_expand                         0x080000eb   Thumb Code     2  heapauxi.o(.text)
    __user_libspace                          0x080000ed   Thumb Code     8  libspace.o(.text)
    __user_perproc_libspace                  0x080000ed   Thumb Code     0  libspace.o(.text)
    __user_perthread_libspace                0x080000ed   Thumb Code     0  libspace.o(.text)
    __user_setup_stackheap                   0x080000f5   Thumb Code    74  sys_stackheap_outer.o(.text)
    exit                                     0x0800013f   Thumb Code    18  exit.o(.text)
    gmemcpy                                  0x08000151   Thumb Code    18  gboot.o(STARTUPFUNC)
    gmemset                                  0x08000163   Thumb Code    14  gboot.o(STARTUPFUNC)
    ADC_Cmd                                  0x080001c1   Thumb Code    22  stm32f10x_adc.o(i.ADC_Cmd)
    ADC_DMACmd                               0x080001d7   Thumb Code    22  stm32f10x_adc.o(i.ADC_DMACmd)
    ADC_DeInit                               0x080001ed   Thumb Code    78  stm32f10x_adc.o(i.ADC_DeInit)
    ADC_GetCalibrationStatus                 0x08000249   Thumb Code    20  stm32f10x_adc.o(i.ADC_GetCalibrationStatus)
    ADC_GetResetCalibrationStatus            0x0800025d   Thumb Code    20  stm32f10x_adc.o(i.ADC_GetResetCalibrationStatus)
    ADC_Init                                 0x08000271   Thumb Code    70  stm32f10x_adc.o(i.ADC_Init)
    ADC_RegularChannelConfig                 0x080002c1   Thumb Code   184  stm32f10x_adc.o(i.ADC_RegularChannelConfig)
    ADC_ResetCalibration                     0x08000379   Thumb Code    10  stm32f10x_adc.o(i.ADC_ResetCalibration)
    ADC_SoftwareStartConvCmd                 0x08000383   Thumb Code    22  stm32f10x_adc.o(i.ADC_SoftwareStartConvCmd)
    ADC_StartCalibration                     0x08000399   Thumb Code    10  stm32f10x_adc.o(i.ADC_StartCalibration)
    BspInit                                  0x080003a3   Thumb Code    16  gbsp.o(i.BspInit)
    BusFault_Handler                         0x080003b3   Thumb Code     4  stm32f10x_it.o(i.BusFault_Handler)
    DMA1_Channel1_IRQHandler                 0x080003b9   Thumb Code   104  gadc.o(i.DMA1_Channel1_IRQHandler)
    DMA_ClearITPendingBit                    0x08000435   Thumb Code    18  stm32f10x_dma.o(i.DMA_ClearITPendingBit)
    DMA_Cmd                                  0x08000451   Thumb Code    24  stm32f10x_dma.o(i.DMA_Cmd)
    DMA_DeInit                               0x08000469   Thumb Code   324  stm32f10x_dma.o(i.DMA_DeInit)
    DMA_GetITStatus                          0x080005b5   Thumb Code    36  stm32f10x_dma.o(i.DMA_GetITStatus)
    DMA_ITConfig                             0x080005e1   Thumb Code    18  stm32f10x_dma.o(i.DMA_ITConfig)
    DMA_Init                                 0x080005f3   Thumb Code    60  stm32f10x_dma.o(i.DMA_Init)
    DebugMon_Handler                         0x0800062f   Thumb Code     2  stm32f10x_it.o(i.DebugMon_Handler)
    FLASH_PrefetchBufferCmd                  0x08000631   Thumb Code    22  stm32f10x_flash.o(i.FLASH_PrefetchBufferCmd)
    FLASH_SetLatency                         0x0800064d   Thumb Code    18  stm32f10x_flash.o(i.FLASH_SetLatency)
    GFIFOInit                                0x08000665   Thumb Code    28  gpipe.o(i.GFIFOInit)
    GFIFOIsEmpty                             0x08000681   Thumb Code    20  gpipe.o(i.GFIFOIsEmpty)
    GFIFOIsFull                              0x08000695   Thumb Code    24  gpipe.o(i.GFIFOIsFull)
    GFIFOPop                                 0x080006ad   Thumb Code    56  gpipe.o(i.GFIFOPop)
    GFIFOPush                                0x080006e5   Thumb Code    58  gpipe.o(i.GFIFOPush)
    GPIO_Init                                0x0800071f   Thumb Code   278  stm32f10x_gpio.o(i.GPIO_Init)
    GPIO_ReadInputDataBit                    0x08000835   Thumb Code    18  stm32f10x_gpio.o(i.GPIO_ReadInputDataBit)
    GPIO_ReadOutputDataBit                   0x08000847   Thumb Code    18  stm32f10x_gpio.o(i.GPIO_ReadOutputDataBit)
    GPIO_WriteBit                            0x08000859   Thumb Code    10  stm32f10x_gpio.o(i.GPIO_WriteBit)
    GTimerLoop                               0x08000865   Thumb Code    84  gtimer.o(i.GTimerLoop)
    GTimerNodeInit                           0x080008c1   Thumb Code    66  gtimer.o(i.GTimerNodeInit)
    GTimerStart                              0x08000909   Thumb Code    40  gtimer.o(i.GTimerStart)
    GTimerStop                               0x08000935   Thumb Code    36  gtimer.o(i.GTimerStop)
    GosInit                                  0x080009cd   Thumb Code   102  gfreezeusertask.o(i.GosInit)
    HAL_EXIT_EVENT                           0x08000a61   Thumb Code     2  gfreezeusertask.o(i.HAL_EXIT_EVENT)
    HAL_FAULT_EVENT                          0x08000a65   Thumb Code    40  gfreezeusertask.o(i.HAL_FAULT_EVENT)
    HAL_GSMRX_EVENT                          0x08000a95   Thumb Code    20  gfreezeusertask.o(i.HAL_GSMRX_EVENT)
    HAL_GSMTX_EVENT                          0x08000aad   Thumb Code    24  gfreezeusertask.o(i.HAL_GSMTX_EVENT)
    HAL_TIMER_EVENT                          0x08000acd   Thumb Code    10  gfreezeusertask.o(i.HAL_TIMER_EVENT)
    HardFault_Handler                        0x08000ad7   Thumb Code     4  stm32f10x_it.o(i.HardFault_Handler)
    InitTimerlist                            0x08000add   Thumb Code    10  gtimer.o(i.InitTimerlist)
    MemManage_Handler                        0x08000aed   Thumb Code     4  stm32f10x_it.o(i.MemManage_Handler)
    NMI_Handler                              0x08000af1   Thumb Code     2  stm32f10x_it.o(i.NMI_Handler)
    NVIC_Init                                0x08000af5   Thumb Code   100  misc.o(i.NVIC_Init)
    NVIC_PriorityGroupConfig                 0x08000b65   Thumb Code    10  misc.o(i.NVIC_PriorityGroupConfig)
    NVIC_SetVectorTable                      0x08000b79   Thumb Code    12  misc.o(i.NVIC_SetVectorTable)
    PendSV_Handler                           0x08000b8d   Thumb Code     2  stm32f10x_it.o(i.PendSV_Handler)
    RCC_AHBPeriphClockCmd                    0x08000bf5   Thumb Code    26  stm32f10x_rcc.o(i.RCC_AHBPeriphClockCmd)
    RCC_APB2PeriphClockCmd                   0x08000c15   Thumb Code    26  stm32f10x_rcc.o(i.RCC_APB2PeriphClockCmd)
    RCC_APB2PeriphResetCmd                   0x08000c35   Thumb Code    26  stm32f10x_rcc.o(i.RCC_APB2PeriphResetCmd)
    RCC_DeInit                               0x08000c55   Thumb Code    64  stm32f10x_rcc.o(i.RCC_DeInit)
    RCC_GetClocksFreq                        0x08000ca1   Thumb Code   192  stm32f10x_rcc.o(i.RCC_GetClocksFreq)
    RCC_GetFlagStatus                        0x08000d75   Thumb Code    56  stm32f10x_rcc.o(i.RCC_GetFlagStatus)
    RCC_GetSYSCLKSource                      0x08000db1   Thumb Code    10  stm32f10x_rcc.o(i.RCC_GetSYSCLKSource)
    RCC_HCLKConfig                           0x08000dc1   Thumb Code    18  stm32f10x_rcc.o(i.RCC_HCLKConfig)
    RCC_HSEConfig                            0x08000dd9   Thumb Code    70  stm32f10x_rcc.o(i.RCC_HSEConfig)
    RCC_HSICmd                               0x08000e25   Thumb Code     6  stm32f10x_rcc.o(i.RCC_HSICmd)
    RCC_LSICmd                               0x08000e31   Thumb Code     6  stm32f10x_rcc.o(i.RCC_LSICmd)
    RCC_PCLK1Config                          0x08000e3d   Thumb Code    18  stm32f10x_rcc.o(i.RCC_PCLK1Config)
    RCC_PCLK2Config                          0x08000e55   Thumb Code    20  stm32f10x_rcc.o(i.RCC_PCLK2Config)
    RCC_PLLCmd                               0x08000e6d   Thumb Code     6  stm32f10x_rcc.o(i.RCC_PLLCmd)
    RCC_SYSCLKConfig                         0x08000e79   Thumb Code    18  stm32f10x_rcc.o(i.RCC_SYSCLKConfig)
    SVC_Handler                              0x08000e91   Thumb Code     2  stm32f10x_it.o(i.SVC_Handler)
    SYS_APL_EVENT                            0x08000e95   Thumb Code    44  gfreezeusertask.o(i.SYS_APL_EVENT)
    SendUsartString                          0x08000ec9   Thumb Code   132  gusart.o(i.SendUsartString)
    SysRun                                   0x08001041   Thumb Code    26  gevent.o(i.SysRun)
    SysTick_CLKSourceConfig                  0x08001065   Thumb Code    40  misc.o(i.SysTick_CLKSourceConfig)
    SysTick_Handler                          0x0800108d   Thumb Code    28  stm32f10x_it.o(i.SysTick_Handler)
    SystemInit                               0x080010b1   Thumb Code    78  system_stm32f10x.o(i.SystemInit)
    USART1_IRQHandler                        0x08001111   Thumb Code   194  gusart.o(i.USART1_IRQHandler)
    USART_ClearITPendingBit                  0x080011e9   Thumb Code    30  stm32f10x_usart.o(i.USART_ClearITPendingBit)
    USART_Cmd                                0x08001207   Thumb Code    24  stm32f10x_usart.o(i.USART_Cmd)
    USART_GetFlagStatus                      0x0800121f   Thumb Code    26  stm32f10x_usart.o(i.USART_GetFlagStatus)
    USART_GetITStatus                        0x08001239   Thumb Code    84  stm32f10x_usart.o(i.USART_GetITStatus)
    USART_ITConfig                           0x0800128d   Thumb Code    74  stm32f10x_usart.o(i.USART_ITConfig)
    USART_Init                               0x080012d9   Thumb Code   210  stm32f10x_usart.o(i.USART_Init)
    USART_ReceiveData                        0x080013b1   Thumb Code    10  stm32f10x_usart.o(i.USART_ReceiveData)
    USART_SendData                           0x080013bb   Thumb Code     8  stm32f10x_usart.o(i.USART_SendData)
    UsageFault_Handler                       0x080013c3   Thumb Code     4  stm32f10x_it.o(i.UsageFault_Handler)
    _sys_exit                                0x080013c7   Thumb Code     4  retarget.o(i._sys_exit)
    blockdelay_nus                           0x080013cb   Thumb Code   138  gtimer.o(i.blockdelay_nus)
    gInitAnalogADC                           0x08001455   Thumb Code   292  gadc.o(i.gInitAnalogADC)
    gIsNodeInList                            0x08001589   Thumb Code    46  glist.o(i.gIsNodeInList)
    gListAddLast                             0x080015b7   Thumb Code    32  glist.o(i.gListAddLast)
    gListCount                               0x080015d7   Thumb Code    12  glist.o(i.gListCount)
    gListInit                                0x080015e3   Thumb Code    20  glist.o(i.gListInit)
    gListNodeRemove                          0x080015f7   Thumb Code    42  glist.o(i.gListNodeRemove)
    gNodeInit                                0x08001621   Thumb Code    16  glist.o(i.gNodeInit)
    gSendDisplay                             0x08001631   Thumb Code   220  glcd.o(i.gSendDisplay)
    ghwrccset                                0x080017c9   Thumb Code   206  gbsp.o(i.ghwrccset)
    ginitusart                               0x080018a9   Thumb Code   104  gusart.o(i.ginitusart)
    gnvicset                                 0x08001947   Thumb Code    78  gbsp.o(i.gnvicset)
    main                                     0x080019bd   Thumb Code    16  gmain.o(i.main)
    Region$$Table$$Base                      0x080019dc   Number         0  anon$$obj.o(Region$$Table)
    Load$$ERAM_VECT$$RO$$Base                0x08001a1c   Number         0  anon$$obj.o ABSOLUTE
    Region$$Table$$Limit                     0x08001a1c   Number         0  anon$$obj.o(Region$$Table)
    Load$$ERAM_VECT$$RW$$Base                0x08001b4c   Number         0  anon$$obj.o ABSOLUTE
    Image$$ERAM_VECT$$RO$$Base               0x20000000   Number         0  anon$$obj.o ABSOLUTE
    __Vectors                                0x20000000   Data           4  girq.o(RESET)
    Image$$ERAM_VECT$$RW$$Base               0x20000130   Number         0  anon$$obj.o ABSOLUTE
    __Vectors_End                            0x20000130   Data           0  girq.o(RESET)
    timerticks                               0x20000130   Data           4  gtimer.o(.data)
    HalFaultCode                             0x2000014c   Data           4  gevent.o(.data)
    SysTaskFlag                              0x20000150   Data           4  gevent.o(.data)
    SysTaskMask                              0x20000154   Data           4  gevent.o(.data)
    SystemCoreClock                          0x20000158   Data           4  system_stm32f10x.o(.data)
    AHBPrescTable                            0x2000015c   Data          16  system_stm32f10x.o(.data)
    aplstate                                 0x2000016c   Data           1  gfreezeusertask.o(.data)
    ADChannelCurVal                          0x2000017a   Data           6  gadc.o(.data)
    ADChannellastVal                         0x20000180   Data           6  gadc.o(.data)
    adcbufcnt                                0x20000186   Data           1  gadc.o(.data)
    adconvertflag                            0x20000187   Data           1  gadc.o(.data)
    Image$$ERAM_VECT$$ZI$$Base               0x2000019c   Number         0  anon$$obj.o ABSOLUTE
    LCDRxFifo                                0x20000338   Data          20  gfreezeusertask.o(.bss)
    LCDTxFifo                                0x2000034c   Data          20  gfreezeusertask.o(.bss)
    ADChannelValBuf                          0x200003b0   Data          30  gadc.o(.bss)
    CMD_LCD                                  0x200003ce   Data          16  glcd.o(.bss)
    __libspace_start                         0x200003e0   Data          96  libspace.o(.bss)
    __temporary_stack_top$libspace           0x20000440   Data           0  libspace.o(.bss)



==============================================================================

Memory Map of the image

  Image Entry point : 0x08000009

  Load Region LROM_BOOT (Base: 0x08000000, Size: 0x00001bb8, Max: 0x00010000, ABSOLUTE)

    Execution Region EROM_START (Exec base: 0x08000000, Load base: 0x08000000, Size: 0x00001a1c, Max: 0xffffffff, ABSOLUTE)

    Exec Addr    Load Addr    Size         Type   Attr      Idx    E Section Name        Object

    0x08000000   0x08000000   0x00000008   Data   RO          505    STARTVARA           gboot.o
    0x08000008   0x08000008   0x00000008   Code   RO         3193  * !!!main             c_w.l(__main.o)
    0x08000010   0x08000010   0x00000034   Code   RO         3544    !!!scatter          c_w.l(__scatter.o)
    0x08000044   0x08000044   0x0000001a   Code   RO         3546    !!handler_copy      c_w.l(__scatter_copy.o)
    0x0800005e   0x0800005e   0x00000002   PAD
    0x08000060   0x08000060   0x0000001c   Code   RO         3548    !!handler_zi        c_w.l(__scatter_zi.o)
    0x0800007c   0x0800007c   0x00000002   Code   RO         3483    .ARM.Collect$$libinit$$00000000  c_w.l(libinit.o)
    0x0800007e   0x0800007e   0x00000000   Code   RO         3281    .ARM.Collect$$libinit$$00000002  c_w.l(libinit2.o)
    0x0800007e   0x0800007e   0x00000000   Code   RO         3283    .ARM.Collect$$libinit$$00000004  c_w.l(libinit2.o)
    0x0800007e   0x0800007e   0x00000000   Code   RO         3286    .ARM.Collect$$libinit$$0000000A  c_w.l(libinit2.o)
    0x0800007e   0x0800007e   0x00000000   Code   RO         3288    .ARM.Collect$$libinit$$0000000C  c_w.l(libinit2.o)
    0x0800007e   0x0800007e   0x00000000   Code   RO         3290    .ARM.Collect$$libinit$$0000000E  c_w.l(libinit2.o)
    0x0800007e   0x0800007e   0x00000000   Code   RO         3293    .ARM.Collect$$libinit$$00000011  c_w.l(libinit2.o)
    0x0800007e   0x0800007e   0x00000000   Code   RO         3295    .ARM.Collect$$libinit$$00000013  c_w.l(libinit2.o)
    0x0800007e   0x0800007e   0x00000000   Code   RO         3297    .ARM.Collect$$libinit$$00000015  c_w.l(libinit2.o)
    0x0800007e   0x0800007e   0x00000000   Code   RO         3299    .ARM.Collect$$libinit$$00000017  c_w.l(libinit2.o)
    0x0800007e   0x0800007e   0x00000000   Code   RO         3301    .ARM.Collect$$libinit$$00000019  c_w.l(libinit2.o)
    0x0800007e   0x0800007e   0x00000000   Code   RO         3303    .ARM.Collect$$libinit$$0000001B  c_w.l(libinit2.o)
    0x0800007e   0x0800007e   0x00000000   Code   RO         3305    .ARM.Collect$$libinit$$0000001D  c_w.l(libinit2.o)
    0x0800007e   0x0800007e   0x00000000   Code   RO         3307    .ARM.Collect$$libinit$$0000001F  c_w.l(libinit2.o)
    0x0800007e   0x0800007e   0x00000000   Code   RO         3309    .ARM.Collect$$libinit$$00000021  c_w.l(libinit2.o)
    0x0800007e   0x0800007e   0x00000000   Code   RO         3311    .ARM.Collect$$libinit$$00000023  c_w.l(libinit2.o)
    0x0800007e   0x0800007e   0x00000000   Code   RO         3313    .ARM.Collect$$libinit$$00000025  c_w.l(libinit2.o)
    0x0800007e   0x0800007e   0x00000000   Code   RO         3317    .ARM.Collect$$libinit$$0000002C  c_w.l(libinit2.o)
    0x0800007e   0x0800007e   0x00000000   Code   RO         3319    .ARM.Collect$$libinit$$0000002E  c_w.l(libinit2.o)
    0x0800007e   0x0800007e   0x00000000   Code   RO         3321    .ARM.Collect$$libinit$$00000030  c_w.l(libinit2.o)
    0x0800007e   0x0800007e   0x00000000   Code   RO         3323    .ARM.Collect$$libinit$$00000032  c_w.l(libinit2.o)
    0x0800007e   0x0800007e   0x00000002   Code   RO         3324    .ARM.Collect$$libinit$$00000033  c_w.l(libinit2.o)
    0x08000080   0x08000080   0x00000002   Code   RO         3541    .ARM.Collect$$libshutdown$$00000000  c_w.l(libshutdown.o)
    0x08000082   0x08000082   0x00000000   Code   RO         3497    .ARM.Collect$$libshutdown$$00000002  c_w.l(libshutdown2.o)
    0x08000082   0x08000082   0x00000000   Code   RO         3499    .ARM.Collect$$libshutdown$$00000004  c_w.l(libshutdown2.o)
    0x08000082   0x08000082   0x00000000   Code   RO         3502    .ARM.Collect$$libshutdown$$00000007  c_w.l(libshutdown2.o)
    0x08000082   0x08000082   0x00000000   Code   RO         3505    .ARM.Collect$$libshutdown$$0000000A  c_w.l(libshutdown2.o)
    0x08000082   0x08000082   0x00000000   Code   RO         3507    .ARM.Collect$$libshutdown$$0000000C  c_w.l(libshutdown2.o)
    0x08000082   0x08000082   0x00000000   Code   RO         3510    .ARM.Collect$$libshutdown$$0000000F  c_w.l(libshutdown2.o)
    0x08000082   0x08000082   0x00000002   Code   RO         3511    .ARM.Collect$$libshutdown$$00000010  c_w.l(libshutdown2.o)
    0x08000084   0x08000084   0x00000000   Code   RO         3239    .ARM.Collect$$rtentry$$00000000  c_w.l(__rtentry.o)
    0x08000084   0x08000084   0x00000000   Code   RO         3373    .ARM.Collect$$rtentry$$00000002  c_w.l(__rtentry2.o)
    0x08000084   0x08000084   0x00000006   Code   RO         3385    .ARM.Collect$$rtentry$$00000004  c_w.l(__rtentry4.o)
    0x0800008a   0x0800008a   0x00000000   Code   RO         3375    .ARM.Collect$$rtentry$$00000009  c_w.l(__rtentry2.o)
    0x0800008a   0x0800008a   0x00000004   Code   RO         3376    .ARM.Collect$$rtentry$$0000000A  c_w.l(__rtentry2.o)
    0x0800008e   0x0800008e   0x00000000   Code   RO         3378    .ARM.Collect$$rtentry$$0000000C  c_w.l(__rtentry2.o)
    0x0800008e   0x0800008e   0x00000008   Code   RO         3379    .ARM.Collect$$rtentry$$0000000D  c_w.l(__rtentry2.o)
    0x08000096   0x08000096   0x00000002   Code   RO         3486    .ARM.Collect$$rtexit$$00000000  c_w.l(rtexit.o)
    0x08000098   0x08000098   0x00000000   Code   RO         3515    .ARM.Collect$$rtexit$$00000002  c_w.l(rtexit2.o)
    0x08000098   0x08000098   0x00000004   Code   RO         3516    .ARM.Collect$$rtexit$$00000003  c_w.l(rtexit2.o)
    0x0800009c   0x0800009c   0x00000006   Code   RO         3517    .ARM.Collect$$rtexit$$00000004  c_w.l(rtexit2.o)
    0x080000a2   0x080000a2   0x00000002   PAD
    0x080000a4   0x080000a4   0x00000040   Code   RO          623    .text               girq.o
    0x080000e4   0x080000e4   0x00000002   Code   RO         3055    .text               c_w.l(use_no_semi.o)
    0x080000e6   0x080000e6   0x00000006   Code   RO         3191    .text               c_w.l(heapauxi.o)
    0x080000ec   0x080000ec   0x00000008   Code   RO         3369    .text               c_w.l(libspace.o)
    0x080000f4   0x080000f4   0x0000004a   Code   RO         3460    .text               c_w.l(sys_stackheap_outer.o)
    0x0800013e   0x0800013e   0x00000012   Code   RO         3466    .text               c_w.l(exit.o)
    0x08000150   0x08000150   0x00000070   Code   RO          502    STARTUPFUNC         gboot.o
    0x080001c0   0x080001c0   0x00000016   Code   RO         1402    i.ADC_Cmd           stm32f10x_adc.o
    0x080001d6   0x080001d6   0x00000016   Code   RO         1403    i.ADC_DMACmd        stm32f10x_adc.o
    0x080001ec   0x080001ec   0x0000005c   Code   RO         1404    i.ADC_DeInit        stm32f10x_adc.o
    0x08000248   0x08000248   0x00000014   Code   RO         1410    i.ADC_GetCalibrationStatus  stm32f10x_adc.o
    0x0800025c   0x0800025c   0x00000014   Code   RO         1416    i.ADC_GetResetCalibrationStatus  stm32f10x_adc.o
    0x08000270   0x08000270   0x00000050   Code   RO         1420    i.ADC_Init          stm32f10x_adc.o
    0x080002c0   0x080002c0   0x000000b8   Code   RO         1424    i.ADC_RegularChannelConfig  stm32f10x_adc.o
    0x08000378   0x08000378   0x0000000a   Code   RO         1425    i.ADC_ResetCalibration  stm32f10x_adc.o
    0x08000382   0x08000382   0x00000016   Code   RO         1427    i.ADC_SoftwareStartConvCmd  stm32f10x_adc.o
    0x08000398   0x08000398   0x0000000a   Code   RO         1429    i.ADC_StartCalibration  stm32f10x_adc.o
    0x080003a2   0x080003a2   0x00000010   Code   RO          852    i.BspInit           gbsp.o
    0x080003b2   0x080003b2   0x00000004   Code   RO          630    i.BusFault_Handler  stm32f10x_it.o
    0x080003b6   0x080003b6   0x00000002   PAD
    0x080003b8   0x080003b8   0x0000007c   Code   RO          897    i.DMA1_Channel1_IRQHandler  gadc.o
    0x08000434   0x08000434   0x0000001c   Code   RO         1631    i.DMA_ClearITPendingBit  stm32f10x_dma.o
    0x08000450   0x08000450   0x00000018   Code   RO         1632    i.DMA_Cmd           stm32f10x_dma.o
    0x08000468   0x08000468   0x0000014c   Code   RO         1633    i.DMA_DeInit        stm32f10x_dma.o
    0x080005b4   0x080005b4   0x0000002c   Code   RO         1636    i.DMA_GetITStatus   stm32f10x_dma.o
    0x080005e0   0x080005e0   0x00000012   Code   RO         1637    i.DMA_ITConfig      stm32f10x_dma.o
    0x080005f2   0x080005f2   0x0000003c   Code   RO         1638    i.DMA_Init          stm32f10x_dma.o
    0x0800062e   0x0800062e   0x00000002   Code   RO          631    i.DebugMon_Handler  stm32f10x_it.o
    0x08000630   0x08000630   0x0000001c   Code   RO         1797    i.FLASH_PrefetchBufferCmd  stm32f10x_flash.o
    0x0800064c   0x0800064c   0x00000018   Code   RO         1802    i.FLASH_SetLatency  stm32f10x_flash.o
    0x08000664   0x08000664   0x0000001c   Code   RO          282    i.GFIFOInit         gpipe.o
    0x08000680   0x08000680   0x00000014   Code   RO          283    i.GFIFOIsEmpty      gpipe.o
    0x08000694   0x08000694   0x00000018   Code   RO          284    i.GFIFOIsFull       gpipe.o
    0x080006ac   0x080006ac   0x00000038   Code   RO          286    i.GFIFOPop          gpipe.o
    0x080006e4   0x080006e4   0x0000003a   Code   RO          288    i.GFIFOPush         gpipe.o
    0x0800071e   0x0800071e   0x00000116   Code   RO         1972    i.GPIO_Init         stm32f10x_gpio.o
    0x08000834   0x08000834   0x00000012   Code   RO         1976    i.GPIO_ReadInputDataBit  stm32f10x_gpio.o
    0x08000846   0x08000846   0x00000012   Code   RO         1978    i.GPIO_ReadOutputDataBit  stm32f10x_gpio.o
    0x08000858   0x08000858   0x0000000a   Code   RO         1983    i.GPIO_WriteBit     stm32f10x_gpio.o
    0x08000862   0x08000862   0x00000002   PAD
    0x08000864   0x08000864   0x0000005c   Code   RO          180    i.GTimerLoop        gtimer.o
    0x080008c0   0x080008c0   0x00000048   Code   RO          183    i.GTimerNodeInit    gtimer.o
    0x08000908   0x08000908   0x0000002c   Code   RO          184    i.GTimerStart       gtimer.o
    0x08000934   0x08000934   0x00000028   Code   RO          185    i.GTimerStop        gtimer.o
    0x0800095c   0x0800095c   0x00000070   Code   RO          853    i.GenericGpioInit   gbsp.o
    0x080009cc   0x080009cc   0x00000094   Code   RO          705    i.GosInit           gfreezeusertask.o
    0x08000a60   0x08000a60   0x00000002   Code   RO          706    i.HAL_EXIT_EVENT    gfreezeusertask.o
    0x08000a62   0x08000a62   0x00000002   PAD
    0x08000a64   0x08000a64   0x00000030   Code   RO          707    i.HAL_FAULT_EVENT   gfreezeusertask.o
    0x08000a94   0x08000a94   0x00000018   Code   RO          708    i.HAL_GSMRX_EVENT   gfreezeusertask.o
    0x08000aac   0x08000aac   0x00000020   Code   RO          709    i.HAL_GSMTX_EVENT   gfreezeusertask.o
    0x08000acc   0x08000acc   0x0000000a   Code   RO          710    i.HAL_TIMER_EVENT   gfreezeusertask.o
    0x08000ad6   0x08000ad6   0x00000004   Code   RO          632    i.HardFault_Handler  stm32f10x_it.o
    0x08000ada   0x08000ada   0x00000002   PAD
    0x08000adc   0x08000adc   0x00000010   Code   RO          186    i.InitTimerlist     gtimer.o
    0x08000aec   0x08000aec   0x00000004   Code   RO          633    i.MemManage_Handler  stm32f10x_it.o
    0x08000af0   0x08000af0   0x00000002   Code   RO          634    i.NMI_Handler       stm32f10x_it.o
    0x08000af2   0x08000af2   0x00000002   PAD
    0x08000af4   0x08000af4   0x00000070   Code   RO         1348    i.NVIC_Init         misc.o
    0x08000b64   0x08000b64   0x00000014   Code   RO         1349    i.NVIC_PriorityGroupConfig  misc.o
    0x08000b78   0x08000b78   0x00000014   Code   RO         1350    i.NVIC_SetVectorTable  misc.o
    0x08000b8c   0x08000b8c   0x00000002   Code   RO          635    i.PendSV_Handler    stm32f10x_it.o
    0x08000b8e   0x08000b8e   0x00000002   PAD
    0x08000b90   0x08000b90   0x00000064   Code   RO          433    i.ProcessManagerTask  gevent.o
    0x08000bf4   0x08000bf4   0x00000020   Code   RO         2093    i.RCC_AHBPeriphClockCmd  stm32f10x_rcc.o
    0x08000c14   0x08000c14   0x00000020   Code   RO         2096    i.RCC_APB2PeriphClockCmd  stm32f10x_rcc.o
    0x08000c34   0x08000c34   0x00000020   Code   RO         2097    i.RCC_APB2PeriphResetCmd  stm32f10x_rcc.o
    0x08000c54   0x08000c54   0x0000004c   Code   RO         2103    i.RCC_DeInit        stm32f10x_rcc.o
    0x08000ca0   0x08000ca0   0x000000d4   Code   RO         2104    i.RCC_GetClocksFreq  stm32f10x_rcc.o
    0x08000d74   0x08000d74   0x0000003c   Code   RO         2105    i.RCC_GetFlagStatus  stm32f10x_rcc.o
    0x08000db0   0x08000db0   0x00000010   Code   RO         2107    i.RCC_GetSYSCLKSource  stm32f10x_rcc.o
    0x08000dc0   0x08000dc0   0x00000018   Code   RO         2108    i.RCC_HCLKConfig    stm32f10x_rcc.o
    0x08000dd8   0x08000dd8   0x0000004c   Code   RO         2109    i.RCC_HSEConfig     stm32f10x_rcc.o
    0x08000e24   0x08000e24   0x0000000c   Code   RO         2110    i.RCC_HSICmd        stm32f10x_rcc.o
    0x08000e30   0x08000e30   0x0000000c   Code   RO         2113    i.RCC_LSICmd        stm32f10x_rcc.o
    0x08000e3c   0x08000e3c   0x00000018   Code   RO         2115    i.RCC_PCLK1Config   stm32f10x_rcc.o
    0x08000e54   0x08000e54   0x00000018   Code   RO         2116    i.RCC_PCLK2Config   stm32f10x_rcc.o
    0x08000e6c   0x08000e6c   0x0000000c   Code   RO         2117    i.RCC_PLLCmd        stm32f10x_rcc.o
    0x08000e78   0x08000e78   0x00000018   Code   RO         2121    i.RCC_SYSCLKConfig  stm32f10x_rcc.o
    0x08000e90   0x08000e90   0x00000002   Code   RO          636    i.SVC_Handler       stm32f10x_it.o
    0x08000e92   0x08000e92   0x00000002   PAD
    0x08000e94   0x08000e94   0x00000034   Code   RO          711    i.SYS_APL_EVENT     gfreezeusertask.o
    0x08000ec8   0x08000ec8   0x00000090   Code   RO          795    i.SendUsartString   gusart.o
    0x08000f58   0x08000f58   0x00000008   Code   RO          545    i.SetSysClock       system_stm32f10x.o
    0x08000f60   0x08000f60   0x000000e0   Code   RO          546    i.SetSysClockTo72   system_stm32f10x.o
    0x08001040   0x08001040   0x00000024   Code   RO          434    i.SysRun            gevent.o
    0x08001064   0x08001064   0x00000028   Code   RO         1352    i.SysTick_CLKSourceConfig  misc.o
    0x0800108c   0x0800108c   0x00000024   Code   RO          637    i.SysTick_Handler   stm32f10x_it.o
    0x080010b0   0x080010b0   0x00000060   Code   RO          548    i.SystemInit        system_stm32f10x.o
    0x08001110   0x08001110   0x000000d8   Code   RO          796    i.USART1_IRQHandler  gusart.o
    0x080011e8   0x080011e8   0x0000001e   Code   RO         2305    i.USART_ClearITPendingBit  stm32f10x_usart.o
    0x08001206   0x08001206   0x00000018   Code   RO         2308    i.USART_Cmd         stm32f10x_usart.o
    0x0800121e   0x0800121e   0x0000001a   Code   RO         2311    i.USART_GetFlagStatus  stm32f10x_usart.o
    0x08001238   0x08001238   0x00000054   Code   RO         2312    i.USART_GetITStatus  stm32f10x_usart.o
    0x0800128c   0x0800128c   0x0000004a   Code   RO         2314    i.USART_ITConfig    stm32f10x_usart.o
    0x080012d6   0x080012d6   0x00000002   PAD
    0x080012d8   0x080012d8   0x000000d8   Code   RO         2315    i.USART_Init        stm32f10x_usart.o
    0x080013b0   0x080013b0   0x0000000a   Code   RO         2322    i.USART_ReceiveData  stm32f10x_usart.o
    0x080013ba   0x080013ba   0x00000008   Code   RO         2325    i.USART_SendData    stm32f10x_usart.o
    0x080013c2   0x080013c2   0x00000004   Code   RO          638    i.UsageFault_Handler  stm32f10x_it.o
    0x080013c6   0x080013c6   0x00000004   Code   RO          378    i._sys_exit         retarget.o
    0x080013ca   0x080013ca   0x0000008a   Code   RO          187    i.blockdelay_nus    gtimer.o
    0x08001454   0x08001454   0x00000134   Code   RO          898    i.gInitAnalogADC    gadc.o
    0x08001588   0x08001588   0x0000002e   Code   RO            4    i.gIsNodeInList     glist.o
    0x080015b6   0x080015b6   0x00000020   Code   RO            6    i.gListAddLast      glist.o
    0x080015d6   0x080015d6   0x0000000c   Code   RO            7    i.gListCount        glist.o
    0x080015e2   0x080015e2   0x00000014   Code   RO            9    i.gListInit         glist.o
    0x080015f6   0x080015f6   0x0000002a   Code   RO           13    i.gListNodeRemove   glist.o
    0x08001620   0x08001620   0x00000010   Code   RO           17    i.gNodeInit         glist.o
    0x08001630   0x08001630   0x000000e0   Code   RO         1314    i.gSendDisplay      glcd.o
    0x08001710   0x08001710   0x0000000c   Code   RO          189    i.gentercritical    gtimer.o
    0x0800171c   0x0800171c   0x000000a0   Code   RO          713    i.gfswitchdetect    gfreezeusertask.o
    0x080017bc   0x080017bc   0x0000000c   Code   RO          503    i.ghwcoreinit       gboot.o
    0x080017c8   0x080017c8   0x000000dc   Code   RO          854    i.ghwrccset         gbsp.o
    0x080018a4   0x080018a4   0x00000002   Code   RO          435    i.gidle             gevent.o
    0x080018a6   0x080018a6   0x00000002   PAD
    0x080018a8   0x080018a8   0x00000074   Code   RO          798    i.ginitusart        gusart.o
    0x0800191c   0x0800191c   0x00000020   Code   RO          714    i.glcdisptime       gfreezeusertask.o
    0x0800193c   0x0800193c   0x0000000a   Code   RO          190    i.gleavecritical    gtimer.o
    0x08001946   0x08001946   0x0000004e   Code   RO          855    i.gnvicset          gbsp.o
    0x08001994   0x08001994   0x00000028   Code   RO          715    i.gsledtoggle       gfreezeusertask.o
    0x080019bc   0x080019bc   0x00000010   Code   RO          591    i.main              gmain.o
    0x080019cc   0x080019cc   0x00000010   Data   RO          800    .constdata          gusart.o
    0x080019dc   0x080019dc   0x00000040   Data   RO         3542    Region$$Table       anon$$obj.o


    Execution Region ERAM_VECT (Exec base: 0x20000000, Load base: 0x08001a1c, Size: 0x00000440, Max: 0x00001800, ABSOLUTE)

    Exec Addr    Load Addr    Size         Type   Attr      Idx    E Section Name        Object

    0x20000000   0x08001a1c   0x00000130   Data   RO          622    RESET               girq.o
    0x20000130   0x08001b4c   0x00000004   Data   RW          192    .data               gtimer.o
    0x20000134   0x08001b50   0x00000024   Data   RW          436    .data               gevent.o
    0x20000158   0x08001b74   0x00000014   Data   RW          549    .data               system_stm32f10x.o
    0x2000016c   0x08001b88   0x00000007   Data   RW          717    .data               gfreezeusertask.o
    0x20000173   0x08001b8f   0x00000001   PAD
    0x20000174   0x08001b90   0x00000014   Data   RW          900    .data               gadc.o
    0x20000188   0x08001ba4   0x00000014   Data   RW         2124    .data               stm32f10x_rcc.o
    0x2000019c        -       0x0000000c   Zero   RW          191    .bss                gtimer.o
    0x200001a8        -       0x00000208   Zero   RW          716    .bss                gfreezeusertask.o
    0x200003b0        -       0x0000001e   Zero   RW          899    .bss                gadc.o
    0x200003ce        -       0x00000010   Zero   RW         1315    .bss                glcd.o
    0x200003de   0x08001bb8   0x00000002   PAD
    0x200003e0        -       0x00000060   Zero   RW         3370    .bss                c_w.l(libspace.o)


    Execution Region ERAM_STACK_HEAP (Exec base: 0x20001800, Load base: 0x08001bb8, Size: 0x00001000, Max: 0x00001000, ABSOLUTE)

    Exec Addr    Load Addr    Size         Type   Attr      Idx    E Section Name        Object

    0x20001800        -       0x00000800   Zero   RW          621    HEAP                girq.o
    0x20002000        -       0x00000800   Zero   RW          620    STACK               girq.o


==============================================================================

Image component sizes


      Code (inc. data)   RO Data    RW Data    ZI Data      Debug   Object Name

       432         36          0         20         30       6711   gadc.o
       124         34          8          0          0       2451   gboot.o
       426         18          0          0          0      27488   gbsp.o
       138         24          0         36          0       3997   gevent.o
       548        110          0          7        520       7010   gfreezeusertask.o
        64         26        304          0       4096        756   girq.o
       224         16          0          0         16       1261   glcd.o
       168          0          0          0          0     261183   glist.o
        16          0          0          0          0       2289   gmain.o
       186          0          0          0          0       3044   gpipe.o
       424         28          0          4         12      15145   gtimer.o
       476         46         16          0          0       2039   gusart.o
       192         30          0          0          0       3035   misc.o
         4          0          0          0          0        416   retarget.o
       482         24          0          0          0       8858   stm32f10x_adc.o
       506         26          0          0          0       5727   stm32f10x_dma.o
        52         12          0          0          0       1245   stm32f10x_flash.o
       324          0          0          0          0       4229   stm32f10x_gpio.o
        60          8          0          0          0       3742   stm32f10x_it.o
       668        106          0         20          0      12124   stm32f10x_rcc.o
       472          6          0          0          0       7539   stm32f10x_usart.o
       328         28          0         20          0       2161   system_stm32f10x.o

    ----------------------------------------------------------------------
      6332        578        392        108       4676     382450   Object Totals
         0          0         64          0          0          0   (incl. Generated)
        18          0          0          1          2          0   (incl. Padding)

    ----------------------------------------------------------------------

      Code (inc. data)   RO Data    RW Data    ZI Data      Debug   Library Member Name

         8          0          0          0          0         68   __main.o
         0          0          0          0          0          0   __rtentry.o
        12          0          0          0          0          0   __rtentry2.o
         6          0          0          0          0          0   __rtentry4.o
        52          8          0          0          0          0   __scatter.o
        26          0          0          0          0          0   __scatter_copy.o
        28          0          0          0          0          0   __scatter_zi.o
        18          0          0          0          0         80   exit.o
         6          0          0          0          0        152   heapauxi.o
         2          0          0          0          0          0   libinit.o
         2          0          0          0          0          0   libinit2.o
         2          0          0          0          0          0   libshutdown.o
         2          0          0          0          0          0   libshutdown2.o
         8          4          0          0         96         68   libspace.o
         2          0          0          0          0          0   rtexit.o
        10          0          0          0          0          0   rtexit2.o
        74          0          0          0          0         80   sys_stackheap_outer.o
         2          0          0          0          0         68   use_no_semi.o

    ----------------------------------------------------------------------
       264         12          0          0         96        516   Library Totals
         4          0          0          0          0          0   (incl. Padding)

    ----------------------------------------------------------------------

      Code (inc. data)   RO Data    RW Data    ZI Data      Debug   Library Name

       260         12          0          0         96        516   c_w.l

    ----------------------------------------------------------------------
       264         12          0          0         96        516   Library Totals

    ----------------------------------------------------------------------

==============================================================================


      Code (inc. data)   RO Data    RW Data    ZI Data      Debug   

      6596        590        392        108       4772     377554   Grand Totals
      6596        590        392        108       4772     377554   ELF Image Totals
      6596        590        392        108          0          0   ROM Totals

==============================================================================

    Total RO  Size (Code + RO Data)                 6988 (   6.82kB)
    Total RW  Size (RW Data + ZI Data)              4880 (   4.77kB)
    Total ROM Size (Code + RO Data + RW Data)       7096 (   6.93kB)

==============================================================================

