<!doctype html public "-//w3c//dtd html 4.0 transitional//en">
<html><head>
<title>Static Call Graph - [.\Objects\masslink.axf]</title></head>
<body><HR>
<H1>Static Call Graph for image .\Objects\masslink.axf</H1><HR>
<BR><P>#&#060CALLGRAPH&#062# ARM Linker, 5060528: Last Updated: Sun May 05 17:59:33 2019
<BR><P>
<H3>Maximum Stack Usage =        104 bytes + Unknown(Functions without stacksize, Cycles, Untraceable Function Pointers)</H3><H3>
Call chain for Maximum Stack Depth:</H3>
__rt_entry_main &rArr; main &rArr; BspInit &rArr; gInitAnalogADC &rArr; GPIO_Init
<P>
<H3>
Functions with no stack information
</H3><UL>
 <LI><a href="#[6b]">__user_initial_stackheap</a>
</UL>
</UL>
<P>
<H3>
Mutually Recursive functions
</H3> <LI><a href="#[2a]">ADC1_2_IRQHandler</a>&nbsp;&nbsp;&nbsp;&rArr;&nbsp;&nbsp;&nbsp;<a href="#[2a]">ADC1_2_IRQHandler</a><BR>
</UL>
<P>
<H3>
Function Pointers
</H3><UL>
 <LI><a href="#[2a]">ADC1_2_IRQHandler</a> from girq.o(.text) referenced from girq.o(RESET)
 <LI><a href="#[47]">ADC3_IRQHandler</a> from girq.o(.text) referenced from girq.o(RESET)
 <LI><a href="#[12]">BusFault_Handler</a> from stm32f10x_it.o(i.BusFault_Handler) referenced from girq.o(RESET)
 <LI><a href="#[2d]">CAN1_RX1_IRQHandler</a> from girq.o(.text) referenced from girq.o(RESET)
 <LI><a href="#[2e]">CAN1_SCE_IRQHandler</a> from girq.o(.text) referenced from girq.o(RESET)
 <LI><a href="#[23]">DMA1_Channel1_IRQHandler</a> from gadc.o(i.DMA1_Channel1_IRQHandler) referenced from girq.o(RESET)
 <LI><a href="#[24]">DMA1_Channel2_IRQHandler</a> from girq.o(.text) referenced from girq.o(RESET)
 <LI><a href="#[25]">DMA1_Channel3_IRQHandler</a> from girq.o(.text) referenced from girq.o(RESET)
 <LI><a href="#[26]">DMA1_Channel4_IRQHandler</a> from girq.o(.text) referenced from girq.o(RESET)
 <LI><a href="#[27]">DMA1_Channel5_IRQHandler</a> from girq.o(.text) referenced from girq.o(RESET)
 <LI><a href="#[28]">DMA1_Channel6_IRQHandler</a> from girq.o(.text) referenced from girq.o(RESET)
 <LI><a href="#[29]">DMA1_Channel7_IRQHandler</a> from girq.o(.text) referenced from girq.o(RESET)
 <LI><a href="#[50]">DMA2_Channel1_IRQHandler</a> from girq.o(.text) referenced from girq.o(RESET)
 <LI><a href="#[51]">DMA2_Channel2_IRQHandler</a> from girq.o(.text) referenced from girq.o(RESET)
 <LI><a href="#[52]">DMA2_Channel3_IRQHandler</a> from girq.o(.text) referenced from girq.o(RESET)
 <LI><a href="#[53]">DMA2_Channel4_5_IRQHandler</a> from girq.o(.text) referenced from girq.o(RESET)
 <LI><a href="#[15]">DebugMon_Handler</a> from stm32f10x_it.o(i.DebugMon_Handler) referenced from girq.o(RESET)
 <LI><a href="#[1e]">EXTI0_IRQHandler</a> from girq.o(.text) referenced from girq.o(RESET)
 <LI><a href="#[40]">EXTI15_10_IRQHandler</a> from girq.o(.text) referenced from girq.o(RESET)
 <LI><a href="#[1f]">EXTI1_IRQHandler</a> from girq.o(.text) referenced from girq.o(RESET)
 <LI><a href="#[20]">EXTI2_IRQHandler</a> from girq.o(.text) referenced from girq.o(RESET)
 <LI><a href="#[21]">EXTI3_IRQHandler</a> from girq.o(.text) referenced from girq.o(RESET)
 <LI><a href="#[22]">EXTI4_IRQHandler</a> from girq.o(.text) referenced from girq.o(RESET)
 <LI><a href="#[2f]">EXTI9_5_IRQHandler</a> from girq.o(.text) referenced from girq.o(RESET)
 <LI><a href="#[1c]">FLASH_IRQHandler</a> from girq.o(.text) referenced from girq.o(RESET)
 <LI><a href="#[48]">FSMC_IRQHandler</a> from girq.o(.text) referenced from girq.o(RESET)
 <LI><a href="#[55]">HAL_EXIT_EVENT</a> from gfreezeusertask.o(i.HAL_EXIT_EVENT) referenced from gevent.o(.data)
 <LI><a href="#[57]">HAL_FAULT_EVENT</a> from gfreezeusertask.o(i.HAL_FAULT_EVENT) referenced from gevent.o(.data)
 <LI><a href="#[54]">HAL_GSMRX_EVENT</a> from gfreezeusertask.o(i.HAL_GSMRX_EVENT) referenced from gevent.o(.data)
 <LI><a href="#[56]">HAL_GSMTX_EVENT</a> from gfreezeusertask.o(i.HAL_GSMTX_EVENT) referenced from gevent.o(.data)
 <LI><a href="#[59]">HAL_TIMER_EVENT</a> from gfreezeusertask.o(i.HAL_TIMER_EVENT) referenced from gevent.o(.data)
 <LI><a href="#[10]">HardFault_Handler</a> from stm32f10x_it.o(i.HardFault_Handler) referenced from girq.o(RESET)
 <LI><a href="#[38]">I2C1_ER_IRQHandler</a> from girq.o(.text) referenced from girq.o(RESET)
 <LI><a href="#[37]">I2C1_EV_IRQHandler</a> from girq.o(.text) referenced from girq.o(RESET)
 <LI><a href="#[3a]">I2C2_ER_IRQHandler</a> from girq.o(.text) referenced from girq.o(RESET)
 <LI><a href="#[39]">I2C2_EV_IRQHandler</a> from girq.o(.text) referenced from girq.o(RESET)
 <LI><a href="#[11]">MemManage_Handler</a> from stm32f10x_it.o(i.MemManage_Handler) referenced from girq.o(RESET)
 <LI><a href="#[f]">NMI_Handler</a> from stm32f10x_it.o(i.NMI_Handler) referenced from girq.o(RESET)
 <LI><a href="#[19]">PVD_IRQHandler</a> from girq.o(.text) referenced from girq.o(RESET)
 <LI><a href="#[16]">PendSV_Handler</a> from stm32f10x_it.o(i.PendSV_Handler) referenced from girq.o(RESET)
 <LI><a href="#[1d]">RCC_IRQHandler</a> from girq.o(.text) referenced from girq.o(RESET)
 <LI><a href="#[41]">RTCAlarm_IRQHandler</a> from girq.o(.text) referenced from girq.o(RESET)
 <LI><a href="#[1b]">RTC_IRQHandler</a> from girq.o(.text) referenced from girq.o(RESET)
 <LI><a href="#[49]">SDIO_IRQHandler</a> from girq.o(.text) referenced from girq.o(RESET)
 <LI><a href="#[3b]">SPI1_IRQHandler</a> from girq.o(.text) referenced from girq.o(RESET)
 <LI><a href="#[3c]">SPI2_IRQHandler</a> from girq.o(.text) referenced from girq.o(RESET)
 <LI><a href="#[4b]">SPI3_IRQHandler</a> from girq.o(.text) referenced from girq.o(RESET)
 <LI><a href="#[14]">SVC_Handler</a> from stm32f10x_it.o(i.SVC_Handler) referenced from girq.o(RESET)
 <LI><a href="#[58]">SYS_APL_EVENT</a> from gfreezeusertask.o(i.SYS_APL_EVENT) referenced from gevent.o(.data)
 <LI><a href="#[17]">SysTick_Handler</a> from stm32f10x_it.o(i.SysTick_Handler) referenced from girq.o(RESET)
 <LI><a href="#[a]">SystemInit</a> from system_stm32f10x.o(i.SystemInit) referenced from girq.o(.text)
 <LI><a href="#[1a]">TAMPER_IRQHandler</a> from girq.o(.text) referenced from girq.o(RESET)
 <LI><a href="#[30]">TIM1_BRK_IRQHandler</a> from girq.o(.text) referenced from girq.o(RESET)
 <LI><a href="#[33]">TIM1_CC_IRQHandler</a> from girq.o(.text) referenced from girq.o(RESET)
 <LI><a href="#[32]">TIM1_TRG_COM_IRQHandler</a> from girq.o(.text) referenced from girq.o(RESET)
 <LI><a href="#[31]">TIM1_UP_IRQHandler</a> from girq.o(.text) referenced from girq.o(RESET)
 <LI><a href="#[34]">TIM2_IRQHandler</a> from girq.o(.text) referenced from girq.o(RESET)
 <LI><a href="#[35]">TIM3_IRQHandler</a> from girq.o(.text) referenced from girq.o(RESET)
 <LI><a href="#[36]">TIM4_IRQHandler</a> from girq.o(.text) referenced from girq.o(RESET)
 <LI><a href="#[4a]">TIM5_IRQHandler</a> from girq.o(.text) referenced from girq.o(RESET)
 <LI><a href="#[4e]">TIM6_IRQHandler</a> from girq.o(.text) referenced from girq.o(RESET)
 <LI><a href="#[4f]">TIM7_IRQHandler</a> from girq.o(.text) referenced from girq.o(RESET)
 <LI><a href="#[43]">TIM8_BRK_IRQHandler</a> from girq.o(.text) referenced from girq.o(RESET)
 <LI><a href="#[46]">TIM8_CC_IRQHandler</a> from girq.o(.text) referenced from girq.o(RESET)
 <LI><a href="#[45]">TIM8_TRG_COM_IRQHandler</a> from girq.o(.text) referenced from girq.o(RESET)
 <LI><a href="#[44]">TIM8_UP_IRQHandler</a> from girq.o(.text) referenced from girq.o(RESET)
 <LI><a href="#[4c]">UART4_IRQHandler</a> from girq.o(.text) referenced from girq.o(RESET)
 <LI><a href="#[4d]">UART5_IRQHandler</a> from girq.o(.text) referenced from girq.o(RESET)
 <LI><a href="#[3d]">USART1_IRQHandler</a> from gusart.o(i.USART1_IRQHandler) referenced from girq.o(RESET)
 <LI><a href="#[3e]">USART2_IRQHandler</a> from girq.o(.text) referenced from girq.o(RESET)
 <LI><a href="#[3f]">USART3_IRQHandler</a> from girq.o(.text) referenced from girq.o(RESET)
 <LI><a href="#[42]">USBWakeUp_IRQHandler</a> from girq.o(.text) referenced from girq.o(RESET)
 <LI><a href="#[2b]">USB_HP_CAN1_TX_IRQHandler</a> from girq.o(.text) referenced from girq.o(RESET)
 <LI><a href="#[2c]">USB_LP_CAN1_RX0_IRQHandler</a> from girq.o(.text) referenced from girq.o(RESET)
 <LI><a href="#[13]">UsageFault_Handler</a> from stm32f10x_it.o(i.UsageFault_Handler) referenced from girq.o(RESET)
 <LI><a href="#[18]">WWDG_IRQHandler</a> from girq.o(.text) referenced from girq.o(RESET)
 <LI><a href="#[5a]">__main</a> from __main.o(!!!main) referenced from girq.o(.text)
 <LI><a href="#[9]">gboot</a> from gboot.o(STARTUPFUNC) referenced from gboot.o(STARTVARA)
 <LI><a href="#[d]">gfswitchdetect</a> from gfreezeusertask.o(i.gfswitchdetect) referenced from gfreezeusertask.o(i.GosInit)
 <LI><a href="#[e]">glcdisptime</a> from gfreezeusertask.o(i.glcdisptime) referenced from gfreezeusertask.o(i.GosInit)
 <LI><a href="#[c]">gsledtoggle</a> from gfreezeusertask.o(i.gsledtoggle) referenced from gfreezeusertask.o(i.GosInit)
</UL>
<P>
<H3>
Global Symbols
</H3>
<P><STRONG><a name="[5a]"></a>__main</STRONG> (Thumb, 8 bytes, Stack size 0 bytes, __main.o(!!!main))
<BR><BR>[Calls]<UL><LI><a href="#[5c]">&gt;&gt;</a>&nbsp;&nbsp;&nbsp;__rt_entry
<LI><a href="#[5b]">&gt;&gt;</a>&nbsp;&nbsp;&nbsp;__scatterload
</UL>
<BR>[Called By]<UL><LI><a href="#[9]">&gt;&gt;</a>&nbsp;&nbsp;&nbsp;gboot
</UL>

<P><STRONG><a name="[5b]"></a>__scatterload</STRONG> (Thumb, 0 bytes, Stack size unknown bytes, __scatter.o(!!!scatter))
<BR><BR>[Called By]<UL><LI><a href="#[5a]">&gt;&gt;</a>&nbsp;&nbsp;&nbsp;__main
</UL>

<P><STRONG><a name="[5d]"></a>__scatterload_rt2</STRONG> (Thumb, 44 bytes, Stack size unknown bytes, __scatter.o(!!!scatter), UNUSED)
<BR><BR>[Calls]<UL><LI><a href="#[5c]">&gt;&gt;</a>&nbsp;&nbsp;&nbsp;__rt_entry
</UL>

<P><STRONG><a name="[c2]"></a>__scatterload_rt2_thumb_only</STRONG> (Thumb, 0 bytes, Stack size unknown bytes, __scatter.o(!!!scatter), UNUSED)

<P><STRONG><a name="[c3]"></a>__scatterload_null</STRONG> (Thumb, 0 bytes, Stack size unknown bytes, __scatter.o(!!!scatter), UNUSED)

<P><STRONG><a name="[5e]"></a>__scatterload_copy</STRONG> (Thumb, 26 bytes, Stack size unknown bytes, __scatter_copy.o(!!handler_copy), UNUSED)
<BR><BR>[Calls]<UL><LI><a href="#[5e]">&gt;&gt;</a>&nbsp;&nbsp;&nbsp;__scatterload_copy
</UL>
<BR>[Called By]<UL><LI><a href="#[5e]">&gt;&gt;</a>&nbsp;&nbsp;&nbsp;__scatterload_copy
</UL>

<P><STRONG><a name="[c4]"></a>__scatterload_zeroinit</STRONG> (Thumb, 28 bytes, Stack size unknown bytes, __scatter_zi.o(!!handler_zi), UNUSED)

<P><STRONG><a name="[62]"></a>__rt_lib_init</STRONG> (Thumb, 0 bytes, Stack size unknown bytes, libinit.o(.ARM.Collect$$libinit$$00000000))
<BR><BR>[Called By]<UL><LI><a href="#[61]">&gt;&gt;</a>&nbsp;&nbsp;&nbsp;__rt_entry_li
</UL>

<P><STRONG><a name="[c5]"></a>__rt_lib_init_alloca_1</STRONG> (Thumb, 0 bytes, Stack size unknown bytes, libinit2.o(.ARM.Collect$$libinit$$0000002E))

<P><STRONG><a name="[c6]"></a>__rt_lib_init_argv_1</STRONG> (Thumb, 0 bytes, Stack size unknown bytes, libinit2.o(.ARM.Collect$$libinit$$0000002C))

<P><STRONG><a name="[c7]"></a>__rt_lib_init_atexit_1</STRONG> (Thumb, 0 bytes, Stack size unknown bytes, libinit2.o(.ARM.Collect$$libinit$$0000001B))

<P><STRONG><a name="[c8]"></a>__rt_lib_init_clock_1</STRONG> (Thumb, 0 bytes, Stack size unknown bytes, libinit2.o(.ARM.Collect$$libinit$$00000021))

<P><STRONG><a name="[c9]"></a>__rt_lib_init_cpp_1</STRONG> (Thumb, 0 bytes, Stack size unknown bytes, libinit2.o(.ARM.Collect$$libinit$$00000032))

<P><STRONG><a name="[ca]"></a>__rt_lib_init_exceptions_1</STRONG> (Thumb, 0 bytes, Stack size unknown bytes, libinit2.o(.ARM.Collect$$libinit$$00000030))

<P><STRONG><a name="[cb]"></a>__rt_lib_init_fp_1</STRONG> (Thumb, 0 bytes, Stack size unknown bytes, libinit2.o(.ARM.Collect$$libinit$$00000002))

<P><STRONG><a name="[cc]"></a>__rt_lib_init_fp_trap_1</STRONG> (Thumb, 0 bytes, Stack size unknown bytes, libinit2.o(.ARM.Collect$$libinit$$0000001F))

<P><STRONG><a name="[cd]"></a>__rt_lib_init_getenv_1</STRONG> (Thumb, 0 bytes, Stack size unknown bytes, libinit2.o(.ARM.Collect$$libinit$$00000023))

<P><STRONG><a name="[ce]"></a>__rt_lib_init_heap_1</STRONG> (Thumb, 0 bytes, Stack size unknown bytes, libinit2.o(.ARM.Collect$$libinit$$0000000A))

<P><STRONG><a name="[cf]"></a>__rt_lib_init_lc_collate_1</STRONG> (Thumb, 0 bytes, Stack size unknown bytes, libinit2.o(.ARM.Collect$$libinit$$00000011))

<P><STRONG><a name="[d0]"></a>__rt_lib_init_lc_ctype_1</STRONG> (Thumb, 0 bytes, Stack size unknown bytes, libinit2.o(.ARM.Collect$$libinit$$00000013))

<P><STRONG><a name="[d1]"></a>__rt_lib_init_lc_monetary_1</STRONG> (Thumb, 0 bytes, Stack size unknown bytes, libinit2.o(.ARM.Collect$$libinit$$00000015))

<P><STRONG><a name="[d2]"></a>__rt_lib_init_lc_numeric_1</STRONG> (Thumb, 0 bytes, Stack size unknown bytes, libinit2.o(.ARM.Collect$$libinit$$00000017))

<P><STRONG><a name="[d3]"></a>__rt_lib_init_lc_time_1</STRONG> (Thumb, 0 bytes, Stack size unknown bytes, libinit2.o(.ARM.Collect$$libinit$$00000019))

<P><STRONG><a name="[d4]"></a>__rt_lib_init_preinit_1</STRONG> (Thumb, 0 bytes, Stack size unknown bytes, libinit2.o(.ARM.Collect$$libinit$$00000004))

<P><STRONG><a name="[d5]"></a>__rt_lib_init_rand_1</STRONG> (Thumb, 0 bytes, Stack size unknown bytes, libinit2.o(.ARM.Collect$$libinit$$0000000E))

<P><STRONG><a name="[d6]"></a>__rt_lib_init_return</STRONG> (Thumb, 0 bytes, Stack size unknown bytes, libinit2.o(.ARM.Collect$$libinit$$00000033))

<P><STRONG><a name="[d7]"></a>__rt_lib_init_signal_1</STRONG> (Thumb, 0 bytes, Stack size unknown bytes, libinit2.o(.ARM.Collect$$libinit$$0000001D))

<P><STRONG><a name="[d8]"></a>__rt_lib_init_stdio_1</STRONG> (Thumb, 0 bytes, Stack size unknown bytes, libinit2.o(.ARM.Collect$$libinit$$00000025))

<P><STRONG><a name="[d9]"></a>__rt_lib_init_user_alloc_1</STRONG> (Thumb, 0 bytes, Stack size unknown bytes, libinit2.o(.ARM.Collect$$libinit$$0000000C))

<P><STRONG><a name="[67]"></a>__rt_lib_shutdown</STRONG> (Thumb, 0 bytes, Stack size unknown bytes, libshutdown.o(.ARM.Collect$$libshutdown$$00000000))
<BR><BR>[Called By]<UL><LI><a href="#[66]">&gt;&gt;</a>&nbsp;&nbsp;&nbsp;__rt_exit_ls
</UL>

<P><STRONG><a name="[da]"></a>__rt_lib_shutdown_cpp_1</STRONG> (Thumb, 0 bytes, Stack size unknown bytes, libshutdown2.o(.ARM.Collect$$libshutdown$$00000002))

<P><STRONG><a name="[db]"></a>__rt_lib_shutdown_fp_trap_1</STRONG> (Thumb, 0 bytes, Stack size unknown bytes, libshutdown2.o(.ARM.Collect$$libshutdown$$00000007))

<P><STRONG><a name="[dc]"></a>__rt_lib_shutdown_heap_1</STRONG> (Thumb, 0 bytes, Stack size unknown bytes, libshutdown2.o(.ARM.Collect$$libshutdown$$0000000F))

<P><STRONG><a name="[dd]"></a>__rt_lib_shutdown_return</STRONG> (Thumb, 0 bytes, Stack size unknown bytes, libshutdown2.o(.ARM.Collect$$libshutdown$$00000010))

<P><STRONG><a name="[de]"></a>__rt_lib_shutdown_signal_1</STRONG> (Thumb, 0 bytes, Stack size unknown bytes, libshutdown2.o(.ARM.Collect$$libshutdown$$0000000A))

<P><STRONG><a name="[df]"></a>__rt_lib_shutdown_stdio_1</STRONG> (Thumb, 0 bytes, Stack size unknown bytes, libshutdown2.o(.ARM.Collect$$libshutdown$$00000004))

<P><STRONG><a name="[e0]"></a>__rt_lib_shutdown_user_alloc_1</STRONG> (Thumb, 0 bytes, Stack size unknown bytes, libshutdown2.o(.ARM.Collect$$libshutdown$$0000000C))

<P><STRONG><a name="[5c]"></a>__rt_entry</STRONG> (Thumb, 0 bytes, Stack size unknown bytes, __rtentry.o(.ARM.Collect$$rtentry$$00000000))
<BR><BR>[Called By]<UL><LI><a href="#[5a]">&gt;&gt;</a>&nbsp;&nbsp;&nbsp;__main
<LI><a href="#[5d]">&gt;&gt;</a>&nbsp;&nbsp;&nbsp;__scatterload_rt2
</UL>

<P><STRONG><a name="[e1]"></a>__rt_entry_presh_1</STRONG> (Thumb, 0 bytes, Stack size unknown bytes, __rtentry2.o(.ARM.Collect$$rtentry$$00000002))

<P><STRONG><a name="[5f]"></a>__rt_entry_sh</STRONG> (Thumb, 0 bytes, Stack size unknown bytes, __rtentry4.o(.ARM.Collect$$rtentry$$00000004))
<BR><BR>[Stack]<UL><LI>Max Depth = 8 + Unknown Stack Size
<LI>Call Chain = __rt_entry_sh &rArr; __user_setup_stackheap
</UL>
<BR>[Calls]<UL><LI><a href="#[60]">&gt;&gt;</a>&nbsp;&nbsp;&nbsp;__user_setup_stackheap
</UL>

<P><STRONG><a name="[61]"></a>__rt_entry_li</STRONG> (Thumb, 0 bytes, Stack size unknown bytes, __rtentry2.o(.ARM.Collect$$rtentry$$0000000A))
<BR><BR>[Calls]<UL><LI><a href="#[62]">&gt;&gt;</a>&nbsp;&nbsp;&nbsp;__rt_lib_init
</UL>

<P><STRONG><a name="[e2]"></a>__rt_entry_postsh_1</STRONG> (Thumb, 0 bytes, Stack size unknown bytes, __rtentry2.o(.ARM.Collect$$rtentry$$00000009))

<P><STRONG><a name="[63]"></a>__rt_entry_main</STRONG> (Thumb, 0 bytes, Stack size unknown bytes, __rtentry2.o(.ARM.Collect$$rtentry$$0000000D))
<BR><BR>[Stack]<UL><LI>Max Depth = 104 + Unknown Stack Size
<LI>Call Chain = __rt_entry_main &rArr; main &rArr; BspInit &rArr; gInitAnalogADC &rArr; GPIO_Init
</UL>
<BR>[Calls]<UL><LI><a href="#[64]">&gt;&gt;</a>&nbsp;&nbsp;&nbsp;main
<LI><a href="#[65]">&gt;&gt;</a>&nbsp;&nbsp;&nbsp;exit
</UL>

<P><STRONG><a name="[e3]"></a>__rt_entry_postli_1</STRONG> (Thumb, 0 bytes, Stack size unknown bytes, __rtentry2.o(.ARM.Collect$$rtentry$$0000000C))

<P><STRONG><a name="[6c]"></a>__rt_exit</STRONG> (Thumb, 0 bytes, Stack size unknown bytes, rtexit.o(.ARM.Collect$$rtexit$$00000000))
<BR><BR>[Called By]<UL><LI><a href="#[65]">&gt;&gt;</a>&nbsp;&nbsp;&nbsp;exit
</UL>

<P><STRONG><a name="[66]"></a>__rt_exit_ls</STRONG> (Thumb, 0 bytes, Stack size unknown bytes, rtexit2.o(.ARM.Collect$$rtexit$$00000003))
<BR><BR>[Calls]<UL><LI><a href="#[67]">&gt;&gt;</a>&nbsp;&nbsp;&nbsp;__rt_lib_shutdown
</UL>

<P><STRONG><a name="[e4]"></a>__rt_exit_prels_1</STRONG> (Thumb, 0 bytes, Stack size unknown bytes, rtexit2.o(.ARM.Collect$$rtexit$$00000002))

<P><STRONG><a name="[68]"></a>__rt_exit_exit</STRONG> (Thumb, 0 bytes, Stack size unknown bytes, rtexit2.o(.ARM.Collect$$rtexit$$00000004))
<BR><BR>[Calls]<UL><LI><a href="#[69]">&gt;&gt;</a>&nbsp;&nbsp;&nbsp;_sys_exit
</UL>

<P><STRONG><a name="[e5]"></a>Reset_Handler</STRONG> (Thumb, 8 bytes, Stack size 0 bytes, girq.o(.text), UNUSED)

<P><STRONG><a name="[2a]"></a>ADC1_2_IRQHandler</STRONG> (Thumb, 0 bytes, Stack size 0 bytes, girq.o(.text))
<BR><BR>[Calls]<UL><LI><a href="#[2a]">&gt;&gt;</a>&nbsp;&nbsp;&nbsp;ADC1_2_IRQHandler
</UL>
<BR>[Called By]<UL><LI><a href="#[2a]">&gt;&gt;</a>&nbsp;&nbsp;&nbsp;ADC1_2_IRQHandler
</UL>
<BR>[Address Reference Count : 1]<UL><LI> girq.o(RESET)
</UL>
<P><STRONG><a name="[47]"></a>ADC3_IRQHandler</STRONG> (Thumb, 0 bytes, Stack size 0 bytes, girq.o(.text))
<BR>[Address Reference Count : 1]<UL><LI> girq.o(RESET)
</UL>
<P><STRONG><a name="[2d]"></a>CAN1_RX1_IRQHandler</STRONG> (Thumb, 0 bytes, Stack size 0 bytes, girq.o(.text))
<BR>[Address Reference Count : 1]<UL><LI> girq.o(RESET)
</UL>
<P><STRONG><a name="[2e]"></a>CAN1_SCE_IRQHandler</STRONG> (Thumb, 0 bytes, Stack size 0 bytes, girq.o(.text))
<BR>[Address Reference Count : 1]<UL><LI> girq.o(RESET)
</UL>
<P><STRONG><a name="[24]"></a>DMA1_Channel2_IRQHandler</STRONG> (Thumb, 0 bytes, Stack size 0 bytes, girq.o(.text))
<BR>[Address Reference Count : 1]<UL><LI> girq.o(RESET)
</UL>
<P><STRONG><a name="[25]"></a>DMA1_Channel3_IRQHandler</STRONG> (Thumb, 0 bytes, Stack size 0 bytes, girq.o(.text))
<BR>[Address Reference Count : 1]<UL><LI> girq.o(RESET)
</UL>
<P><STRONG><a name="[26]"></a>DMA1_Channel4_IRQHandler</STRONG> (Thumb, 0 bytes, Stack size 0 bytes, girq.o(.text))
<BR>[Address Reference Count : 1]<UL><LI> girq.o(RESET)
</UL>
<P><STRONG><a name="[27]"></a>DMA1_Channel5_IRQHandler</STRONG> (Thumb, 0 bytes, Stack size 0 bytes, girq.o(.text))
<BR>[Address Reference Count : 1]<UL><LI> girq.o(RESET)
</UL>
<P><STRONG><a name="[28]"></a>DMA1_Channel6_IRQHandler</STRONG> (Thumb, 0 bytes, Stack size 0 bytes, girq.o(.text))
<BR>[Address Reference Count : 1]<UL><LI> girq.o(RESET)
</UL>
<P><STRONG><a name="[29]"></a>DMA1_Channel7_IRQHandler</STRONG> (Thumb, 0 bytes, Stack size 0 bytes, girq.o(.text))
<BR>[Address Reference Count : 1]<UL><LI> girq.o(RESET)
</UL>
<P><STRONG><a name="[50]"></a>DMA2_Channel1_IRQHandler</STRONG> (Thumb, 0 bytes, Stack size 0 bytes, girq.o(.text))
<BR>[Address Reference Count : 1]<UL><LI> girq.o(RESET)
</UL>
<P><STRONG><a name="[51]"></a>DMA2_Channel2_IRQHandler</STRONG> (Thumb, 0 bytes, Stack size 0 bytes, girq.o(.text))
<BR>[Address Reference Count : 1]<UL><LI> girq.o(RESET)
</UL>
<P><STRONG><a name="[52]"></a>DMA2_Channel3_IRQHandler</STRONG> (Thumb, 0 bytes, Stack size 0 bytes, girq.o(.text))
<BR>[Address Reference Count : 1]<UL><LI> girq.o(RESET)
</UL>
<P><STRONG><a name="[53]"></a>DMA2_Channel4_5_IRQHandler</STRONG> (Thumb, 0 bytes, Stack size 0 bytes, girq.o(.text))
<BR>[Address Reference Count : 1]<UL><LI> girq.o(RESET)
</UL>
<P><STRONG><a name="[1e]"></a>EXTI0_IRQHandler</STRONG> (Thumb, 0 bytes, Stack size 0 bytes, girq.o(.text))
<BR>[Address Reference Count : 1]<UL><LI> girq.o(RESET)
</UL>
<P><STRONG><a name="[40]"></a>EXTI15_10_IRQHandler</STRONG> (Thumb, 0 bytes, Stack size 0 bytes, girq.o(.text))
<BR>[Address Reference Count : 1]<UL><LI> girq.o(RESET)
</UL>
<P><STRONG><a name="[1f]"></a>EXTI1_IRQHandler</STRONG> (Thumb, 0 bytes, Stack size 0 bytes, girq.o(.text))
<BR>[Address Reference Count : 1]<UL><LI> girq.o(RESET)
</UL>
<P><STRONG><a name="[20]"></a>EXTI2_IRQHandler</STRONG> (Thumb, 0 bytes, Stack size 0 bytes, girq.o(.text))
<BR>[Address Reference Count : 1]<UL><LI> girq.o(RESET)
</UL>
<P><STRONG><a name="[21]"></a>EXTI3_IRQHandler</STRONG> (Thumb, 0 bytes, Stack size 0 bytes, girq.o(.text))
<BR>[Address Reference Count : 1]<UL><LI> girq.o(RESET)
</UL>
<P><STRONG><a name="[22]"></a>EXTI4_IRQHandler</STRONG> (Thumb, 0 bytes, Stack size 0 bytes, girq.o(.text))
<BR>[Address Reference Count : 1]<UL><LI> girq.o(RESET)
</UL>
<P><STRONG><a name="[2f]"></a>EXTI9_5_IRQHandler</STRONG> (Thumb, 0 bytes, Stack size 0 bytes, girq.o(.text))
<BR>[Address Reference Count : 1]<UL><LI> girq.o(RESET)
</UL>
<P><STRONG><a name="[1c]"></a>FLASH_IRQHandler</STRONG> (Thumb, 0 bytes, Stack size 0 bytes, girq.o(.text))
<BR>[Address Reference Count : 1]<UL><LI> girq.o(RESET)
</UL>
<P><STRONG><a name="[48]"></a>FSMC_IRQHandler</STRONG> (Thumb, 0 bytes, Stack size 0 bytes, girq.o(.text))
<BR>[Address Reference Count : 1]<UL><LI> girq.o(RESET)
</UL>
<P><STRONG><a name="[38]"></a>I2C1_ER_IRQHandler</STRONG> (Thumb, 0 bytes, Stack size 0 bytes, girq.o(.text))
<BR>[Address Reference Count : 1]<UL><LI> girq.o(RESET)
</UL>
<P><STRONG><a name="[37]"></a>I2C1_EV_IRQHandler</STRONG> (Thumb, 0 bytes, Stack size 0 bytes, girq.o(.text))
<BR>[Address Reference Count : 1]<UL><LI> girq.o(RESET)
</UL>
<P><STRONG><a name="[3a]"></a>I2C2_ER_IRQHandler</STRONG> (Thumb, 0 bytes, Stack size 0 bytes, girq.o(.text))
<BR>[Address Reference Count : 1]<UL><LI> girq.o(RESET)
</UL>
<P><STRONG><a name="[39]"></a>I2C2_EV_IRQHandler</STRONG> (Thumb, 0 bytes, Stack size 0 bytes, girq.o(.text))
<BR>[Address Reference Count : 1]<UL><LI> girq.o(RESET)
</UL>
<P><STRONG><a name="[19]"></a>PVD_IRQHandler</STRONG> (Thumb, 0 bytes, Stack size 0 bytes, girq.o(.text))
<BR>[Address Reference Count : 1]<UL><LI> girq.o(RESET)
</UL>
<P><STRONG><a name="[1d]"></a>RCC_IRQHandler</STRONG> (Thumb, 0 bytes, Stack size 0 bytes, girq.o(.text))
<BR>[Address Reference Count : 1]<UL><LI> girq.o(RESET)
</UL>
<P><STRONG><a name="[41]"></a>RTCAlarm_IRQHandler</STRONG> (Thumb, 0 bytes, Stack size 0 bytes, girq.o(.text))
<BR>[Address Reference Count : 1]<UL><LI> girq.o(RESET)
</UL>
<P><STRONG><a name="[1b]"></a>RTC_IRQHandler</STRONG> (Thumb, 0 bytes, Stack size 0 bytes, girq.o(.text))
<BR>[Address Reference Count : 1]<UL><LI> girq.o(RESET)
</UL>
<P><STRONG><a name="[49]"></a>SDIO_IRQHandler</STRONG> (Thumb, 0 bytes, Stack size 0 bytes, girq.o(.text))
<BR>[Address Reference Count : 1]<UL><LI> girq.o(RESET)
</UL>
<P><STRONG><a name="[3b]"></a>SPI1_IRQHandler</STRONG> (Thumb, 0 bytes, Stack size 0 bytes, girq.o(.text))
<BR>[Address Reference Count : 1]<UL><LI> girq.o(RESET)
</UL>
<P><STRONG><a name="[3c]"></a>SPI2_IRQHandler</STRONG> (Thumb, 0 bytes, Stack size 0 bytes, girq.o(.text))
<BR>[Address Reference Count : 1]<UL><LI> girq.o(RESET)
</UL>
<P><STRONG><a name="[4b]"></a>SPI3_IRQHandler</STRONG> (Thumb, 0 bytes, Stack size 0 bytes, girq.o(.text))
<BR>[Address Reference Count : 1]<UL><LI> girq.o(RESET)
</UL>
<P><STRONG><a name="[1a]"></a>TAMPER_IRQHandler</STRONG> (Thumb, 0 bytes, Stack size 0 bytes, girq.o(.text))
<BR>[Address Reference Count : 1]<UL><LI> girq.o(RESET)
</UL>
<P><STRONG><a name="[30]"></a>TIM1_BRK_IRQHandler</STRONG> (Thumb, 0 bytes, Stack size 0 bytes, girq.o(.text))
<BR>[Address Reference Count : 1]<UL><LI> girq.o(RESET)
</UL>
<P><STRONG><a name="[33]"></a>TIM1_CC_IRQHandler</STRONG> (Thumb, 0 bytes, Stack size 0 bytes, girq.o(.text))
<BR>[Address Reference Count : 1]<UL><LI> girq.o(RESET)
</UL>
<P><STRONG><a name="[32]"></a>TIM1_TRG_COM_IRQHandler</STRONG> (Thumb, 0 bytes, Stack size 0 bytes, girq.o(.text))
<BR>[Address Reference Count : 1]<UL><LI> girq.o(RESET)
</UL>
<P><STRONG><a name="[31]"></a>TIM1_UP_IRQHandler</STRONG> (Thumb, 0 bytes, Stack size 0 bytes, girq.o(.text))
<BR>[Address Reference Count : 1]<UL><LI> girq.o(RESET)
</UL>
<P><STRONG><a name="[34]"></a>TIM2_IRQHandler</STRONG> (Thumb, 0 bytes, Stack size 0 bytes, girq.o(.text))
<BR>[Address Reference Count : 1]<UL><LI> girq.o(RESET)
</UL>
<P><STRONG><a name="[35]"></a>TIM3_IRQHandler</STRONG> (Thumb, 0 bytes, Stack size 0 bytes, girq.o(.text))
<BR>[Address Reference Count : 1]<UL><LI> girq.o(RESET)
</UL>
<P><STRONG><a name="[36]"></a>TIM4_IRQHandler</STRONG> (Thumb, 0 bytes, Stack size 0 bytes, girq.o(.text))
<BR>[Address Reference Count : 1]<UL><LI> girq.o(RESET)
</UL>
<P><STRONG><a name="[4a]"></a>TIM5_IRQHandler</STRONG> (Thumb, 0 bytes, Stack size 0 bytes, girq.o(.text))
<BR>[Address Reference Count : 1]<UL><LI> girq.o(RESET)
</UL>
<P><STRONG><a name="[4e]"></a>TIM6_IRQHandler</STRONG> (Thumb, 0 bytes, Stack size 0 bytes, girq.o(.text))
<BR>[Address Reference Count : 1]<UL><LI> girq.o(RESET)
</UL>
<P><STRONG><a name="[4f]"></a>TIM7_IRQHandler</STRONG> (Thumb, 0 bytes, Stack size 0 bytes, girq.o(.text))
<BR>[Address Reference Count : 1]<UL><LI> girq.o(RESET)
</UL>
<P><STRONG><a name="[43]"></a>TIM8_BRK_IRQHandler</STRONG> (Thumb, 0 bytes, Stack size 0 bytes, girq.o(.text))
<BR>[Address Reference Count : 1]<UL><LI> girq.o(RESET)
</UL>
<P><STRONG><a name="[46]"></a>TIM8_CC_IRQHandler</STRONG> (Thumb, 0 bytes, Stack size 0 bytes, girq.o(.text))
<BR>[Address Reference Count : 1]<UL><LI> girq.o(RESET)
</UL>
<P><STRONG><a name="[45]"></a>TIM8_TRG_COM_IRQHandler</STRONG> (Thumb, 0 bytes, Stack size 0 bytes, girq.o(.text))
<BR>[Address Reference Count : 1]<UL><LI> girq.o(RESET)
</UL>
<P><STRONG><a name="[44]"></a>TIM8_UP_IRQHandler</STRONG> (Thumb, 0 bytes, Stack size 0 bytes, girq.o(.text))
<BR>[Address Reference Count : 1]<UL><LI> girq.o(RESET)
</UL>
<P><STRONG><a name="[4c]"></a>UART4_IRQHandler</STRONG> (Thumb, 0 bytes, Stack size 0 bytes, girq.o(.text))
<BR>[Address Reference Count : 1]<UL><LI> girq.o(RESET)
</UL>
<P><STRONG><a name="[4d]"></a>UART5_IRQHandler</STRONG> (Thumb, 0 bytes, Stack size 0 bytes, girq.o(.text))
<BR>[Address Reference Count : 1]<UL><LI> girq.o(RESET)
</UL>
<P><STRONG><a name="[3e]"></a>USART2_IRQHandler</STRONG> (Thumb, 0 bytes, Stack size 0 bytes, girq.o(.text))
<BR>[Address Reference Count : 1]<UL><LI> girq.o(RESET)
</UL>
<P><STRONG><a name="[3f]"></a>USART3_IRQHandler</STRONG> (Thumb, 0 bytes, Stack size 0 bytes, girq.o(.text))
<BR>[Address Reference Count : 1]<UL><LI> girq.o(RESET)
</UL>
<P><STRONG><a name="[42]"></a>USBWakeUp_IRQHandler</STRONG> (Thumb, 0 bytes, Stack size 0 bytes, girq.o(.text))
<BR>[Address Reference Count : 1]<UL><LI> girq.o(RESET)
</UL>
<P><STRONG><a name="[2b]"></a>USB_HP_CAN1_TX_IRQHandler</STRONG> (Thumb, 0 bytes, Stack size 0 bytes, girq.o(.text))
<BR>[Address Reference Count : 1]<UL><LI> girq.o(RESET)
</UL>
<P><STRONG><a name="[2c]"></a>USB_LP_CAN1_RX0_IRQHandler</STRONG> (Thumb, 0 bytes, Stack size 0 bytes, girq.o(.text))
<BR>[Address Reference Count : 1]<UL><LI> girq.o(RESET)
</UL>
<P><STRONG><a name="[18]"></a>WWDG_IRQHandler</STRONG> (Thumb, 0 bytes, Stack size 0 bytes, girq.o(.text))
<BR>[Address Reference Count : 1]<UL><LI> girq.o(RESET)
</UL>
<P><STRONG><a name="[6b]"></a>__user_initial_stackheap</STRONG> (Thumb, 0 bytes, Stack size unknown bytes, girq.o(.text))
<BR><BR>[Called By]<UL><LI><a href="#[60]">&gt;&gt;</a>&nbsp;&nbsp;&nbsp;__user_setup_stackheap
</UL>

<P><STRONG><a name="[e6]"></a>__I$use$semihosting</STRONG> (Thumb, 0 bytes, Stack size 0 bytes, use_no_semi.o(.text), UNUSED)

<P><STRONG><a name="[e7]"></a>__use_no_semihosting_swi</STRONG> (Thumb, 2 bytes, Stack size 0 bytes, use_no_semi.o(.text), UNUSED)

<P><STRONG><a name="[e8]"></a>__use_two_region_memory</STRONG> (Thumb, 2 bytes, Stack size 0 bytes, heapauxi.o(.text), UNUSED)

<P><STRONG><a name="[1]"></a>__rt_heap_escrow</STRONG> (Thumb, 2 bytes, Stack size 0 bytes, heapauxi.o(.text), UNUSED)

<P><STRONG><a name="[0]"></a>__rt_heap_expand</STRONG> (Thumb, 2 bytes, Stack size 0 bytes, heapauxi.o(.text), UNUSED)

<P><STRONG><a name="[e9]"></a>__user_libspace</STRONG> (Thumb, 8 bytes, Stack size 0 bytes, libspace.o(.text), UNUSED)

<P><STRONG><a name="[6a]"></a>__user_perproc_libspace</STRONG> (Thumb, 0 bytes, Stack size 0 bytes, libspace.o(.text))
<BR><BR>[Called By]<UL><LI><a href="#[60]">&gt;&gt;</a>&nbsp;&nbsp;&nbsp;__user_setup_stackheap
</UL>

<P><STRONG><a name="[ea]"></a>__user_perthread_libspace</STRONG> (Thumb, 0 bytes, Stack size 0 bytes, libspace.o(.text), UNUSED)

<P><STRONG><a name="[60]"></a>__user_setup_stackheap</STRONG> (Thumb, 74 bytes, Stack size 8 bytes, sys_stackheap_outer.o(.text))
<BR><BR>[Stack]<UL><LI>Max Depth = 8 + Unknown Stack Size
<LI>Call Chain = __user_setup_stackheap
</UL>
<BR>[Calls]<UL><LI><a href="#[6b]">&gt;&gt;</a>&nbsp;&nbsp;&nbsp;__user_initial_stackheap
<LI><a href="#[6a]">&gt;&gt;</a>&nbsp;&nbsp;&nbsp;__user_perproc_libspace
</UL>
<BR>[Called By]<UL><LI><a href="#[5f]">&gt;&gt;</a>&nbsp;&nbsp;&nbsp;__rt_entry_sh
</UL>

<P><STRONG><a name="[65]"></a>exit</STRONG> (Thumb, 18 bytes, Stack size 8 bytes, exit.o(.text))
<BR><BR>[Stack]<UL><LI>Max Depth = 8 + Unknown Stack Size
<LI>Call Chain = exit
</UL>
<BR>[Calls]<UL><LI><a href="#[6c]">&gt;&gt;</a>&nbsp;&nbsp;&nbsp;__rt_exit
</UL>
<BR>[Called By]<UL><LI><a href="#[63]">&gt;&gt;</a>&nbsp;&nbsp;&nbsp;__rt_entry_main
</UL>

<P><STRONG><a name="[6d]"></a>gmemcpy</STRONG> (Thumb, 18 bytes, Stack size 0 bytes, gboot.o(STARTUPFUNC))
<BR><BR>[Called By]<UL><LI><a href="#[9]">&gt;&gt;</a>&nbsp;&nbsp;&nbsp;gboot
</UL>

<P><STRONG><a name="[6e]"></a>gmemset</STRONG> (Thumb, 14 bytes, Stack size 0 bytes, gboot.o(STARTUPFUNC))
<BR><BR>[Called By]<UL><LI><a href="#[9]">&gt;&gt;</a>&nbsp;&nbsp;&nbsp;gboot
</UL>

<P><STRONG><a name="[77]"></a>ADC_Cmd</STRONG> (Thumb, 22 bytes, Stack size 0 bytes, stm32f10x_adc.o(i.ADC_Cmd))
<BR><BR>[Called By]<UL><LI><a href="#[23]">&gt;&gt;</a>&nbsp;&nbsp;&nbsp;DMA1_Channel1_IRQHandler
<LI><a href="#[75]">&gt;&gt;</a>&nbsp;&nbsp;&nbsp;gInitAnalogADC
</UL>

<P><STRONG><a name="[a4]"></a>ADC_DMACmd</STRONG> (Thumb, 22 bytes, Stack size 0 bytes, stm32f10x_adc.o(i.ADC_DMACmd))
<BR><BR>[Called By]<UL><LI><a href="#[75]">&gt;&gt;</a>&nbsp;&nbsp;&nbsp;gInitAnalogADC
</UL>

<P><STRONG><a name="[70]"></a>ADC_DeInit</STRONG> (Thumb, 78 bytes, Stack size 8 bytes, stm32f10x_adc.o(i.ADC_DeInit))
<BR><BR>[Stack]<UL><LI>Max Depth = 8<LI>Call Chain = ADC_DeInit
</UL>
<BR>[Calls]<UL><LI><a href="#[71]">&gt;&gt;</a>&nbsp;&nbsp;&nbsp;RCC_APB2PeriphResetCmd
</UL>
<BR>[Called By]<UL><LI><a href="#[75]">&gt;&gt;</a>&nbsp;&nbsp;&nbsp;gInitAnalogADC
</UL>

<P><STRONG><a name="[a8]"></a>ADC_GetCalibrationStatus</STRONG> (Thumb, 20 bytes, Stack size 0 bytes, stm32f10x_adc.o(i.ADC_GetCalibrationStatus))
<BR><BR>[Called By]<UL><LI><a href="#[75]">&gt;&gt;</a>&nbsp;&nbsp;&nbsp;gInitAnalogADC
</UL>

<P><STRONG><a name="[a6]"></a>ADC_GetResetCalibrationStatus</STRONG> (Thumb, 20 bytes, Stack size 0 bytes, stm32f10x_adc.o(i.ADC_GetResetCalibrationStatus))
<BR><BR>[Called By]<UL><LI><a href="#[75]">&gt;&gt;</a>&nbsp;&nbsp;&nbsp;gInitAnalogADC
</UL>

<P><STRONG><a name="[a2]"></a>ADC_Init</STRONG> (Thumb, 70 bytes, Stack size 12 bytes, stm32f10x_adc.o(i.ADC_Init))
<BR><BR>[Stack]<UL><LI>Max Depth = 12<LI>Call Chain = ADC_Init
</UL>
<BR>[Called By]<UL><LI><a href="#[75]">&gt;&gt;</a>&nbsp;&nbsp;&nbsp;gInitAnalogADC
</UL>

<P><STRONG><a name="[a3]"></a>ADC_RegularChannelConfig</STRONG> (Thumb, 184 bytes, Stack size 20 bytes, stm32f10x_adc.o(i.ADC_RegularChannelConfig))
<BR><BR>[Stack]<UL><LI>Max Depth = 20<LI>Call Chain = ADC_RegularChannelConfig
</UL>
<BR>[Called By]<UL><LI><a href="#[75]">&gt;&gt;</a>&nbsp;&nbsp;&nbsp;gInitAnalogADC
</UL>

<P><STRONG><a name="[a5]"></a>ADC_ResetCalibration</STRONG> (Thumb, 10 bytes, Stack size 0 bytes, stm32f10x_adc.o(i.ADC_ResetCalibration))
<BR><BR>[Called By]<UL><LI><a href="#[75]">&gt;&gt;</a>&nbsp;&nbsp;&nbsp;gInitAnalogADC
</UL>

<P><STRONG><a name="[a9]"></a>ADC_SoftwareStartConvCmd</STRONG> (Thumb, 22 bytes, Stack size 0 bytes, stm32f10x_adc.o(i.ADC_SoftwareStartConvCmd))
<BR><BR>[Called By]<UL><LI><a href="#[75]">&gt;&gt;</a>&nbsp;&nbsp;&nbsp;gInitAnalogADC
</UL>

<P><STRONG><a name="[a7]"></a>ADC_StartCalibration</STRONG> (Thumb, 10 bytes, Stack size 0 bytes, stm32f10x_adc.o(i.ADC_StartCalibration))
<BR><BR>[Called By]<UL><LI><a href="#[75]">&gt;&gt;</a>&nbsp;&nbsp;&nbsp;gInitAnalogADC
</UL>

<P><STRONG><a name="[72]"></a>BspInit</STRONG> (Thumb, 16 bytes, Stack size 8 bytes, gbsp.o(i.BspInit))
<BR><BR>[Stack]<UL><LI>Max Depth = 104<LI>Call Chain = BspInit &rArr; gInitAnalogADC &rArr; GPIO_Init
</UL>
<BR>[Calls]<UL><LI><a href="#[75]">&gt;&gt;</a>&nbsp;&nbsp;&nbsp;gInitAnalogADC
<LI><a href="#[73]">&gt;&gt;</a>&nbsp;&nbsp;&nbsp;GenericGpioInit
<LI><a href="#[74]">&gt;&gt;</a>&nbsp;&nbsp;&nbsp;ginitusart
</UL>
<BR>[Called By]<UL><LI><a href="#[64]">&gt;&gt;</a>&nbsp;&nbsp;&nbsp;main
</UL>

<P><STRONG><a name="[12]"></a>BusFault_Handler</STRONG> (Thumb, 4 bytes, Stack size 0 bytes, stm32f10x_it.o(i.BusFault_Handler))
<BR>[Address Reference Count : 1]<UL><LI> girq.o(RESET)
</UL>
<P><STRONG><a name="[23]"></a>DMA1_Channel1_IRQHandler</STRONG> (Thumb, 104 bytes, Stack size 16 bytes, gadc.o(i.DMA1_Channel1_IRQHandler))
<BR><BR>[Stack]<UL><LI>Max Depth = 16<LI>Call Chain = DMA1_Channel1_IRQHandler
</UL>
<BR>[Calls]<UL><LI><a href="#[76]">&gt;&gt;</a>&nbsp;&nbsp;&nbsp;DMA_GetITStatus
<LI><a href="#[78]">&gt;&gt;</a>&nbsp;&nbsp;&nbsp;DMA_ClearITPendingBit
<LI><a href="#[77]">&gt;&gt;</a>&nbsp;&nbsp;&nbsp;ADC_Cmd
</UL>
<BR>[Address Reference Count : 1]<UL><LI> girq.o(RESET)
</UL>
<P><STRONG><a name="[78]"></a>DMA_ClearITPendingBit</STRONG> (Thumb, 18 bytes, Stack size 0 bytes, stm32f10x_dma.o(i.DMA_ClearITPendingBit))
<BR><BR>[Called By]<UL><LI><a href="#[23]">&gt;&gt;</a>&nbsp;&nbsp;&nbsp;DMA1_Channel1_IRQHandler
</UL>

<P><STRONG><a name="[a1]"></a>DMA_Cmd</STRONG> (Thumb, 24 bytes, Stack size 0 bytes, stm32f10x_dma.o(i.DMA_Cmd))
<BR><BR>[Called By]<UL><LI><a href="#[75]">&gt;&gt;</a>&nbsp;&nbsp;&nbsp;gInitAnalogADC
</UL>

<P><STRONG><a name="[9e]"></a>DMA_DeInit</STRONG> (Thumb, 324 bytes, Stack size 0 bytes, stm32f10x_dma.o(i.DMA_DeInit))
<BR><BR>[Called By]<UL><LI><a href="#[75]">&gt;&gt;</a>&nbsp;&nbsp;&nbsp;gInitAnalogADC
</UL>

<P><STRONG><a name="[76]"></a>DMA_GetITStatus</STRONG> (Thumb, 36 bytes, Stack size 0 bytes, stm32f10x_dma.o(i.DMA_GetITStatus))
<BR><BR>[Called By]<UL><LI><a href="#[23]">&gt;&gt;</a>&nbsp;&nbsp;&nbsp;DMA1_Channel1_IRQHandler
</UL>

<P><STRONG><a name="[a0]"></a>DMA_ITConfig</STRONG> (Thumb, 18 bytes, Stack size 0 bytes, stm32f10x_dma.o(i.DMA_ITConfig))
<BR><BR>[Called By]<UL><LI><a href="#[75]">&gt;&gt;</a>&nbsp;&nbsp;&nbsp;gInitAnalogADC
</UL>

<P><STRONG><a name="[9f]"></a>DMA_Init</STRONG> (Thumb, 60 bytes, Stack size 8 bytes, stm32f10x_dma.o(i.DMA_Init))
<BR><BR>[Stack]<UL><LI>Max Depth = 8<LI>Call Chain = DMA_Init
</UL>
<BR>[Called By]<UL><LI><a href="#[75]">&gt;&gt;</a>&nbsp;&nbsp;&nbsp;gInitAnalogADC
</UL>

<P><STRONG><a name="[15]"></a>DebugMon_Handler</STRONG> (Thumb, 2 bytes, Stack size 0 bytes, stm32f10x_it.o(i.DebugMon_Handler))
<BR>[Address Reference Count : 1]<UL><LI> girq.o(RESET)
</UL>
<P><STRONG><a name="[b3]"></a>FLASH_PrefetchBufferCmd</STRONG> (Thumb, 22 bytes, Stack size 0 bytes, stm32f10x_flash.o(i.FLASH_PrefetchBufferCmd))
<BR><BR>[Called By]<UL><LI><a href="#[ac]">&gt;&gt;</a>&nbsp;&nbsp;&nbsp;ghwrccset
</UL>

<P><STRONG><a name="[b4]"></a>FLASH_SetLatency</STRONG> (Thumb, 18 bytes, Stack size 0 bytes, stm32f10x_flash.o(i.FLASH_SetLatency))
<BR><BR>[Called By]<UL><LI><a href="#[ac]">&gt;&gt;</a>&nbsp;&nbsp;&nbsp;ghwrccset
</UL>

<P><STRONG><a name="[87]"></a>GFIFOInit</STRONG> (Thumb, 28 bytes, Stack size 0 bytes, gpipe.o(i.GFIFOInit))
<BR><BR>[Called By]<UL><LI><a href="#[85]">&gt;&gt;</a>&nbsp;&nbsp;&nbsp;GosInit
</UL>

<P><STRONG><a name="[9a]"></a>GFIFOIsEmpty</STRONG> (Thumb, 20 bytes, Stack size 0 bytes, gpipe.o(i.GFIFOIsEmpty))
<BR><BR>[Called By]<UL><LI><a href="#[3d]">&gt;&gt;</a>&nbsp;&nbsp;&nbsp;USART1_IRQHandler
</UL>

<P><STRONG><a name="[98]"></a>GFIFOIsFull</STRONG> (Thumb, 24 bytes, Stack size 0 bytes, gpipe.o(i.GFIFOIsFull))
<BR><BR>[Called By]<UL><LI><a href="#[3d]">&gt;&gt;</a>&nbsp;&nbsp;&nbsp;USART1_IRQHandler
</UL>

<P><STRONG><a name="[8a]"></a>GFIFOPop</STRONG> (Thumb, 56 bytes, Stack size 0 bytes, gpipe.o(i.GFIFOPop))
<BR><BR>[Called By]<UL><LI><a href="#[56]">&gt;&gt;</a>&nbsp;&nbsp;&nbsp;HAL_GSMTX_EVENT
<LI><a href="#[54]">&gt;&gt;</a>&nbsp;&nbsp;&nbsp;HAL_GSMRX_EVENT
</UL>

<P><STRONG><a name="[8e]"></a>GFIFOPush</STRONG> (Thumb, 58 bytes, Stack size 0 bytes, gpipe.o(i.GFIFOPush))
<BR><BR>[Called By]<UL><LI><a href="#[3d]">&gt;&gt;</a>&nbsp;&nbsp;&nbsp;USART1_IRQHandler
<LI><a href="#[8d]">&gt;&gt;</a>&nbsp;&nbsp;&nbsp;SendUsartString
</UL>

<P><STRONG><a name="[84]"></a>GPIO_Init</STRONG> (Thumb, 278 bytes, Stack size 24 bytes, stm32f10x_gpio.o(i.GPIO_Init))
<BR><BR>[Stack]<UL><LI>Max Depth = 24<LI>Call Chain = GPIO_Init
</UL>
<BR>[Called By]<UL><LI><a href="#[75]">&gt;&gt;</a>&nbsp;&nbsp;&nbsp;gInitAnalogADC
<LI><a href="#[73]">&gt;&gt;</a>&nbsp;&nbsp;&nbsp;GenericGpioInit
<LI><a href="#[74]">&gt;&gt;</a>&nbsp;&nbsp;&nbsp;ginitusart
</UL>

<P><STRONG><a name="[ab]"></a>GPIO_ReadInputDataBit</STRONG> (Thumb, 18 bytes, Stack size 0 bytes, stm32f10x_gpio.o(i.GPIO_ReadInputDataBit))
<BR><BR>[Called By]<UL><LI><a href="#[d]">&gt;&gt;</a>&nbsp;&nbsp;&nbsp;gfswitchdetect
</UL>

<P><STRONG><a name="[c0]"></a>GPIO_ReadOutputDataBit</STRONG> (Thumb, 18 bytes, Stack size 0 bytes, stm32f10x_gpio.o(i.GPIO_ReadOutputDataBit))
<BR><BR>[Called By]<UL><LI><a href="#[c]">&gt;&gt;</a>&nbsp;&nbsp;&nbsp;gsledtoggle
</UL>

<P><STRONG><a name="[c1]"></a>GPIO_WriteBit</STRONG> (Thumb, 10 bytes, Stack size 0 bytes, stm32f10x_gpio.o(i.GPIO_WriteBit))
<BR><BR>[Called By]<UL><LI><a href="#[c]">&gt;&gt;</a>&nbsp;&nbsp;&nbsp;gsledtoggle
</UL>

<P><STRONG><a name="[79]"></a>GTimerLoop</STRONG> (Thumb, 84 bytes, Stack size 24 bytes, gtimer.o(i.GTimerLoop))
<BR><BR>[Stack]<UL><LI>Max Depth = 44<LI>Call Chain = GTimerLoop &rArr; GTimerStop &rArr; gIsNodeInList
</UL>
<BR>[Calls]<UL><LI><a href="#[7c]">&gt;&gt;</a>&nbsp;&nbsp;&nbsp;GTimerStop
<LI><a href="#[7b]">&gt;&gt;</a>&nbsp;&nbsp;&nbsp;gleavecritical
<LI><a href="#[7a]">&gt;&gt;</a>&nbsp;&nbsp;&nbsp;gentercritical
</UL>
<BR>[Called By]<UL><LI><a href="#[59]">&gt;&gt;</a>&nbsp;&nbsp;&nbsp;HAL_TIMER_EVENT
</UL>

<P><STRONG><a name="[7d]"></a>GTimerNodeInit</STRONG> (Thumb, 66 bytes, Stack size 24 bytes, gtimer.o(i.GTimerNodeInit))
<BR><BR>[Stack]<UL><LI>Max Depth = 44<LI>Call Chain = GTimerNodeInit &rArr; GTimerStop &rArr; gIsNodeInList
</UL>
<BR>[Calls]<UL><LI><a href="#[7c]">&gt;&gt;</a>&nbsp;&nbsp;&nbsp;GTimerStop
<LI><a href="#[7b]">&gt;&gt;</a>&nbsp;&nbsp;&nbsp;gleavecritical
<LI><a href="#[7a]">&gt;&gt;</a>&nbsp;&nbsp;&nbsp;gentercritical
<LI><a href="#[7e]">&gt;&gt;</a>&nbsp;&nbsp;&nbsp;gNodeInit
</UL>
<BR>[Called By]<UL><LI><a href="#[85]">&gt;&gt;</a>&nbsp;&nbsp;&nbsp;GosInit
</UL>

<P><STRONG><a name="[7f]"></a>GTimerStart</STRONG> (Thumb, 40 bytes, Stack size 8 bytes, gtimer.o(i.GTimerStart))
<BR><BR>[Stack]<UL><LI>Max Depth = 20<LI>Call Chain = GTimerStart &rArr; gIsNodeInList
</UL>
<BR>[Calls]<UL><LI><a href="#[81]">&gt;&gt;</a>&nbsp;&nbsp;&nbsp;gListAddLast
<LI><a href="#[80]">&gt;&gt;</a>&nbsp;&nbsp;&nbsp;gIsNodeInList
</UL>
<BR>[Called By]<UL><LI><a href="#[d]">&gt;&gt;</a>&nbsp;&nbsp;&nbsp;gfswitchdetect
<LI><a href="#[85]">&gt;&gt;</a>&nbsp;&nbsp;&nbsp;GosInit
</UL>

<P><STRONG><a name="[7c]"></a>GTimerStop</STRONG> (Thumb, 36 bytes, Stack size 8 bytes, gtimer.o(i.GTimerStop))
<BR><BR>[Stack]<UL><LI>Max Depth = 20<LI>Call Chain = GTimerStop &rArr; gIsNodeInList
</UL>
<BR>[Calls]<UL><LI><a href="#[82]">&gt;&gt;</a>&nbsp;&nbsp;&nbsp;gListNodeRemove
<LI><a href="#[80]">&gt;&gt;</a>&nbsp;&nbsp;&nbsp;gIsNodeInList
</UL>
<BR>[Called By]<UL><LI><a href="#[d]">&gt;&gt;</a>&nbsp;&nbsp;&nbsp;gfswitchdetect
<LI><a href="#[7d]">&gt;&gt;</a>&nbsp;&nbsp;&nbsp;GTimerNodeInit
<LI><a href="#[79]">&gt;&gt;</a>&nbsp;&nbsp;&nbsp;GTimerLoop
</UL>

<P><STRONG><a name="[85]"></a>GosInit</STRONG> (Thumb, 102 bytes, Stack size 8 bytes, gfreezeusertask.o(i.GosInit))
<BR><BR>[Stack]<UL><LI>Max Depth = 76<LI>Call Chain = GosInit &rArr; gSendDisplay &rArr; SendUsartString &rArr; USART_ITConfig
</UL>
<BR>[Calls]<UL><LI><a href="#[87]">&gt;&gt;</a>&nbsp;&nbsp;&nbsp;GFIFOInit
<LI><a href="#[86]">&gt;&gt;</a>&nbsp;&nbsp;&nbsp;InitTimerlist
<LI><a href="#[7f]">&gt;&gt;</a>&nbsp;&nbsp;&nbsp;GTimerStart
<LI><a href="#[7d]">&gt;&gt;</a>&nbsp;&nbsp;&nbsp;GTimerNodeInit
<LI><a href="#[88]">&gt;&gt;</a>&nbsp;&nbsp;&nbsp;gSendDisplay
</UL>
<BR>[Called By]<UL><LI><a href="#[64]">&gt;&gt;</a>&nbsp;&nbsp;&nbsp;main
</UL>

<P><STRONG><a name="[55]"></a>HAL_EXIT_EVENT</STRONG> (Thumb, 2 bytes, Stack size 0 bytes, gfreezeusertask.o(i.HAL_EXIT_EVENT))
<BR>[Address Reference Count : 1]<UL><LI> gevent.o(.data)
</UL>
<P><STRONG><a name="[57]"></a>HAL_FAULT_EVENT</STRONG> (Thumb, 40 bytes, Stack size 8 bytes, gfreezeusertask.o(i.HAL_FAULT_EVENT))
<BR><BR>[Stack]<UL><LI>Max Depth = 28<LI>Call Chain = HAL_FAULT_EVENT &rArr; USART_ITConfig
</UL>
<BR>[Calls]<UL><LI><a href="#[89]">&gt;&gt;</a>&nbsp;&nbsp;&nbsp;USART_ITConfig
</UL>
<BR>[Address Reference Count : 1]<UL><LI> gevent.o(.data)
</UL>
<P><STRONG><a name="[54]"></a>HAL_GSMRX_EVENT</STRONG> (Thumb, 20 bytes, Stack size 16 bytes, gfreezeusertask.o(i.HAL_GSMRX_EVENT))
<BR><BR>[Stack]<UL><LI>Max Depth = 16<LI>Call Chain = HAL_GSMRX_EVENT
</UL>
<BR>[Calls]<UL><LI><a href="#[8a]">&gt;&gt;</a>&nbsp;&nbsp;&nbsp;GFIFOPop
</UL>
<BR>[Address Reference Count : 1]<UL><LI> gevent.o(.data)
</UL>
<P><STRONG><a name="[56]"></a>HAL_GSMTX_EVENT</STRONG> (Thumb, 24 bytes, Stack size 16 bytes, gfreezeusertask.o(i.HAL_GSMTX_EVENT))
<BR><BR>[Stack]<UL><LI>Max Depth = 16<LI>Call Chain = HAL_GSMTX_EVENT
</UL>
<BR>[Calls]<UL><LI><a href="#[8a]">&gt;&gt;</a>&nbsp;&nbsp;&nbsp;GFIFOPop
<LI><a href="#[8b]">&gt;&gt;</a>&nbsp;&nbsp;&nbsp;USART_SendData
</UL>
<BR>[Address Reference Count : 1]<UL><LI> gevent.o(.data)
</UL>
<P><STRONG><a name="[59]"></a>HAL_TIMER_EVENT</STRONG> (Thumb, 10 bytes, Stack size 8 bytes, gfreezeusertask.o(i.HAL_TIMER_EVENT))
<BR><BR>[Stack]<UL><LI>Max Depth = 52<LI>Call Chain = HAL_TIMER_EVENT &rArr; GTimerLoop &rArr; GTimerStop &rArr; gIsNodeInList
</UL>
<BR>[Calls]<UL><LI><a href="#[79]">&gt;&gt;</a>&nbsp;&nbsp;&nbsp;GTimerLoop
</UL>
<BR>[Address Reference Count : 1]<UL><LI> gevent.o(.data)
</UL>
<P><STRONG><a name="[10]"></a>HardFault_Handler</STRONG> (Thumb, 4 bytes, Stack size 0 bytes, stm32f10x_it.o(i.HardFault_Handler))
<BR>[Address Reference Count : 1]<UL><LI> girq.o(RESET)
</UL>
<P><STRONG><a name="[86]"></a>InitTimerlist</STRONG> (Thumb, 10 bytes, Stack size 8 bytes, gtimer.o(i.InitTimerlist))
<BR><BR>[Stack]<UL><LI>Max Depth = 8<LI>Call Chain = InitTimerlist
</UL>
<BR>[Calls]<UL><LI><a href="#[8c]">&gt;&gt;</a>&nbsp;&nbsp;&nbsp;gListInit
</UL>
<BR>[Called By]<UL><LI><a href="#[85]">&gt;&gt;</a>&nbsp;&nbsp;&nbsp;GosInit
</UL>

<P><STRONG><a name="[11]"></a>MemManage_Handler</STRONG> (Thumb, 4 bytes, Stack size 0 bytes, stm32f10x_it.o(i.MemManage_Handler))
<BR>[Address Reference Count : 1]<UL><LI> girq.o(RESET)
</UL>
<P><STRONG><a name="[f]"></a>NMI_Handler</STRONG> (Thumb, 2 bytes, Stack size 0 bytes, stm32f10x_it.o(i.NMI_Handler))
<BR>[Address Reference Count : 1]<UL><LI> girq.o(RESET)
</UL>
<P><STRONG><a name="[bf]"></a>NVIC_Init</STRONG> (Thumb, 100 bytes, Stack size 16 bytes, misc.o(i.NVIC_Init))
<BR><BR>[Stack]<UL><LI>Max Depth = 16<LI>Call Chain = NVIC_Init
</UL>
<BR>[Called By]<UL><LI><a href="#[ad]">&gt;&gt;</a>&nbsp;&nbsp;&nbsp;gnvicset
</UL>

<P><STRONG><a name="[be]"></a>NVIC_PriorityGroupConfig</STRONG> (Thumb, 10 bytes, Stack size 0 bytes, misc.o(i.NVIC_PriorityGroupConfig))
<BR><BR>[Called By]<UL><LI><a href="#[ad]">&gt;&gt;</a>&nbsp;&nbsp;&nbsp;gnvicset
</UL>

<P><STRONG><a name="[bd]"></a>NVIC_SetVectorTable</STRONG> (Thumb, 12 bytes, Stack size 0 bytes, misc.o(i.NVIC_SetVectorTable))
<BR><BR>[Called By]<UL><LI><a href="#[ad]">&gt;&gt;</a>&nbsp;&nbsp;&nbsp;gnvicset
</UL>

<P><STRONG><a name="[16]"></a>PendSV_Handler</STRONG> (Thumb, 2 bytes, Stack size 0 bytes, stm32f10x_it.o(i.PendSV_Handler))
<BR>[Address Reference Count : 1]<UL><LI> girq.o(RESET)
</UL>
<P><STRONG><a name="[9d]"></a>RCC_AHBPeriphClockCmd</STRONG> (Thumb, 26 bytes, Stack size 0 bytes, stm32f10x_rcc.o(i.RCC_AHBPeriphClockCmd))
<BR><BR>[Called By]<UL><LI><a href="#[75]">&gt;&gt;</a>&nbsp;&nbsp;&nbsp;gInitAnalogADC
</UL>

<P><STRONG><a name="[83]"></a>RCC_APB2PeriphClockCmd</STRONG> (Thumb, 26 bytes, Stack size 0 bytes, stm32f10x_rcc.o(i.RCC_APB2PeriphClockCmd))
<BR><BR>[Called By]<UL><LI><a href="#[75]">&gt;&gt;</a>&nbsp;&nbsp;&nbsp;gInitAnalogADC
<LI><a href="#[73]">&gt;&gt;</a>&nbsp;&nbsp;&nbsp;GenericGpioInit
<LI><a href="#[74]">&gt;&gt;</a>&nbsp;&nbsp;&nbsp;ginitusart
</UL>

<P><STRONG><a name="[71]"></a>RCC_APB2PeriphResetCmd</STRONG> (Thumb, 26 bytes, Stack size 0 bytes, stm32f10x_rcc.o(i.RCC_APB2PeriphResetCmd))
<BR><BR>[Called By]<UL><LI><a href="#[70]">&gt;&gt;</a>&nbsp;&nbsp;&nbsp;ADC_DeInit
</UL>

<P><STRONG><a name="[ae]"></a>RCC_DeInit</STRONG> (Thumb, 64 bytes, Stack size 0 bytes, stm32f10x_rcc.o(i.RCC_DeInit))
<BR><BR>[Called By]<UL><LI><a href="#[ac]">&gt;&gt;</a>&nbsp;&nbsp;&nbsp;ghwrccset
</UL>

<P><STRONG><a name="[9c]"></a>RCC_GetClocksFreq</STRONG> (Thumb, 192 bytes, Stack size 12 bytes, stm32f10x_rcc.o(i.RCC_GetClocksFreq))
<BR><BR>[Stack]<UL><LI>Max Depth = 12<LI>Call Chain = RCC_GetClocksFreq
</UL>
<BR>[Called By]<UL><LI><a href="#[ac]">&gt;&gt;</a>&nbsp;&nbsp;&nbsp;ghwrccset
<LI><a href="#[9b]">&gt;&gt;</a>&nbsp;&nbsp;&nbsp;USART_Init
</UL>

<P><STRONG><a name="[b2]"></a>RCC_GetFlagStatus</STRONG> (Thumb, 56 bytes, Stack size 8 bytes, stm32f10x_rcc.o(i.RCC_GetFlagStatus))
<BR><BR>[Stack]<UL><LI>Max Depth = 8<LI>Call Chain = RCC_GetFlagStatus
</UL>
<BR>[Called By]<UL><LI><a href="#[ac]">&gt;&gt;</a>&nbsp;&nbsp;&nbsp;ghwrccset
</UL>

<P><STRONG><a name="[b7]"></a>RCC_GetSYSCLKSource</STRONG> (Thumb, 10 bytes, Stack size 0 bytes, stm32f10x_rcc.o(i.RCC_GetSYSCLKSource))
<BR><BR>[Called By]<UL><LI><a href="#[ac]">&gt;&gt;</a>&nbsp;&nbsp;&nbsp;ghwrccset
</UL>

<P><STRONG><a name="[b8]"></a>RCC_HCLKConfig</STRONG> (Thumb, 18 bytes, Stack size 0 bytes, stm32f10x_rcc.o(i.RCC_HCLKConfig))
<BR><BR>[Called By]<UL><LI><a href="#[ac]">&gt;&gt;</a>&nbsp;&nbsp;&nbsp;ghwrccset
</UL>

<P><STRONG><a name="[b1]"></a>RCC_HSEConfig</STRONG> (Thumb, 70 bytes, Stack size 0 bytes, stm32f10x_rcc.o(i.RCC_HSEConfig))
<BR><BR>[Called By]<UL><LI><a href="#[ac]">&gt;&gt;</a>&nbsp;&nbsp;&nbsp;ghwrccset
</UL>

<P><STRONG><a name="[b0]"></a>RCC_HSICmd</STRONG> (Thumb, 6 bytes, Stack size 0 bytes, stm32f10x_rcc.o(i.RCC_HSICmd))
<BR><BR>[Called By]<UL><LI><a href="#[ac]">&gt;&gt;</a>&nbsp;&nbsp;&nbsp;ghwrccset
</UL>

<P><STRONG><a name="[af]"></a>RCC_LSICmd</STRONG> (Thumb, 6 bytes, Stack size 0 bytes, stm32f10x_rcc.o(i.RCC_LSICmd))
<BR><BR>[Called By]<UL><LI><a href="#[ac]">&gt;&gt;</a>&nbsp;&nbsp;&nbsp;ghwrccset
</UL>

<P><STRONG><a name="[ba]"></a>RCC_PCLK1Config</STRONG> (Thumb, 18 bytes, Stack size 0 bytes, stm32f10x_rcc.o(i.RCC_PCLK1Config))
<BR><BR>[Called By]<UL><LI><a href="#[ac]">&gt;&gt;</a>&nbsp;&nbsp;&nbsp;ghwrccset
</UL>

<P><STRONG><a name="[b9]"></a>RCC_PCLK2Config</STRONG> (Thumb, 20 bytes, Stack size 0 bytes, stm32f10x_rcc.o(i.RCC_PCLK2Config))
<BR><BR>[Called By]<UL><LI><a href="#[ac]">&gt;&gt;</a>&nbsp;&nbsp;&nbsp;ghwrccset
</UL>

<P><STRONG><a name="[b5]"></a>RCC_PLLCmd</STRONG> (Thumb, 6 bytes, Stack size 0 bytes, stm32f10x_rcc.o(i.RCC_PLLCmd))
<BR><BR>[Called By]<UL><LI><a href="#[ac]">&gt;&gt;</a>&nbsp;&nbsp;&nbsp;ghwrccset
</UL>

<P><STRONG><a name="[b6]"></a>RCC_SYSCLKConfig</STRONG> (Thumb, 18 bytes, Stack size 0 bytes, stm32f10x_rcc.o(i.RCC_SYSCLKConfig))
<BR><BR>[Called By]<UL><LI><a href="#[ac]">&gt;&gt;</a>&nbsp;&nbsp;&nbsp;ghwrccset
</UL>

<P><STRONG><a name="[14]"></a>SVC_Handler</STRONG> (Thumb, 2 bytes, Stack size 0 bytes, stm32f10x_it.o(i.SVC_Handler))
<BR>[Address Reference Count : 1]<UL><LI> girq.o(RESET)
</UL>
<P><STRONG><a name="[58]"></a>SYS_APL_EVENT</STRONG> (Thumb, 44 bytes, Stack size 0 bytes, gfreezeusertask.o(i.SYS_APL_EVENT))
<BR>[Address Reference Count : 1]<UL><LI> gevent.o(.data)
</UL>
<P><STRONG><a name="[8d]"></a>SendUsartString</STRONG> (Thumb, 132 bytes, Stack size 24 bytes, gusart.o(i.SendUsartString))
<BR><BR>[Stack]<UL><LI>Max Depth = 44<LI>Call Chain = SendUsartString &rArr; USART_ITConfig
</UL>
<BR>[Calls]<UL><LI><a href="#[8e]">&gt;&gt;</a>&nbsp;&nbsp;&nbsp;GFIFOPush
<LI><a href="#[90]">&gt;&gt;</a>&nbsp;&nbsp;&nbsp;blockdelay_nus
<LI><a href="#[8f]">&gt;&gt;</a>&nbsp;&nbsp;&nbsp;USART_GetFlagStatus
<LI><a href="#[8b]">&gt;&gt;</a>&nbsp;&nbsp;&nbsp;USART_SendData
<LI><a href="#[89]">&gt;&gt;</a>&nbsp;&nbsp;&nbsp;USART_ITConfig
</UL>
<BR>[Called By]<UL><LI><a href="#[88]">&gt;&gt;</a>&nbsp;&nbsp;&nbsp;gSendDisplay
</UL>

<P><STRONG><a name="[93]"></a>SysRun</STRONG> (Thumb, 26 bytes, Stack size 8 bytes, gevent.o(i.SysRun))
<BR><BR>[Stack]<UL><LI>Max Depth = 24<LI>Call Chain = SysRun &rArr; ProcessManagerTask
</UL>
<BR>[Calls]<UL><LI><a href="#[95]">&gt;&gt;</a>&nbsp;&nbsp;&nbsp;gidle
<LI><a href="#[94]">&gt;&gt;</a>&nbsp;&nbsp;&nbsp;ProcessManagerTask
</UL>
<BR>[Called By]<UL><LI><a href="#[64]">&gt;&gt;</a>&nbsp;&nbsp;&nbsp;main
</UL>

<P><STRONG><a name="[bb]"></a>SysTick_CLKSourceConfig</STRONG> (Thumb, 40 bytes, Stack size 0 bytes, misc.o(i.SysTick_CLKSourceConfig))
<BR><BR>[Called By]<UL><LI><a href="#[ac]">&gt;&gt;</a>&nbsp;&nbsp;&nbsp;ghwrccset
</UL>

<P><STRONG><a name="[17]"></a>SysTick_Handler</STRONG> (Thumb, 28 bytes, Stack size 0 bytes, stm32f10x_it.o(i.SysTick_Handler))
<BR>[Address Reference Count : 1]<UL><LI> girq.o(RESET)
</UL>
<P><STRONG><a name="[a]"></a>SystemInit</STRONG> (Thumb, 78 bytes, Stack size 8 bytes, system_stm32f10x.o(i.SystemInit))
<BR><BR>[Stack]<UL><LI>Max Depth = 28<LI>Call Chain = SystemInit &rArr; SetSysClock &rArr; SetSysClockTo72
</UL>
<BR>[Calls]<UL><LI><a href="#[91]">&gt;&gt;</a>&nbsp;&nbsp;&nbsp;SetSysClock
</UL>
<BR>[Address Reference Count : 1]<UL><LI> girq.o(.text)
</UL>
<P><STRONG><a name="[3d]"></a>USART1_IRQHandler</STRONG> (Thumb, 194 bytes, Stack size 8 bytes, gusart.o(i.USART1_IRQHandler))
<BR><BR>[Stack]<UL><LI>Max Depth = 28<LI>Call Chain = USART1_IRQHandler &rArr; USART_ITConfig
</UL>
<BR>[Calls]<UL><LI><a href="#[8e]">&gt;&gt;</a>&nbsp;&nbsp;&nbsp;GFIFOPush
<LI><a href="#[98]">&gt;&gt;</a>&nbsp;&nbsp;&nbsp;GFIFOIsFull
<LI><a href="#[9a]">&gt;&gt;</a>&nbsp;&nbsp;&nbsp;GFIFOIsEmpty
<LI><a href="#[99]">&gt;&gt;</a>&nbsp;&nbsp;&nbsp;USART_ReceiveData
<LI><a href="#[96]">&gt;&gt;</a>&nbsp;&nbsp;&nbsp;USART_GetITStatus
<LI><a href="#[97]">&gt;&gt;</a>&nbsp;&nbsp;&nbsp;USART_ClearITPendingBit
<LI><a href="#[89]">&gt;&gt;</a>&nbsp;&nbsp;&nbsp;USART_ITConfig
</UL>
<BR>[Address Reference Count : 1]<UL><LI> girq.o(RESET)
</UL>
<P><STRONG><a name="[97]"></a>USART_ClearITPendingBit</STRONG> (Thumb, 30 bytes, Stack size 8 bytes, stm32f10x_usart.o(i.USART_ClearITPendingBit))
<BR><BR>[Stack]<UL><LI>Max Depth = 8<LI>Call Chain = USART_ClearITPendingBit
</UL>
<BR>[Called By]<UL><LI><a href="#[3d]">&gt;&gt;</a>&nbsp;&nbsp;&nbsp;USART1_IRQHandler
</UL>

<P><STRONG><a name="[bc]"></a>USART_Cmd</STRONG> (Thumb, 24 bytes, Stack size 0 bytes, stm32f10x_usart.o(i.USART_Cmd))
<BR><BR>[Called By]<UL><LI><a href="#[74]">&gt;&gt;</a>&nbsp;&nbsp;&nbsp;ginitusart
</UL>

<P><STRONG><a name="[8f]"></a>USART_GetFlagStatus</STRONG> (Thumb, 26 bytes, Stack size 0 bytes, stm32f10x_usart.o(i.USART_GetFlagStatus))
<BR><BR>[Called By]<UL><LI><a href="#[8d]">&gt;&gt;</a>&nbsp;&nbsp;&nbsp;SendUsartString
</UL>

<P><STRONG><a name="[96]"></a>USART_GetITStatus</STRONG> (Thumb, 84 bytes, Stack size 16 bytes, stm32f10x_usart.o(i.USART_GetITStatus))
<BR><BR>[Stack]<UL><LI>Max Depth = 16<LI>Call Chain = USART_GetITStatus
</UL>
<BR>[Called By]<UL><LI><a href="#[3d]">&gt;&gt;</a>&nbsp;&nbsp;&nbsp;USART1_IRQHandler
</UL>

<P><STRONG><a name="[89]"></a>USART_ITConfig</STRONG> (Thumb, 74 bytes, Stack size 20 bytes, stm32f10x_usart.o(i.USART_ITConfig))
<BR><BR>[Stack]<UL><LI>Max Depth = 20<LI>Call Chain = USART_ITConfig
</UL>
<BR>[Called By]<UL><LI><a href="#[57]">&gt;&gt;</a>&nbsp;&nbsp;&nbsp;HAL_FAULT_EVENT
<LI><a href="#[74]">&gt;&gt;</a>&nbsp;&nbsp;&nbsp;ginitusart
<LI><a href="#[3d]">&gt;&gt;</a>&nbsp;&nbsp;&nbsp;USART1_IRQHandler
<LI><a href="#[8d]">&gt;&gt;</a>&nbsp;&nbsp;&nbsp;SendUsartString
</UL>

<P><STRONG><a name="[9b]"></a>USART_Init</STRONG> (Thumb, 210 bytes, Stack size 56 bytes, stm32f10x_usart.o(i.USART_Init))
<BR><BR>[Stack]<UL><LI>Max Depth = 68<LI>Call Chain = USART_Init &rArr; RCC_GetClocksFreq
</UL>
<BR>[Calls]<UL><LI><a href="#[9c]">&gt;&gt;</a>&nbsp;&nbsp;&nbsp;RCC_GetClocksFreq
</UL>
<BR>[Called By]<UL><LI><a href="#[74]">&gt;&gt;</a>&nbsp;&nbsp;&nbsp;ginitusart
</UL>

<P><STRONG><a name="[99]"></a>USART_ReceiveData</STRONG> (Thumb, 10 bytes, Stack size 0 bytes, stm32f10x_usart.o(i.USART_ReceiveData))
<BR><BR>[Called By]<UL><LI><a href="#[3d]">&gt;&gt;</a>&nbsp;&nbsp;&nbsp;USART1_IRQHandler
</UL>

<P><STRONG><a name="[8b]"></a>USART_SendData</STRONG> (Thumb, 8 bytes, Stack size 0 bytes, stm32f10x_usart.o(i.USART_SendData))
<BR><BR>[Called By]<UL><LI><a href="#[56]">&gt;&gt;</a>&nbsp;&nbsp;&nbsp;HAL_GSMTX_EVENT
<LI><a href="#[8d]">&gt;&gt;</a>&nbsp;&nbsp;&nbsp;SendUsartString
</UL>

<P><STRONG><a name="[13]"></a>UsageFault_Handler</STRONG> (Thumb, 4 bytes, Stack size 0 bytes, stm32f10x_it.o(i.UsageFault_Handler))
<BR>[Address Reference Count : 1]<UL><LI> girq.o(RESET)
</UL>
<P><STRONG><a name="[69]"></a>_sys_exit</STRONG> (Thumb, 4 bytes, Stack size 0 bytes, retarget.o(i._sys_exit))
<BR><BR>[Called By]<UL><LI><a href="#[68]">&gt;&gt;</a>&nbsp;&nbsp;&nbsp;__rt_exit_exit
</UL>

<P><STRONG><a name="[90]"></a>blockdelay_nus</STRONG> (Thumb, 138 bytes, Stack size 0 bytes, gtimer.o(i.blockdelay_nus))
<BR><BR>[Called By]<UL><LI><a href="#[8d]">&gt;&gt;</a>&nbsp;&nbsp;&nbsp;SendUsartString
</UL>

<P><STRONG><a name="[75]"></a>gInitAnalogADC</STRONG> (Thumb, 292 bytes, Stack size 72 bytes, gadc.o(i.gInitAnalogADC))
<BR><BR>[Stack]<UL><LI>Max Depth = 96<LI>Call Chain = gInitAnalogADC &rArr; GPIO_Init
</UL>
<BR>[Calls]<UL><LI><a href="#[9d]">&gt;&gt;</a>&nbsp;&nbsp;&nbsp;RCC_AHBPeriphClockCmd
<LI><a href="#[9f]">&gt;&gt;</a>&nbsp;&nbsp;&nbsp;DMA_Init
<LI><a href="#[a0]">&gt;&gt;</a>&nbsp;&nbsp;&nbsp;DMA_ITConfig
<LI><a href="#[9e]">&gt;&gt;</a>&nbsp;&nbsp;&nbsp;DMA_DeInit
<LI><a href="#[a1]">&gt;&gt;</a>&nbsp;&nbsp;&nbsp;DMA_Cmd
<LI><a href="#[a7]">&gt;&gt;</a>&nbsp;&nbsp;&nbsp;ADC_StartCalibration
<LI><a href="#[a5]">&gt;&gt;</a>&nbsp;&nbsp;&nbsp;ADC_ResetCalibration
<LI><a href="#[a3]">&gt;&gt;</a>&nbsp;&nbsp;&nbsp;ADC_RegularChannelConfig
<LI><a href="#[a2]">&gt;&gt;</a>&nbsp;&nbsp;&nbsp;ADC_Init
<LI><a href="#[a6]">&gt;&gt;</a>&nbsp;&nbsp;&nbsp;ADC_GetResetCalibrationStatus
<LI><a href="#[a8]">&gt;&gt;</a>&nbsp;&nbsp;&nbsp;ADC_GetCalibrationStatus
<LI><a href="#[70]">&gt;&gt;</a>&nbsp;&nbsp;&nbsp;ADC_DeInit
<LI><a href="#[a4]">&gt;&gt;</a>&nbsp;&nbsp;&nbsp;ADC_DMACmd
<LI><a href="#[83]">&gt;&gt;</a>&nbsp;&nbsp;&nbsp;RCC_APB2PeriphClockCmd
<LI><a href="#[84]">&gt;&gt;</a>&nbsp;&nbsp;&nbsp;GPIO_Init
<LI><a href="#[a9]">&gt;&gt;</a>&nbsp;&nbsp;&nbsp;ADC_SoftwareStartConvCmd
<LI><a href="#[77]">&gt;&gt;</a>&nbsp;&nbsp;&nbsp;ADC_Cmd
</UL>
<BR>[Called By]<UL><LI><a href="#[72]">&gt;&gt;</a>&nbsp;&nbsp;&nbsp;BspInit
</UL>

<P><STRONG><a name="[80]"></a>gIsNodeInList</STRONG> (Thumb, 46 bytes, Stack size 12 bytes, glist.o(i.gIsNodeInList))
<BR><BR>[Stack]<UL><LI>Max Depth = 12<LI>Call Chain = gIsNodeInList
</UL>
<BR>[Calls]<UL><LI><a href="#[aa]">&gt;&gt;</a>&nbsp;&nbsp;&nbsp;gListCount
</UL>
<BR>[Called By]<UL><LI><a href="#[7c]">&gt;&gt;</a>&nbsp;&nbsp;&nbsp;GTimerStop
<LI><a href="#[7f]">&gt;&gt;</a>&nbsp;&nbsp;&nbsp;GTimerStart
</UL>

<P><STRONG><a name="[81]"></a>gListAddLast</STRONG> (Thumb, 32 bytes, Stack size 0 bytes, glist.o(i.gListAddLast))
<BR><BR>[Called By]<UL><LI><a href="#[7f]">&gt;&gt;</a>&nbsp;&nbsp;&nbsp;GTimerStart
</UL>

<P><STRONG><a name="[aa]"></a>gListCount</STRONG> (Thumb, 12 bytes, Stack size 0 bytes, glist.o(i.gListCount))
<BR><BR>[Called By]<UL><LI><a href="#[80]">&gt;&gt;</a>&nbsp;&nbsp;&nbsp;gIsNodeInList
</UL>

<P><STRONG><a name="[8c]"></a>gListInit</STRONG> (Thumb, 20 bytes, Stack size 0 bytes, glist.o(i.gListInit))
<BR><BR>[Called By]<UL><LI><a href="#[86]">&gt;&gt;</a>&nbsp;&nbsp;&nbsp;InitTimerlist
</UL>

<P><STRONG><a name="[82]"></a>gListNodeRemove</STRONG> (Thumb, 42 bytes, Stack size 4 bytes, glist.o(i.gListNodeRemove))
<BR><BR>[Stack]<UL><LI>Max Depth = 4<LI>Call Chain = gListNodeRemove
</UL>
<BR>[Calls]<UL><LI><a href="#[7e]">&gt;&gt;</a>&nbsp;&nbsp;&nbsp;gNodeInit
</UL>
<BR>[Called By]<UL><LI><a href="#[7c]">&gt;&gt;</a>&nbsp;&nbsp;&nbsp;GTimerStop
</UL>

<P><STRONG><a name="[7e]"></a>gNodeInit</STRONG> (Thumb, 16 bytes, Stack size 0 bytes, glist.o(i.gNodeInit))
<BR><BR>[Called By]<UL><LI><a href="#[7d]">&gt;&gt;</a>&nbsp;&nbsp;&nbsp;GTimerNodeInit
<LI><a href="#[82]">&gt;&gt;</a>&nbsp;&nbsp;&nbsp;gListNodeRemove
</UL>

<P><STRONG><a name="[88]"></a>gSendDisplay</STRONG> (Thumb, 220 bytes, Stack size 24 bytes, glcd.o(i.gSendDisplay))
<BR><BR>[Stack]<UL><LI>Max Depth = 68<LI>Call Chain = gSendDisplay &rArr; SendUsartString &rArr; USART_ITConfig
</UL>
<BR>[Calls]<UL><LI><a href="#[8d]">&gt;&gt;</a>&nbsp;&nbsp;&nbsp;SendUsartString
</UL>
<BR>[Called By]<UL><LI><a href="#[85]">&gt;&gt;</a>&nbsp;&nbsp;&nbsp;GosInit
<LI><a href="#[e]">&gt;&gt;</a>&nbsp;&nbsp;&nbsp;glcdisptime
</UL>

<P><STRONG><a name="[ac]"></a>ghwrccset</STRONG> (Thumb, 206 bytes, Stack size 32 bytes, gbsp.o(i.ghwrccset))
<BR><BR>[Stack]<UL><LI>Max Depth = 44<LI>Call Chain = ghwrccset &rArr; RCC_GetClocksFreq
</UL>
<BR>[Calls]<UL><LI><a href="#[bb]">&gt;&gt;</a>&nbsp;&nbsp;&nbsp;SysTick_CLKSourceConfig
<LI><a href="#[b6]">&gt;&gt;</a>&nbsp;&nbsp;&nbsp;RCC_SYSCLKConfig
<LI><a href="#[b5]">&gt;&gt;</a>&nbsp;&nbsp;&nbsp;RCC_PLLCmd
<LI><a href="#[b9]">&gt;&gt;</a>&nbsp;&nbsp;&nbsp;RCC_PCLK2Config
<LI><a href="#[ba]">&gt;&gt;</a>&nbsp;&nbsp;&nbsp;RCC_PCLK1Config
<LI><a href="#[af]">&gt;&gt;</a>&nbsp;&nbsp;&nbsp;RCC_LSICmd
<LI><a href="#[b0]">&gt;&gt;</a>&nbsp;&nbsp;&nbsp;RCC_HSICmd
<LI><a href="#[b1]">&gt;&gt;</a>&nbsp;&nbsp;&nbsp;RCC_HSEConfig
<LI><a href="#[b8]">&gt;&gt;</a>&nbsp;&nbsp;&nbsp;RCC_HCLKConfig
<LI><a href="#[b7]">&gt;&gt;</a>&nbsp;&nbsp;&nbsp;RCC_GetSYSCLKSource
<LI><a href="#[b2]">&gt;&gt;</a>&nbsp;&nbsp;&nbsp;RCC_GetFlagStatus
<LI><a href="#[9c]">&gt;&gt;</a>&nbsp;&nbsp;&nbsp;RCC_GetClocksFreq
<LI><a href="#[ae]">&gt;&gt;</a>&nbsp;&nbsp;&nbsp;RCC_DeInit
<LI><a href="#[b4]">&gt;&gt;</a>&nbsp;&nbsp;&nbsp;FLASH_SetLatency
<LI><a href="#[b3]">&gt;&gt;</a>&nbsp;&nbsp;&nbsp;FLASH_PrefetchBufferCmd
</UL>
<BR>[Called By]<UL><LI><a href="#[6f]">&gt;&gt;</a>&nbsp;&nbsp;&nbsp;ghwcoreinit
</UL>

<P><STRONG><a name="[74]"></a>ginitusart</STRONG> (Thumb, 104 bytes, Stack size 24 bytes, gusart.o(i.ginitusart))
<BR><BR>[Stack]<UL><LI>Max Depth = 92<LI>Call Chain = ginitusart &rArr; USART_Init &rArr; RCC_GetClocksFreq
</UL>
<BR>[Calls]<UL><LI><a href="#[9b]">&gt;&gt;</a>&nbsp;&nbsp;&nbsp;USART_Init
<LI><a href="#[bc]">&gt;&gt;</a>&nbsp;&nbsp;&nbsp;USART_Cmd
<LI><a href="#[83]">&gt;&gt;</a>&nbsp;&nbsp;&nbsp;RCC_APB2PeriphClockCmd
<LI><a href="#[84]">&gt;&gt;</a>&nbsp;&nbsp;&nbsp;GPIO_Init
<LI><a href="#[89]">&gt;&gt;</a>&nbsp;&nbsp;&nbsp;USART_ITConfig
</UL>
<BR>[Called By]<UL><LI><a href="#[72]">&gt;&gt;</a>&nbsp;&nbsp;&nbsp;BspInit
</UL>

<P><STRONG><a name="[ad]"></a>gnvicset</STRONG> (Thumb, 78 bytes, Stack size 8 bytes, gbsp.o(i.gnvicset))
<BR><BR>[Stack]<UL><LI>Max Depth = 24<LI>Call Chain = gnvicset &rArr; NVIC_Init
</UL>
<BR>[Calls]<UL><LI><a href="#[bd]">&gt;&gt;</a>&nbsp;&nbsp;&nbsp;NVIC_SetVectorTable
<LI><a href="#[be]">&gt;&gt;</a>&nbsp;&nbsp;&nbsp;NVIC_PriorityGroupConfig
<LI><a href="#[bf]">&gt;&gt;</a>&nbsp;&nbsp;&nbsp;NVIC_Init
</UL>
<BR>[Called By]<UL><LI><a href="#[6f]">&gt;&gt;</a>&nbsp;&nbsp;&nbsp;ghwcoreinit
</UL>

<P><STRONG><a name="[64]"></a>main</STRONG> (Thumb, 16 bytes, Stack size 0 bytes, gmain.o(i.main))
<BR><BR>[Stack]<UL><LI>Max Depth = 104<LI>Call Chain = main &rArr; BspInit &rArr; gInitAnalogADC &rArr; GPIO_Init
</UL>
<BR>[Calls]<UL><LI><a href="#[85]">&gt;&gt;</a>&nbsp;&nbsp;&nbsp;GosInit
<LI><a href="#[72]">&gt;&gt;</a>&nbsp;&nbsp;&nbsp;BspInit
<LI><a href="#[93]">&gt;&gt;</a>&nbsp;&nbsp;&nbsp;SysRun
</UL>
<BR>[Called By]<UL><LI><a href="#[63]">&gt;&gt;</a>&nbsp;&nbsp;&nbsp;__rt_entry_main
</UL>
<P>
<H3>
Local Symbols
</H3>
<P><STRONG><a name="[7a]"></a>gentercritical</STRONG> (Thumb, 12 bytes, Stack size 0 bytes, gtimer.o(i.gentercritical))
<BR><BR>[Called By]<UL><LI><a href="#[7d]">&gt;&gt;</a>&nbsp;&nbsp;&nbsp;GTimerNodeInit
<LI><a href="#[79]">&gt;&gt;</a>&nbsp;&nbsp;&nbsp;GTimerLoop
</UL>

<P><STRONG><a name="[7b]"></a>gleavecritical</STRONG> (Thumb, 10 bytes, Stack size 0 bytes, gtimer.o(i.gleavecritical))
<BR><BR>[Called By]<UL><LI><a href="#[7d]">&gt;&gt;</a>&nbsp;&nbsp;&nbsp;GTimerNodeInit
<LI><a href="#[79]">&gt;&gt;</a>&nbsp;&nbsp;&nbsp;GTimerLoop
</UL>

<P><STRONG><a name="[94]"></a>ProcessManagerTask</STRONG> (Thumb, 86 bytes, Stack size 16 bytes, gevent.o(i.ProcessManagerTask))
<BR><BR>[Stack]<UL><LI>Max Depth = 16<LI>Call Chain = ProcessManagerTask
</UL>
<BR>[Called By]<UL><LI><a href="#[93]">&gt;&gt;</a>&nbsp;&nbsp;&nbsp;SysRun
</UL>

<P><STRONG><a name="[95]"></a>gidle</STRONG> (Thumb, 2 bytes, Stack size 0 bytes, gevent.o(i.gidle))
<BR><BR>[Called By]<UL><LI><a href="#[93]">&gt;&gt;</a>&nbsp;&nbsp;&nbsp;SysRun
</UL>

<P><STRONG><a name="[9]"></a>gboot</STRONG> (Thumb, 46 bytes, Stack size 8 bytes, gboot.o(STARTUPFUNC))
<BR><BR>[Stack]<UL><LI>Max Depth = 60 + Unknown Stack Size
<LI>Call Chain = gboot &rArr; ghwcoreinit &rArr; ghwrccset &rArr; RCC_GetClocksFreq
</UL>
<BR>[Calls]<UL><LI><a href="#[6e]">&gt;&gt;</a>&nbsp;&nbsp;&nbsp;gmemset
<LI><a href="#[6d]">&gt;&gt;</a>&nbsp;&nbsp;&nbsp;gmemcpy
<LI><a href="#[6f]">&gt;&gt;</a>&nbsp;&nbsp;&nbsp;ghwcoreinit
<LI><a href="#[5a]">&gt;&gt;</a>&nbsp;&nbsp;&nbsp;__main
</UL>
<BR>[Address Reference Count : 1]<UL><LI> gboot.o(STARTVARA)
</UL>
<P><STRONG><a name="[6f]"></a>ghwcoreinit</STRONG> (Thumb, 12 bytes, Stack size 8 bytes, gboot.o(i.ghwcoreinit))
<BR><BR>[Stack]<UL><LI>Max Depth = 52<LI>Call Chain = ghwcoreinit &rArr; ghwrccset &rArr; RCC_GetClocksFreq
</UL>
<BR>[Calls]<UL><LI><a href="#[ad]">&gt;&gt;</a>&nbsp;&nbsp;&nbsp;gnvicset
<LI><a href="#[ac]">&gt;&gt;</a>&nbsp;&nbsp;&nbsp;ghwrccset
</UL>
<BR>[Called By]<UL><LI><a href="#[9]">&gt;&gt;</a>&nbsp;&nbsp;&nbsp;gboot
</UL>

<P><STRONG><a name="[91]"></a>SetSysClock</STRONG> (Thumb, 8 bytes, Stack size 8 bytes, system_stm32f10x.o(i.SetSysClock))
<BR><BR>[Stack]<UL><LI>Max Depth = 20<LI>Call Chain = SetSysClock &rArr; SetSysClockTo72
</UL>
<BR>[Calls]<UL><LI><a href="#[92]">&gt;&gt;</a>&nbsp;&nbsp;&nbsp;SetSysClockTo72
</UL>
<BR>[Called By]<UL><LI><a href="#[a]">&gt;&gt;</a>&nbsp;&nbsp;&nbsp;SystemInit
</UL>

<P><STRONG><a name="[92]"></a>SetSysClockTo72</STRONG> (Thumb, 214 bytes, Stack size 12 bytes, system_stm32f10x.o(i.SetSysClockTo72))
<BR><BR>[Stack]<UL><LI>Max Depth = 12<LI>Call Chain = SetSysClockTo72
</UL>
<BR>[Called By]<UL><LI><a href="#[91]">&gt;&gt;</a>&nbsp;&nbsp;&nbsp;SetSysClock
</UL>

<P><STRONG><a name="[d]"></a>gfswitchdetect</STRONG> (Thumb, 136 bytes, Stack size 8 bytes, gfreezeusertask.o(i.gfswitchdetect))
<BR><BR>[Stack]<UL><LI>Max Depth = 28<LI>Call Chain = gfswitchdetect &rArr; GTimerStop &rArr; gIsNodeInList
</UL>
<BR>[Calls]<UL><LI><a href="#[7c]">&gt;&gt;</a>&nbsp;&nbsp;&nbsp;GTimerStop
<LI><a href="#[7f]">&gt;&gt;</a>&nbsp;&nbsp;&nbsp;GTimerStart
<LI><a href="#[ab]">&gt;&gt;</a>&nbsp;&nbsp;&nbsp;GPIO_ReadInputDataBit
</UL>
<BR>[Address Reference Count : 1]<UL><LI> gfreezeusertask.o(i.GosInit)
</UL>
<P><STRONG><a name="[e]"></a>glcdisptime</STRONG> (Thumb, 26 bytes, Stack size 8 bytes, gfreezeusertask.o(i.glcdisptime))
<BR><BR>[Stack]<UL><LI>Max Depth = 76<LI>Call Chain = glcdisptime &rArr; gSendDisplay &rArr; SendUsartString &rArr; USART_ITConfig
</UL>
<BR>[Calls]<UL><LI><a href="#[88]">&gt;&gt;</a>&nbsp;&nbsp;&nbsp;gSendDisplay
</UL>
<BR>[Address Reference Count : 1]<UL><LI> gfreezeusertask.o(i.GosInit)
</UL>
<P><STRONG><a name="[c]"></a>gsledtoggle</STRONG> (Thumb, 34 bytes, Stack size 16 bytes, gfreezeusertask.o(i.gsledtoggle))
<BR><BR>[Stack]<UL><LI>Max Depth = 16<LI>Call Chain = gsledtoggle
</UL>
<BR>[Calls]<UL><LI><a href="#[c1]">&gt;&gt;</a>&nbsp;&nbsp;&nbsp;GPIO_WriteBit
<LI><a href="#[c0]">&gt;&gt;</a>&nbsp;&nbsp;&nbsp;GPIO_ReadOutputDataBit
</UL>
<BR>[Address Reference Count : 1]<UL><LI> gfreezeusertask.o(i.GosInit)
</UL>
<P><STRONG><a name="[73]"></a>GenericGpioInit</STRONG> (Thumb, 108 bytes, Stack size 8 bytes, gbsp.o(i.GenericGpioInit))
<BR><BR>[Stack]<UL><LI>Max Depth = 32<LI>Call Chain = GenericGpioInit &rArr; GPIO_Init
</UL>
<BR>[Calls]<UL><LI><a href="#[83]">&gt;&gt;</a>&nbsp;&nbsp;&nbsp;RCC_APB2PeriphClockCmd
<LI><a href="#[84]">&gt;&gt;</a>&nbsp;&nbsp;&nbsp;GPIO_Init
</UL>
<BR>[Called By]<UL><LI><a href="#[72]">&gt;&gt;</a>&nbsp;&nbsp;&nbsp;BspInit
</UL>
<P>
<H3>
Undefined Global Symbols
</H3><HR></body></html>
